[INFO] Scanning for projects...
[WARNING] 
[WARNING] Some problems were encountered while building the effective model for org.matsim:matsim-example-project:jar:0.0.1-SNAPSHOT
[WARNING] 'dependencies.dependency.systemPath' for org.matsim:pt2matsim:jar should not point at files within the project directory, ${project.basedir}/pt2matsim/work/pt2matsim-25.8-shaded.jar will be unresolvable by dependent projects @ line 188, column 16
[WARNING] The expression ${parent.version} is deprecated. Please use ${project.parent.version} instead.
[WARNING] 
[WARNING] It is highly recommended to fix these problems because they threaten the stability of your build.
[WARNING] 
[WARNING] For this reason, future Maven versions might no longer support building such malformed projects.
[WARNING] 
[INFO] 
[INFO] -----------------< org.matsim:matsim-example-project >------------------
[INFO] Building MATSim example project 0.0.1-SNAPSHOT
[INFO]   from pom.xml
[INFO] --------------------------------[ jar ]---------------------------------
Downloading from unidata-all: https://artifacts.unidata.ucar.edu/repository/unidata-all/org/eclipse/emf/org.eclipse.emf.common/maven-metadata.xml
[WARNING] Could not transfer metadata org.eclipse.emf:org.eclipse.emf.common/maven-metadata.xml from/to unidata-all (https://artifacts.unidata.ucar.edu/repository/unidata-all/): status code: 403, reason phrase: Forbidden (403)
Downloading from unidata-all: https://artifacts.unidata.ucar.edu/repository/unidata-all/org/eclipse/emf/org.eclipse.emf.ecore/maven-metadata.xml
[WARNING] Could not transfer metadata org.eclipse.emf:org.eclipse.emf.ecore/maven-metadata.xml from/to unidata-all (https://artifacts.unidata.ucar.edu/repository/unidata-all/): status code: 403, reason phrase: Forbidden (403)
[WARNING] org.eclipse.emf:org.eclipse.emf.common/maven-metadata.xml failed to transfer from https://artifacts.unidata.ucar.edu/repository/unidata-all/ during a previous attempt. This failure was cached in the local repository and resolution will not be reattempted until the update interval of unidata-all has elapsed or updates are forced. Original error: Could not transfer metadata org.eclipse.emf:org.eclipse.emf.common/maven-metadata.xml from/to unidata-all (https://artifacts.unidata.ucar.edu/repository/unidata-all/): status code: 403, reason phrase: Forbidden (403)
[WARNING] org.eclipse.emf:org.eclipse.emf.common/maven-metadata.xml failed to transfer from https://artifacts.unidata.ucar.edu/repository/unidata-all/ during a previous attempt. This failure was cached in the local repository and resolution will not be reattempted until the update interval of unidata-all has elapsed or updates are forced. Original error: Could not transfer metadata org.eclipse.emf:org.eclipse.emf.common/maven-metadata.xml from/to unidata-all (https://artifacts.unidata.ucar.edu/repository/unidata-all/): status code: 403, reason phrase: Forbidden (403)
[WARNING] org.eclipse.emf:org.eclipse.emf.common/maven-metadata.xml failed to transfer from https://artifacts.unidata.ucar.edu/repository/unidata-all/ during a previous attempt. This failure was cached in the local repository and resolution will not be reattempted until the update interval of unidata-all has elapsed or updates are forced. Original error: Could not transfer metadata org.eclipse.emf:org.eclipse.emf.common/maven-metadata.xml from/to unidata-all (https://artifacts.unidata.ucar.edu/repository/unidata-all/): status code: 403, reason phrase: Forbidden (403)
[WARNING] org.eclipse.emf:org.eclipse.emf.common/maven-metadata.xml failed to transfer from https://artifacts.unidata.ucar.edu/repository/unidata-all/ during a previous attempt. This failure was cached in the local repository and resolution will not be reattempted until the update interval of unidata-all has elapsed or updates are forced. Original error: Could not transfer metadata org.eclipse.emf:org.eclipse.emf.common/maven-metadata.xml from/to unidata-all (https://artifacts.unidata.ucar.edu/repository/unidata-all/): status code: 403, reason phrase: Forbidden (403)
[WARNING] org.eclipse.emf:org.eclipse.emf.common/maven-metadata.xml failed to transfer from https://artifacts.unidata.ucar.edu/repository/unidata-all/ during a previous attempt. This failure was cached in the local repository and resolution will not be reattempted until the update interval of unidata-all has elapsed or updates are forced. Original error: Could not transfer metadata org.eclipse.emf:org.eclipse.emf.common/maven-metadata.xml from/to unidata-all (https://artifacts.unidata.ucar.edu/repository/unidata-all/): status code: 403, reason phrase: Forbidden (403)
[WARNING] org.eclipse.emf:org.eclipse.emf.common/maven-metadata.xml failed to transfer from https://artifacts.unidata.ucar.edu/repository/unidata-all/ during a previous attempt. This failure was cached in the local repository and resolution will not be reattempted until the update interval of unidata-all has elapsed or updates are forced. Original error: Could not transfer metadata org.eclipse.emf:org.eclipse.emf.common/maven-metadata.xml from/to unidata-all (https://artifacts.unidata.ucar.edu/repository/unidata-all/): status code: 403, reason phrase: Forbidden (403)
[WARNING] org.eclipse.emf:org.eclipse.emf.common/maven-metadata.xml failed to transfer from https://artifacts.unidata.ucar.edu/repository/unidata-all/ during a previous attempt. This failure was cached in the local repository and resolution will not be reattempted until the update interval of unidata-all has elapsed or updates are forced. Original error: Could not transfer metadata org.eclipse.emf:org.eclipse.emf.common/maven-metadata.xml from/to unidata-all (https://artifacts.unidata.ucar.edu/repository/unidata-all/): status code: 403, reason phrase: Forbidden (403)
[WARNING] org.eclipse.emf:org.eclipse.emf.common/maven-metadata.xml failed to transfer from https://artifacts.unidata.ucar.edu/repository/unidata-all/ during a previous attempt. This failure was cached in the local repository and resolution will not be reattempted until the update interval of unidata-all has elapsed or updates are forced. Original error: Could not transfer metadata org.eclipse.emf:org.eclipse.emf.common/maven-metadata.xml from/to unidata-all (https://artifacts.unidata.ucar.edu/repository/unidata-all/): status code: 403, reason phrase: Forbidden (403)
[WARNING] org.eclipse.emf:org.eclipse.emf.common/maven-metadata.xml failed to transfer from https://artifacts.unidata.ucar.edu/repository/unidata-all/ during a previous attempt. This failure was cached in the local repository and resolution will not be reattempted until the update interval of unidata-all has elapsed or updates are forced. Original error: Could not transfer metadata org.eclipse.emf:org.eclipse.emf.common/maven-metadata.xml from/to unidata-all (https://artifacts.unidata.ucar.edu/repository/unidata-all/): status code: 403, reason phrase: Forbidden (403)
[WARNING] org.eclipse.emf:org.eclipse.emf.common/maven-metadata.xml failed to transfer from https://artifacts.unidata.ucar.edu/repository/unidata-all/ during a previous attempt. This failure was cached in the local repository and resolution will not be reattempted until the update interval of unidata-all has elapsed or updates are forced. Original error: Could not transfer metadata org.eclipse.emf:org.eclipse.emf.common/maven-metadata.xml from/to unidata-all (https://artifacts.unidata.ucar.edu/repository/unidata-all/): status code: 403, reason phrase: Forbidden (403)
[WARNING] org.eclipse.emf:org.eclipse.emf.common/maven-metadata.xml failed to transfer from https://artifacts.unidata.ucar.edu/repository/unidata-all/ during a previous attempt. This failure was cached in the local repository and resolution will not be reattempted until the update interval of unidata-all has elapsed or updates are forced. Original error: Could not transfer metadata org.eclipse.emf:org.eclipse.emf.common/maven-metadata.xml from/to unidata-all (https://artifacts.unidata.ucar.edu/repository/unidata-all/): status code: 403, reason phrase: Forbidden (403)
[WARNING] org.eclipse.emf:org.eclipse.emf.common/maven-metadata.xml failed to transfer from https://artifacts.unidata.ucar.edu/repository/unidata-all/ during a previous attempt. This failure was cached in the local repository and resolution will not be reattempted until the update interval of unidata-all has elapsed or updates are forced. Original error: Could not transfer metadata org.eclipse.emf:org.eclipse.emf.common/maven-metadata.xml from/to unidata-all (https://artifacts.unidata.ucar.edu/repository/unidata-all/): status code: 403, reason phrase: Forbidden (403)
[WARNING] org.eclipse.emf:org.eclipse.emf.common/maven-metadata.xml failed to transfer from https://artifacts.unidata.ucar.edu/repository/unidata-all/ during a previous attempt. This failure was cached in the local repository and resolution will not be reattempted until the update interval of unidata-all has elapsed or updates are forced. Original error: Could not transfer metadata org.eclipse.emf:org.eclipse.emf.common/maven-metadata.xml from/to unidata-all (https://artifacts.unidata.ucar.edu/repository/unidata-all/): status code: 403, reason phrase: Forbidden (403)
[WARNING] org.eclipse.emf:org.eclipse.emf.common/maven-metadata.xml failed to transfer from https://artifacts.unidata.ucar.edu/repository/unidata-all/ during a previous attempt. This failure was cached in the local repository and resolution will not be reattempted until the update interval of unidata-all has elapsed or updates are forced. Original error: Could not transfer metadata org.eclipse.emf:org.eclipse.emf.common/maven-metadata.xml from/to unidata-all (https://artifacts.unidata.ucar.edu/repository/unidata-all/): status code: 403, reason phrase: Forbidden (403)
[WARNING] org.eclipse.emf:org.eclipse.emf.common/maven-metadata.xml failed to transfer from https://artifacts.unidata.ucar.edu/repository/unidata-all/ during a previous attempt. This failure was cached in the local repository and resolution will not be reattempted until the update interval of unidata-all has elapsed or updates are forced. Original error: Could not transfer metadata org.eclipse.emf:org.eclipse.emf.common/maven-metadata.xml from/to unidata-all (https://artifacts.unidata.ucar.edu/repository/unidata-all/): status code: 403, reason phrase: Forbidden (403)
[WARNING] org.eclipse.emf:org.eclipse.emf.common/maven-metadata.xml failed to transfer from https://artifacts.unidata.ucar.edu/repository/unidata-all/ during a previous attempt. This failure was cached in the local repository and resolution will not be reattempted until the update interval of unidata-all has elapsed or updates are forced. Original error: Could not transfer metadata org.eclipse.emf:org.eclipse.emf.common/maven-metadata.xml from/to unidata-all (https://artifacts.unidata.ucar.edu/repository/unidata-all/): status code: 403, reason phrase: Forbidden (403)
[WARNING] org.eclipse.emf:org.eclipse.emf.common/maven-metadata.xml failed to transfer from https://artifacts.unidata.ucar.edu/repository/unidata-all/ during a previous attempt. This failure was cached in the local repository and resolution will not be reattempted until the update interval of unidata-all has elapsed or updates are forced. Original error: Could not transfer metadata org.eclipse.emf:org.eclipse.emf.common/maven-metadata.xml from/to unidata-all (https://artifacts.unidata.ucar.edu/repository/unidata-all/): status code: 403, reason phrase: Forbidden (403)
[WARNING] org.eclipse.emf:org.eclipse.emf.ecore/maven-metadata.xml failed to transfer from https://artifacts.unidata.ucar.edu/repository/unidata-all/ during a previous attempt. This failure was cached in the local repository and resolution will not be reattempted until the update interval of unidata-all has elapsed or updates are forced. Original error: Could not transfer metadata org.eclipse.emf:org.eclipse.emf.ecore/maven-metadata.xml from/to unidata-all (https://artifacts.unidata.ucar.edu/repository/unidata-all/): status code: 403, reason phrase: Forbidden (403)
[WARNING] org.eclipse.emf:org.eclipse.emf.common/maven-metadata.xml failed to transfer from https://artifacts.unidata.ucar.edu/repository/unidata-all/ during a previous attempt. This failure was cached in the local repository and resolution will not be reattempted until the update interval of unidata-all has elapsed or updates are forced. Original error: Could not transfer metadata org.eclipse.emf:org.eclipse.emf.common/maven-metadata.xml from/to unidata-all (https://artifacts.unidata.ucar.edu/repository/unidata-all/): status code: 403, reason phrase: Forbidden (403)
[WARNING] org.eclipse.emf:org.eclipse.emf.common/maven-metadata.xml failed to transfer from https://artifacts.unidata.ucar.edu/repository/unidata-all/ during a previous attempt. This failure was cached in the local repository and resolution will not be reattempted until the update interval of unidata-all has elapsed or updates are forced. Original error: Could not transfer metadata org.eclipse.emf:org.eclipse.emf.common/maven-metadata.xml from/to unidata-all (https://artifacts.unidata.ucar.edu/repository/unidata-all/): status code: 403, reason phrase: Forbidden (403)
[WARNING] org.eclipse.emf:org.eclipse.emf.common/maven-metadata.xml failed to transfer from https://artifacts.unidata.ucar.edu/repository/unidata-all/ during a previous attempt. This failure was cached in the local repository and resolution will not be reattempted until the update interval of unidata-all has elapsed or updates are forced. Original error: Could not transfer metadata org.eclipse.emf:org.eclipse.emf.common/maven-metadata.xml from/to unidata-all (https://artifacts.unidata.ucar.edu/repository/unidata-all/): status code: 403, reason phrase: Forbidden (403)
[WARNING] org.eclipse.emf:org.eclipse.emf.common/maven-metadata.xml failed to transfer from https://artifacts.unidata.ucar.edu/repository/unidata-all/ during a previous attempt. This failure was cached in the local repository and resolution will not be reattempted until the update interval of unidata-all has elapsed or updates are forced. Original error: Could not transfer metadata org.eclipse.emf:org.eclipse.emf.common/maven-metadata.xml from/to unidata-all (https://artifacts.unidata.ucar.edu/repository/unidata-all/): status code: 403, reason phrase: Forbidden (403)
[WARNING] org.eclipse.emf:org.eclipse.emf.common/maven-metadata.xml failed to transfer from https://artifacts.unidata.ucar.edu/repository/unidata-all/ during a previous attempt. This failure was cached in the local repository and resolution will not be reattempted until the update interval of unidata-all has elapsed or updates are forced. Original error: Could not transfer metadata org.eclipse.emf:org.eclipse.emf.common/maven-metadata.xml from/to unidata-all (https://artifacts.unidata.ucar.edu/repository/unidata-all/): status code: 403, reason phrase: Forbidden (403)
[WARNING] org.eclipse.emf:org.eclipse.emf.common/maven-metadata.xml failed to transfer from https://artifacts.unidata.ucar.edu/repository/unidata-all/ during a previous attempt. This failure was cached in the local repository and resolution will not be reattempted until the update interval of unidata-all has elapsed or updates are forced. Original error: Could not transfer metadata org.eclipse.emf:org.eclipse.emf.common/maven-metadata.xml from/to unidata-all (https://artifacts.unidata.ucar.edu/repository/unidata-all/): status code: 403, reason phrase: Forbidden (403)
[WARNING] org.eclipse.emf:org.eclipse.emf.common/maven-metadata.xml failed to transfer from https://artifacts.unidata.ucar.edu/repository/unidata-all/ during a previous attempt. This failure was cached in the local repository and resolution will not be reattempted until the update interval of unidata-all has elapsed or updates are forced. Original error: Could not transfer metadata org.eclipse.emf:org.eclipse.emf.common/maven-metadata.xml from/to unidata-all (https://artifacts.unidata.ucar.edu/repository/unidata-all/): status code: 403, reason phrase: Forbidden (403)
[WARNING] org.eclipse.emf:org.eclipse.emf.common/maven-metadata.xml failed to transfer from https://artifacts.unidata.ucar.edu/repository/unidata-all/ during a previous attempt. This failure was cached in the local repository and resolution will not be reattempted until the update interval of unidata-all has elapsed or updates are forced. Original error: Could not transfer metadata org.eclipse.emf:org.eclipse.emf.common/maven-metadata.xml from/to unidata-all (https://artifacts.unidata.ucar.edu/repository/unidata-all/): status code: 403, reason phrase: Forbidden (403)
[WARNING] org.eclipse.emf:org.eclipse.emf.common/maven-metadata.xml failed to transfer from https://artifacts.unidata.ucar.edu/repository/unidata-all/ during a previous attempt. This failure was cached in the local repository and resolution will not be reattempted until the update interval of unidata-all has elapsed or updates are forced. Original error: Could not transfer metadata org.eclipse.emf:org.eclipse.emf.common/maven-metadata.xml from/to unidata-all (https://artifacts.unidata.ucar.edu/repository/unidata-all/): status code: 403, reason phrase: Forbidden (403)
[WARNING] org.eclipse.emf:org.eclipse.emf.common/maven-metadata.xml failed to transfer from https://artifacts.unidata.ucar.edu/repository/unidata-all/ during a previous attempt. This failure was cached in the local repository and resolution will not be reattempted until the update interval of unidata-all has elapsed or updates are forced. Original error: Could not transfer metadata org.eclipse.emf:org.eclipse.emf.common/maven-metadata.xml from/to unidata-all (https://artifacts.unidata.ucar.edu/repository/unidata-all/): status code: 403, reason phrase: Forbidden (403)
[WARNING] org.eclipse.emf:org.eclipse.emf.common/maven-metadata.xml failed to transfer from https://artifacts.unidata.ucar.edu/repository/unidata-all/ during a previous attempt. This failure was cached in the local repository and resolution will not be reattempted until the update interval of unidata-all has elapsed or updates are forced. Original error: Could not transfer metadata org.eclipse.emf:org.eclipse.emf.common/maven-metadata.xml from/to unidata-all (https://artifacts.unidata.ucar.edu/repository/unidata-all/): status code: 403, reason phrase: Forbidden (403)
[WARNING] org.eclipse.emf:org.eclipse.emf.common/maven-metadata.xml failed to transfer from https://artifacts.unidata.ucar.edu/repository/unidata-all/ during a previous attempt. This failure was cached in the local repository and resolution will not be reattempted until the update interval of unidata-all has elapsed or updates are forced. Original error: Could not transfer metadata org.eclipse.emf:org.eclipse.emf.common/maven-metadata.xml from/to unidata-all (https://artifacts.unidata.ucar.edu/repository/unidata-all/): status code: 403, reason phrase: Forbidden (403)
[WARNING] org.eclipse.emf:org.eclipse.emf.common/maven-metadata.xml failed to transfer from https://artifacts.unidata.ucar.edu/repository/unidata-all/ during a previous attempt. This failure was cached in the local repository and resolution will not be reattempted until the update interval of unidata-all has elapsed or updates are forced. Original error: Could not transfer metadata org.eclipse.emf:org.eclipse.emf.common/maven-metadata.xml from/to unidata-all (https://artifacts.unidata.ucar.edu/repository/unidata-all/): status code: 403, reason phrase: Forbidden (403)
[WARNING] org.eclipse.emf:org.eclipse.emf.common/maven-metadata.xml failed to transfer from https://artifacts.unidata.ucar.edu/repository/unidata-all/ during a previous attempt. This failure was cached in the local repository and resolution will not be reattempted until the update interval of unidata-all has elapsed or updates are forced. Original error: Could not transfer metadata org.eclipse.emf:org.eclipse.emf.common/maven-metadata.xml from/to unidata-all (https://artifacts.unidata.ucar.edu/repository/unidata-all/): status code: 403, reason phrase: Forbidden (403)
[WARNING] org.eclipse.emf:org.eclipse.emf.common/maven-metadata.xml failed to transfer from https://artifacts.unidata.ucar.edu/repository/unidata-all/ during a previous attempt. This failure was cached in the local repository and resolution will not be reattempted until the update interval of unidata-all has elapsed or updates are forced. Original error: Could not transfer metadata org.eclipse.emf:org.eclipse.emf.common/maven-metadata.xml from/to unidata-all (https://artifacts.unidata.ucar.edu/repository/unidata-all/): status code: 403, reason phrase: Forbidden (403)
[WARNING] org.eclipse.emf:org.eclipse.emf.common/maven-metadata.xml failed to transfer from https://artifacts.unidata.ucar.edu/repository/unidata-all/ during a previous attempt. This failure was cached in the local repository and resolution will not be reattempted until the update interval of unidata-all has elapsed or updates are forced. Original error: Could not transfer metadata org.eclipse.emf:org.eclipse.emf.common/maven-metadata.xml from/to unidata-all (https://artifacts.unidata.ucar.edu/repository/unidata-all/): status code: 403, reason phrase: Forbidden (403)
[INFO] 
[INFO] --- clean:3.2.0:clean (default-clean) @ matsim-example-project ---
[INFO] Deleting /Users/ro9air/matsim-example-project/target
[INFO] 
[INFO] --- enforcer:3.6.2:enforce (enforce) @ matsim-example-project ---
[WARNING] org.eclipse.emf:org.eclipse.emf.common/maven-metadata.xml failed to transfer from https://artifacts.unidata.ucar.edu/repository/unidata-all/ during a previous attempt. This failure was cached in the local repository and resolution will not be reattempted until the update interval of unidata-all has elapsed or updates are forced. Original error: Could not transfer metadata org.eclipse.emf:org.eclipse.emf.common/maven-metadata.xml from/to unidata-all (https://artifacts.unidata.ucar.edu/repository/unidata-all/): status code: 403, reason phrase: Forbidden (403)
[WARNING] org.eclipse.emf:org.eclipse.emf.ecore/maven-metadata.xml failed to transfer from https://artifacts.unidata.ucar.edu/repository/unidata-all/ during a previous attempt. This failure was cached in the local repository and resolution will not be reattempted until the update interval of unidata-all has elapsed or updates are forced. Original error: Could not transfer metadata org.eclipse.emf:org.eclipse.emf.ecore/maven-metadata.xml from/to unidata-all (https://artifacts.unidata.ucar.edu/repository/unidata-all/): status code: 403, reason phrase: Forbidden (403)
[WARNING] org.eclipse.emf:org.eclipse.emf.common/maven-metadata.xml failed to transfer from https://artifacts.unidata.ucar.edu/repository/unidata-all/ during a previous attempt. This failure was cached in the local repository and resolution will not be reattempted until the update interval of unidata-all has elapsed or updates are forced. Original error: Could not transfer metadata org.eclipse.emf:org.eclipse.emf.common/maven-metadata.xml from/to unidata-all (https://artifacts.unidata.ucar.edu/repository/unidata-all/): status code: 403, reason phrase: Forbidden (403)
[WARNING] org.eclipse.emf:org.eclipse.emf.common/maven-metadata.xml failed to transfer from https://artifacts.unidata.ucar.edu/repository/unidata-all/ during a previous attempt. This failure was cached in the local repository and resolution will not be reattempted until the update interval of unidata-all has elapsed or updates are forced. Original error: Could not transfer metadata org.eclipse.emf:org.eclipse.emf.common/maven-metadata.xml from/to unidata-all (https://artifacts.unidata.ucar.edu/repository/unidata-all/): status code: 403, reason phrase: Forbidden (403)
[WARNING] org.eclipse.emf:org.eclipse.emf.common/maven-metadata.xml failed to transfer from https://artifacts.unidata.ucar.edu/repository/unidata-all/ during a previous attempt. This failure was cached in the local repository and resolution will not be reattempted until the update interval of unidata-all has elapsed or updates are forced. Original error: Could not transfer metadata org.eclipse.emf:org.eclipse.emf.common/maven-metadata.xml from/to unidata-all (https://artifacts.unidata.ucar.edu/repository/unidata-all/): status code: 403, reason phrase: Forbidden (403)
[WARNING] org.eclipse.emf:org.eclipse.emf.common/maven-metadata.xml failed to transfer from https://artifacts.unidata.ucar.edu/repository/unidata-all/ during a previous attempt. This failure was cached in the local repository and resolution will not be reattempted until the update interval of unidata-all has elapsed or updates are forced. Original error: Could not transfer metadata org.eclipse.emf:org.eclipse.emf.common/maven-metadata.xml from/to unidata-all (https://artifacts.unidata.ucar.edu/repository/unidata-all/): status code: 403, reason phrase: Forbidden (403)
[WARNING] org.eclipse.emf:org.eclipse.emf.common/maven-metadata.xml failed to transfer from https://artifacts.unidata.ucar.edu/repository/unidata-all/ during a previous attempt. This failure was cached in the local repository and resolution will not be reattempted until the update interval of unidata-all has elapsed or updates are forced. Original error: Could not transfer metadata org.eclipse.emf:org.eclipse.emf.common/maven-metadata.xml from/to unidata-all (https://artifacts.unidata.ucar.edu/repository/unidata-all/): status code: 403, reason phrase: Forbidden (403)
[WARNING] org.eclipse.emf:org.eclipse.emf.common/maven-metadata.xml failed to transfer from https://artifacts.unidata.ucar.edu/repository/unidata-all/ during a previous attempt. This failure was cached in the local repository and resolution will not be reattempted until the update interval of unidata-all has elapsed or updates are forced. Original error: Could not transfer metadata org.eclipse.emf:org.eclipse.emf.common/maven-metadata.xml from/to unidata-all (https://artifacts.unidata.ucar.edu/repository/unidata-all/): status code: 403, reason phrase: Forbidden (403)
[WARNING] org.eclipse.emf:org.eclipse.emf.common/maven-metadata.xml failed to transfer from https://artifacts.unidata.ucar.edu/repository/unidata-all/ during a previous attempt. This failure was cached in the local repository and resolution will not be reattempted until the update interval of unidata-all has elapsed or updates are forced. Original error: Could not transfer metadata org.eclipse.emf:org.eclipse.emf.common/maven-metadata.xml from/to unidata-all (https://artifacts.unidata.ucar.edu/repository/unidata-all/): status code: 403, reason phrase: Forbidden (403)
[WARNING] org.eclipse.emf:org.eclipse.emf.common/maven-metadata.xml failed to transfer from https://artifacts.unidata.ucar.edu/repository/unidata-all/ during a previous attempt. This failure was cached in the local repository and resolution will not be reattempted until the update interval of unidata-all has elapsed or updates are forced. Original error: Could not transfer metadata org.eclipse.emf:org.eclipse.emf.common/maven-metadata.xml from/to unidata-all (https://artifacts.unidata.ucar.edu/repository/unidata-all/): status code: 403, reason phrase: Forbidden (403)
[WARNING] org.eclipse.emf:org.eclipse.emf.common/maven-metadata.xml failed to transfer from https://artifacts.unidata.ucar.edu/repository/unidata-all/ during a previous attempt. This failure was cached in the local repository and resolution will not be reattempted until the update interval of unidata-all has elapsed or updates are forced. Original error: Could not transfer metadata org.eclipse.emf:org.eclipse.emf.common/maven-metadata.xml from/to unidata-all (https://artifacts.unidata.ucar.edu/repository/unidata-all/): status code: 403, reason phrase: Forbidden (403)
[WARNING] org.eclipse.emf:org.eclipse.emf.common/maven-metadata.xml failed to transfer from https://artifacts.unidata.ucar.edu/repository/unidata-all/ during a previous attempt. This failure was cached in the local repository and resolution will not be reattempted until the update interval of unidata-all has elapsed or updates are forced. Original error: Could not transfer metadata org.eclipse.emf:org.eclipse.emf.common/maven-metadata.xml from/to unidata-all (https://artifacts.unidata.ucar.edu/repository/unidata-all/): status code: 403, reason phrase: Forbidden (403)
[WARNING] org.eclipse.emf:org.eclipse.emf.common/maven-metadata.xml failed to transfer from https://artifacts.unidata.ucar.edu/repository/unidata-all/ during a previous attempt. This failure was cached in the local repository and resolution will not be reattempted until the update interval of unidata-all has elapsed or updates are forced. Original error: Could not transfer metadata org.eclipse.emf:org.eclipse.emf.common/maven-metadata.xml from/to unidata-all (https://artifacts.unidata.ucar.edu/repository/unidata-all/): status code: 403, reason phrase: Forbidden (403)
[WARNING] org.eclipse.emf:org.eclipse.emf.common/maven-metadata.xml failed to transfer from https://artifacts.unidata.ucar.edu/repository/unidata-all/ during a previous attempt. This failure was cached in the local repository and resolution will not be reattempted until the update interval of unidata-all has elapsed or updates are forced. Original error: Could not transfer metadata org.eclipse.emf:org.eclipse.emf.common/maven-metadata.xml from/to unidata-all (https://artifacts.unidata.ucar.edu/repository/unidata-all/): status code: 403, reason phrase: Forbidden (403)
[WARNING] org.eclipse.emf:org.eclipse.emf.common/maven-metadata.xml failed to transfer from https://artifacts.unidata.ucar.edu/repository/unidata-all/ during a previous attempt. This failure was cached in the local repository and resolution will not be reattempted until the update interval of unidata-all has elapsed or updates are forced. Original error: Could not transfer metadata org.eclipse.emf:org.eclipse.emf.common/maven-metadata.xml from/to unidata-all (https://artifacts.unidata.ucar.edu/repository/unidata-all/): status code: 403, reason phrase: Forbidden (403)
[WARNING] org.eclipse.emf:org.eclipse.emf.common/maven-metadata.xml failed to transfer from https://artifacts.unidata.ucar.edu/repository/unidata-all/ during a previous attempt. This failure was cached in the local repository and resolution will not be reattempted until the update interval of unidata-all has elapsed or updates are forced. Original error: Could not transfer metadata org.eclipse.emf:org.eclipse.emf.common/maven-metadata.xml from/to unidata-all (https://artifacts.unidata.ucar.edu/repository/unidata-all/): status code: 403, reason phrase: Forbidden (403)
[WARNING] org.eclipse.emf:org.eclipse.emf.common/maven-metadata.xml failed to transfer from https://artifacts.unidata.ucar.edu/repository/unidata-all/ during a previous attempt. This failure was cached in the local repository and resolution will not be reattempted until the update interval of unidata-all has elapsed or updates are forced. Original error: Could not transfer metadata org.eclipse.emf:org.eclipse.emf.common/maven-metadata.xml from/to unidata-all (https://artifacts.unidata.ucar.edu/repository/unidata-all/): status code: 403, reason phrase: Forbidden (403)
[WARNING] org.eclipse.emf:org.eclipse.emf.common/maven-metadata.xml failed to transfer from https://artifacts.unidata.ucar.edu/repository/unidata-all/ during a previous attempt. This failure was cached in the local repository and resolution will not be reattempted until the update interval of unidata-all has elapsed or updates are forced. Original error: Could not transfer metadata org.eclipse.emf:org.eclipse.emf.common/maven-metadata.xml from/to unidata-all (https://artifacts.unidata.ucar.edu/repository/unidata-all/): status code: 403, reason phrase: Forbidden (403)
[WARNING] org.eclipse.emf:org.eclipse.emf.common/maven-metadata.xml failed to transfer from https://artifacts.unidata.ucar.edu/repository/unidata-all/ during a previous attempt. This failure was cached in the local repository and resolution will not be reattempted until the update interval of unidata-all has elapsed or updates are forced. Original error: Could not transfer metadata org.eclipse.emf:org.eclipse.emf.common/maven-metadata.xml from/to unidata-all (https://artifacts.unidata.ucar.edu/repository/unidata-all/): status code: 403, reason phrase: Forbidden (403)
[WARNING] org.eclipse.emf:org.eclipse.emf.ecore/maven-metadata.xml failed to transfer from https://artifacts.unidata.ucar.edu/repository/unidata-all/ during a previous attempt. This failure was cached in the local repository and resolution will not be reattempted until the update interval of unidata-all has elapsed or updates are forced. Original error: Could not transfer metadata org.eclipse.emf:org.eclipse.emf.ecore/maven-metadata.xml from/to unidata-all (https://artifacts.unidata.ucar.edu/repository/unidata-all/): status code: 403, reason phrase: Forbidden (403)
[WARNING] org.eclipse.emf:org.eclipse.emf.common/maven-metadata.xml failed to transfer from https://artifacts.unidata.ucar.edu/repository/unidata-all/ during a previous attempt. This failure was cached in the local repository and resolution will not be reattempted until the update interval of unidata-all has elapsed or updates are forced. Original error: Could not transfer metadata org.eclipse.emf:org.eclipse.emf.common/maven-metadata.xml from/to unidata-all (https://artifacts.unidata.ucar.edu/repository/unidata-all/): status code: 403, reason phrase: Forbidden (403)
[WARNING] org.eclipse.emf:org.eclipse.emf.common/maven-metadata.xml failed to transfer from https://artifacts.unidata.ucar.edu/repository/unidata-all/ during a previous attempt. This failure was cached in the local repository and resolution will not be reattempted until the update interval of unidata-all has elapsed or updates are forced. Original error: Could not transfer metadata org.eclipse.emf:org.eclipse.emf.common/maven-metadata.xml from/to unidata-all (https://artifacts.unidata.ucar.edu/repository/unidata-all/): status code: 403, reason phrase: Forbidden (403)
[WARNING] org.eclipse.emf:org.eclipse.emf.common/maven-metadata.xml failed to transfer from https://artifacts.unidata.ucar.edu/repository/unidata-all/ during a previous attempt. This failure was cached in the local repository and resolution will not be reattempted until the update interval of unidata-all has elapsed or updates are forced. Original error: Could not transfer metadata org.eclipse.emf:org.eclipse.emf.common/maven-metadata.xml from/to unidata-all (https://artifacts.unidata.ucar.edu/repository/unidata-all/): status code: 403, reason phrase: Forbidden (403)
[WARNING] org.eclipse.emf:org.eclipse.emf.common/maven-metadata.xml failed to transfer from https://artifacts.unidata.ucar.edu/repository/unidata-all/ during a previous attempt. This failure was cached in the local repository and resolution will not be reattempted until the update interval of unidata-all has elapsed or updates are forced. Original error: Could not transfer metadata org.eclipse.emf:org.eclipse.emf.common/maven-metadata.xml from/to unidata-all (https://artifacts.unidata.ucar.edu/repository/unidata-all/): status code: 403, reason phrase: Forbidden (403)
[WARNING] org.eclipse.emf:org.eclipse.emf.common/maven-metadata.xml failed to transfer from https://artifacts.unidata.ucar.edu/repository/unidata-all/ during a previous attempt. This failure was cached in the local repository and resolution will not be reattempted until the update interval of unidata-all has elapsed or updates are forced. Original error: Could not transfer metadata org.eclipse.emf:org.eclipse.emf.common/maven-metadata.xml from/to unidata-all (https://artifacts.unidata.ucar.edu/repository/unidata-all/): status code: 403, reason phrase: Forbidden (403)
[WARNING] org.eclipse.emf:org.eclipse.emf.common/maven-metadata.xml failed to transfer from https://artifacts.unidata.ucar.edu/repository/unidata-all/ during a previous attempt. This failure was cached in the local repository and resolution will not be reattempted until the update interval of unidata-all has elapsed or updates are forced. Original error: Could not transfer metadata org.eclipse.emf:org.eclipse.emf.common/maven-metadata.xml from/to unidata-all (https://artifacts.unidata.ucar.edu/repository/unidata-all/): status code: 403, reason phrase: Forbidden (403)
[WARNING] org.eclipse.emf:org.eclipse.emf.common/maven-metadata.xml failed to transfer from https://artifacts.unidata.ucar.edu/repository/unidata-all/ during a previous attempt. This failure was cached in the local repository and resolution will not be reattempted until the update interval of unidata-all has elapsed or updates are forced. Original error: Could not transfer metadata org.eclipse.emf:org.eclipse.emf.common/maven-metadata.xml from/to unidata-all (https://artifacts.unidata.ucar.edu/repository/unidata-all/): status code: 403, reason phrase: Forbidden (403)
[WARNING] org.eclipse.emf:org.eclipse.emf.common/maven-metadata.xml failed to transfer from https://artifacts.unidata.ucar.edu/repository/unidata-all/ during a previous attempt. This failure was cached in the local repository and resolution will not be reattempted until the update interval of unidata-all has elapsed or updates are forced. Original error: Could not transfer metadata org.eclipse.emf:org.eclipse.emf.common/maven-metadata.xml from/to unidata-all (https://artifacts.unidata.ucar.edu/repository/unidata-all/): status code: 403, reason phrase: Forbidden (403)
[WARNING] org.eclipse.emf:org.eclipse.emf.common/maven-metadata.xml failed to transfer from https://artifacts.unidata.ucar.edu/repository/unidata-all/ during a previous attempt. This failure was cached in the local repository and resolution will not be reattempted until the update interval of unidata-all has elapsed or updates are forced. Original error: Could not transfer metadata org.eclipse.emf:org.eclipse.emf.common/maven-metadata.xml from/to unidata-all (https://artifacts.unidata.ucar.edu/repository/unidata-all/): status code: 403, reason phrase: Forbidden (403)
[WARNING] org.eclipse.emf:org.eclipse.emf.common/maven-metadata.xml failed to transfer from https://artifacts.unidata.ucar.edu/repository/unidata-all/ during a previous attempt. This failure was cached in the local repository and resolution will not be reattempted until the update interval of unidata-all has elapsed or updates are forced. Original error: Could not transfer metadata org.eclipse.emf:org.eclipse.emf.common/maven-metadata.xml from/to unidata-all (https://artifacts.unidata.ucar.edu/repository/unidata-all/): status code: 403, reason phrase: Forbidden (403)
[WARNING] org.eclipse.emf:org.eclipse.emf.common/maven-metadata.xml failed to transfer from https://artifacts.unidata.ucar.edu/repository/unidata-all/ during a previous attempt. This failure was cached in the local repository and resolution will not be reattempted until the update interval of unidata-all has elapsed or updates are forced. Original error: Could not transfer metadata org.eclipse.emf:org.eclipse.emf.common/maven-metadata.xml from/to unidata-all (https://artifacts.unidata.ucar.edu/repository/unidata-all/): status code: 403, reason phrase: Forbidden (403)
[WARNING] org.eclipse.emf:org.eclipse.emf.common/maven-metadata.xml failed to transfer from https://artifacts.unidata.ucar.edu/repository/unidata-all/ during a previous attempt. This failure was cached in the local repository and resolution will not be reattempted until the update interval of unidata-all has elapsed or updates are forced. Original error: Could not transfer metadata org.eclipse.emf:org.eclipse.emf.common/maven-metadata.xml from/to unidata-all (https://artifacts.unidata.ucar.edu/repository/unidata-all/): status code: 403, reason phrase: Forbidden (403)
[WARNING] org.eclipse.emf:org.eclipse.emf.common/maven-metadata.xml failed to transfer from https://artifacts.unidata.ucar.edu/repository/unidata-all/ during a previous attempt. This failure was cached in the local repository and resolution will not be reattempted until the update interval of unidata-all has elapsed or updates are forced. Original error: Could not transfer metadata org.eclipse.emf:org.eclipse.emf.common/maven-metadata.xml from/to unidata-all (https://artifacts.unidata.ucar.edu/repository/unidata-all/): status code: 403, reason phrase: Forbidden (403)
[WARNING] org.eclipse.emf:org.eclipse.emf.common/maven-metadata.xml failed to transfer from https://artifacts.unidata.ucar.edu/repository/unidata-all/ during a previous attempt. This failure was cached in the local repository and resolution will not be reattempted until the update interval of unidata-all has elapsed or updates are forced. Original error: Could not transfer metadata org.eclipse.emf:org.eclipse.emf.common/maven-metadata.xml from/to unidata-all (https://artifacts.unidata.ucar.edu/repository/unidata-all/): status code: 403, reason phrase: Forbidden (403)
[WARNING] org.eclipse.emf:org.eclipse.emf.common/maven-metadata.xml failed to transfer from https://artifacts.unidata.ucar.edu/repository/unidata-all/ during a previous attempt. This failure was cached in the local repository and resolution will not be reattempted until the update interval of unidata-all has elapsed or updates are forced. Original error: Could not transfer metadata org.eclipse.emf:org.eclipse.emf.common/maven-metadata.xml from/to unidata-all (https://artifacts.unidata.ucar.edu/repository/unidata-all/): status code: 403, reason phrase: Forbidden (403)
[WARNING] org.eclipse.emf:org.eclipse.emf.common/maven-metadata.xml failed to transfer from https://artifacts.unidata.ucar.edu/repository/unidata-all/ during a previous attempt. This failure was cached in the local repository and resolution will not be reattempted until the update interval of unidata-all has elapsed or updates are forced. Original error: Could not transfer metadata org.eclipse.emf:org.eclipse.emf.common/maven-metadata.xml from/to unidata-all (https://artifacts.unidata.ucar.edu/repository/unidata-all/): status code: 403, reason phrase: Forbidden (403)
[INFO] Rule 0: org.apache.maven.enforcer.rules.dependency.RequireUpperBoundDeps passed
[INFO] Rule 1: org.apache.maven.enforcer.rules.BanDuplicatePomDependencyVersions passed
[WARNING] org.eclipse.emf:org.eclipse.emf.common/maven-metadata.xml failed to transfer from https://artifacts.unidata.ucar.edu/repository/unidata-all/ during a previous attempt. This failure was cached in the local repository and resolution will not be reattempted until the update interval of unidata-all has elapsed or updates are forced. Original error: Could not transfer metadata org.eclipse.emf:org.eclipse.emf.common/maven-metadata.xml from/to unidata-all (https://artifacts.unidata.ucar.edu/repository/unidata-all/): status code: 403, reason phrase: Forbidden (403)
[WARNING] org.eclipse.emf:org.eclipse.emf.ecore/maven-metadata.xml failed to transfer from https://artifacts.unidata.ucar.edu/repository/unidata-all/ during a previous attempt. This failure was cached in the local repository and resolution will not be reattempted until the update interval of unidata-all has elapsed or updates are forced. Original error: Could not transfer metadata org.eclipse.emf:org.eclipse.emf.ecore/maven-metadata.xml from/to unidata-all (https://artifacts.unidata.ucar.edu/repository/unidata-all/): status code: 403, reason phrase: Forbidden (403)
[WARNING] org.eclipse.emf:org.eclipse.emf.common/maven-metadata.xml failed to transfer from https://artifacts.unidata.ucar.edu/repository/unidata-all/ during a previous attempt. This failure was cached in the local repository and resolution will not be reattempted until the update interval of unidata-all has elapsed or updates are forced. Original error: Could not transfer metadata org.eclipse.emf:org.eclipse.emf.common/maven-metadata.xml from/to unidata-all (https://artifacts.unidata.ucar.edu/repository/unidata-all/): status code: 403, reason phrase: Forbidden (403)
[WARNING] org.eclipse.emf:org.eclipse.emf.common/maven-metadata.xml failed to transfer from https://artifacts.unidata.ucar.edu/repository/unidata-all/ during a previous attempt. This failure was cached in the local repository and resolution will not be reattempted until the update interval of unidata-all has elapsed or updates are forced. Original error: Could not transfer metadata org.eclipse.emf:org.eclipse.emf.common/maven-metadata.xml from/to unidata-all (https://artifacts.unidata.ucar.edu/repository/unidata-all/): status code: 403, reason phrase: Forbidden (403)
[WARNING] org.eclipse.emf:org.eclipse.emf.common/maven-metadata.xml failed to transfer from https://artifacts.unidata.ucar.edu/repository/unidata-all/ during a previous attempt. This failure was cached in the local repository and resolution will not be reattempted until the update interval of unidata-all has elapsed or updates are forced. Original error: Could not transfer metadata org.eclipse.emf:org.eclipse.emf.common/maven-metadata.xml from/to unidata-all (https://artifacts.unidata.ucar.edu/repository/unidata-all/): status code: 403, reason phrase: Forbidden (403)
[WARNING] org.eclipse.emf:org.eclipse.emf.common/maven-metadata.xml failed to transfer from https://artifacts.unidata.ucar.edu/repository/unidata-all/ during a previous attempt. This failure was cached in the local repository and resolution will not be reattempted until the update interval of unidata-all has elapsed or updates are forced. Original error: Could not transfer metadata org.eclipse.emf:org.eclipse.emf.common/maven-metadata.xml from/to unidata-all (https://artifacts.unidata.ucar.edu/repository/unidata-all/): status code: 403, reason phrase: Forbidden (403)
[WARNING] org.eclipse.emf:org.eclipse.emf.common/maven-metadata.xml failed to transfer from https://artifacts.unidata.ucar.edu/repository/unidata-all/ during a previous attempt. This failure was cached in the local repository and resolution will not be reattempted until the update interval of unidata-all has elapsed or updates are forced. Original error: Could not transfer metadata org.eclipse.emf:org.eclipse.emf.common/maven-metadata.xml from/to unidata-all (https://artifacts.unidata.ucar.edu/repository/unidata-all/): status code: 403, reason phrase: Forbidden (403)
[WARNING] org.eclipse.emf:org.eclipse.emf.common/maven-metadata.xml failed to transfer from https://artifacts.unidata.ucar.edu/repository/unidata-all/ during a previous attempt. This failure was cached in the local repository and resolution will not be reattempted until the update interval of unidata-all has elapsed or updates are forced. Original error: Could not transfer metadata org.eclipse.emf:org.eclipse.emf.common/maven-metadata.xml from/to unidata-all (https://artifacts.unidata.ucar.edu/repository/unidata-all/): status code: 403, reason phrase: Forbidden (403)
[WARNING] org.eclipse.emf:org.eclipse.emf.common/maven-metadata.xml failed to transfer from https://artifacts.unidata.ucar.edu/repository/unidata-all/ during a previous attempt. This failure was cached in the local repository and resolution will not be reattempted until the update interval of unidata-all has elapsed or updates are forced. Original error: Could not transfer metadata org.eclipse.emf:org.eclipse.emf.common/maven-metadata.xml from/to unidata-all (https://artifacts.unidata.ucar.edu/repository/unidata-all/): status code: 403, reason phrase: Forbidden (403)
[WARNING] org.eclipse.emf:org.eclipse.emf.common/maven-metadata.xml failed to transfer from https://artifacts.unidata.ucar.edu/repository/unidata-all/ during a previous attempt. This failure was cached in the local repository and resolution will not be reattempted until the update interval of unidata-all has elapsed or updates are forced. Original error: Could not transfer metadata org.eclipse.emf:org.eclipse.emf.common/maven-metadata.xml from/to unidata-all (https://artifacts.unidata.ucar.edu/repository/unidata-all/): status code: 403, reason phrase: Forbidden (403)
[WARNING] org.eclipse.emf:org.eclipse.emf.common/maven-metadata.xml failed to transfer from https://artifacts.unidata.ucar.edu/repository/unidata-all/ during a previous attempt. This failure was cached in the local repository and resolution will not be reattempted until the update interval of unidata-all has elapsed or updates are forced. Original error: Could not transfer metadata org.eclipse.emf:org.eclipse.emf.common/maven-metadata.xml from/to unidata-all (https://artifacts.unidata.ucar.edu/repository/unidata-all/): status code: 403, reason phrase: Forbidden (403)
[WARNING] org.eclipse.emf:org.eclipse.emf.common/maven-metadata.xml failed to transfer from https://artifacts.unidata.ucar.edu/repository/unidata-all/ during a previous attempt. This failure was cached in the local repository and resolution will not be reattempted until the update interval of unidata-all has elapsed or updates are forced. Original error: Could not transfer metadata org.eclipse.emf:org.eclipse.emf.common/maven-metadata.xml from/to unidata-all (https://artifacts.unidata.ucar.edu/repository/unidata-all/): status code: 403, reason phrase: Forbidden (403)
[WARNING] org.eclipse.emf:org.eclipse.emf.common/maven-metadata.xml failed to transfer from https://artifacts.unidata.ucar.edu/repository/unidata-all/ during a previous attempt. This failure was cached in the local repository and resolution will not be reattempted until the update interval of unidata-all has elapsed or updates are forced. Original error: Could not transfer metadata org.eclipse.emf:org.eclipse.emf.common/maven-metadata.xml from/to unidata-all (https://artifacts.unidata.ucar.edu/repository/unidata-all/): status code: 403, reason phrase: Forbidden (403)
[WARNING] org.eclipse.emf:org.eclipse.emf.common/maven-metadata.xml failed to transfer from https://artifacts.unidata.ucar.edu/repository/unidata-all/ during a previous attempt. This failure was cached in the local repository and resolution will not be reattempted until the update interval of unidata-all has elapsed or updates are forced. Original error: Could not transfer metadata org.eclipse.emf:org.eclipse.emf.common/maven-metadata.xml from/to unidata-all (https://artifacts.unidata.ucar.edu/repository/unidata-all/): status code: 403, reason phrase: Forbidden (403)
[WARNING] org.eclipse.emf:org.eclipse.emf.common/maven-metadata.xml failed to transfer from https://artifacts.unidata.ucar.edu/repository/unidata-all/ during a previous attempt. This failure was cached in the local repository and resolution will not be reattempted until the update interval of unidata-all has elapsed or updates are forced. Original error: Could not transfer metadata org.eclipse.emf:org.eclipse.emf.common/maven-metadata.xml from/to unidata-all (https://artifacts.unidata.ucar.edu/repository/unidata-all/): status code: 403, reason phrase: Forbidden (403)
[WARNING] org.eclipse.emf:org.eclipse.emf.common/maven-metadata.xml failed to transfer from https://artifacts.unidata.ucar.edu/repository/unidata-all/ during a previous attempt. This failure was cached in the local repository and resolution will not be reattempted until the update interval of unidata-all has elapsed or updates are forced. Original error: Could not transfer metadata org.eclipse.emf:org.eclipse.emf.common/maven-metadata.xml from/to unidata-all (https://artifacts.unidata.ucar.edu/repository/unidata-all/): status code: 403, reason phrase: Forbidden (403)
[WARNING] org.eclipse.emf:org.eclipse.emf.common/maven-metadata.xml failed to transfer from https://artifacts.unidata.ucar.edu/repository/unidata-all/ during a previous attempt. This failure was cached in the local repository and resolution will not be reattempted until the update interval of unidata-all has elapsed or updates are forced. Original error: Could not transfer metadata org.eclipse.emf:org.eclipse.emf.common/maven-metadata.xml from/to unidata-all (https://artifacts.unidata.ucar.edu/repository/unidata-all/): status code: 403, reason phrase: Forbidden (403)
[WARNING] org.eclipse.emf:org.eclipse.emf.common/maven-metadata.xml failed to transfer from https://artifacts.unidata.ucar.edu/repository/unidata-all/ during a previous attempt. This failure was cached in the local repository and resolution will not be reattempted until the update interval of unidata-all has elapsed or updates are forced. Original error: Could not transfer metadata org.eclipse.emf:org.eclipse.emf.common/maven-metadata.xml from/to unidata-all (https://artifacts.unidata.ucar.edu/repository/unidata-all/): status code: 403, reason phrase: Forbidden (403)
[WARNING] org.eclipse.emf:org.eclipse.emf.common/maven-metadata.xml failed to transfer from https://artifacts.unidata.ucar.edu/repository/unidata-all/ during a previous attempt. This failure was cached in the local repository and resolution will not be reattempted until the update interval of unidata-all has elapsed or updates are forced. Original error: Could not transfer metadata org.eclipse.emf:org.eclipse.emf.common/maven-metadata.xml from/to unidata-all (https://artifacts.unidata.ucar.edu/repository/unidata-all/): status code: 403, reason phrase: Forbidden (403)
[WARNING] org.eclipse.emf:org.eclipse.emf.ecore/maven-metadata.xml failed to transfer from https://artifacts.unidata.ucar.edu/repository/unidata-all/ during a previous attempt. This failure was cached in the local repository and resolution will not be reattempted until the update interval of unidata-all has elapsed or updates are forced. Original error: Could not transfer metadata org.eclipse.emf:org.eclipse.emf.ecore/maven-metadata.xml from/to unidata-all (https://artifacts.unidata.ucar.edu/repository/unidata-all/): status code: 403, reason phrase: Forbidden (403)
[WARNING] org.eclipse.emf:org.eclipse.emf.common/maven-metadata.xml failed to transfer from https://artifacts.unidata.ucar.edu/repository/unidata-all/ during a previous attempt. This failure was cached in the local repository and resolution will not be reattempted until the update interval of unidata-all has elapsed or updates are forced. Original error: Could not transfer metadata org.eclipse.emf:org.eclipse.emf.common/maven-metadata.xml from/to unidata-all (https://artifacts.unidata.ucar.edu/repository/unidata-all/): status code: 403, reason phrase: Forbidden (403)
[WARNING] org.eclipse.emf:org.eclipse.emf.common/maven-metadata.xml failed to transfer from https://artifacts.unidata.ucar.edu/repository/unidata-all/ during a previous attempt. This failure was cached in the local repository and resolution will not be reattempted until the update interval of unidata-all has elapsed or updates are forced. Original error: Could not transfer metadata org.eclipse.emf:org.eclipse.emf.common/maven-metadata.xml from/to unidata-all (https://artifacts.unidata.ucar.edu/repository/unidata-all/): status code: 403, reason phrase: Forbidden (403)
[WARNING] org.eclipse.emf:org.eclipse.emf.common/maven-metadata.xml failed to transfer from https://artifacts.unidata.ucar.edu/repository/unidata-all/ during a previous attempt. This failure was cached in the local repository and resolution will not be reattempted until the update interval of unidata-all has elapsed or updates are forced. Original error: Could not transfer metadata org.eclipse.emf:org.eclipse.emf.common/maven-metadata.xml from/to unidata-all (https://artifacts.unidata.ucar.edu/repository/unidata-all/): status code: 403, reason phrase: Forbidden (403)
[WARNING] org.eclipse.emf:org.eclipse.emf.common/maven-metadata.xml failed to transfer from https://artifacts.unidata.ucar.edu/repository/unidata-all/ during a previous attempt. This failure was cached in the local repository and resolution will not be reattempted until the update interval of unidata-all has elapsed or updates are forced. Original error: Could not transfer metadata org.eclipse.emf:org.eclipse.emf.common/maven-metadata.xml from/to unidata-all (https://artifacts.unidata.ucar.edu/repository/unidata-all/): status code: 403, reason phrase: Forbidden (403)
[WARNING] org.eclipse.emf:org.eclipse.emf.common/maven-metadata.xml failed to transfer from https://artifacts.unidata.ucar.edu/repository/unidata-all/ during a previous attempt. This failure was cached in the local repository and resolution will not be reattempted until the update interval of unidata-all has elapsed or updates are forced. Original error: Could not transfer metadata org.eclipse.emf:org.eclipse.emf.common/maven-metadata.xml from/to unidata-all (https://artifacts.unidata.ucar.edu/repository/unidata-all/): status code: 403, reason phrase: Forbidden (403)
[WARNING] org.eclipse.emf:org.eclipse.emf.common/maven-metadata.xml failed to transfer from https://artifacts.unidata.ucar.edu/repository/unidata-all/ during a previous attempt. This failure was cached in the local repository and resolution will not be reattempted until the update interval of unidata-all has elapsed or updates are forced. Original error: Could not transfer metadata org.eclipse.emf:org.eclipse.emf.common/maven-metadata.xml from/to unidata-all (https://artifacts.unidata.ucar.edu/repository/unidata-all/): status code: 403, reason phrase: Forbidden (403)
[WARNING] org.eclipse.emf:org.eclipse.emf.common/maven-metadata.xml failed to transfer from https://artifacts.unidata.ucar.edu/repository/unidata-all/ during a previous attempt. This failure was cached in the local repository and resolution will not be reattempted until the update interval of unidata-all has elapsed or updates are forced. Original error: Could not transfer metadata org.eclipse.emf:org.eclipse.emf.common/maven-metadata.xml from/to unidata-all (https://artifacts.unidata.ucar.edu/repository/unidata-all/): status code: 403, reason phrase: Forbidden (403)
[WARNING] org.eclipse.emf:org.eclipse.emf.common/maven-metadata.xml failed to transfer from https://artifacts.unidata.ucar.edu/repository/unidata-all/ during a previous attempt. This failure was cached in the local repository and resolution will not be reattempted until the update interval of unidata-all has elapsed or updates are forced. Original error: Could not transfer metadata org.eclipse.emf:org.eclipse.emf.common/maven-metadata.xml from/to unidata-all (https://artifacts.unidata.ucar.edu/repository/unidata-all/): status code: 403, reason phrase: Forbidden (403)
[WARNING] org.eclipse.emf:org.eclipse.emf.common/maven-metadata.xml failed to transfer from https://artifacts.unidata.ucar.edu/repository/unidata-all/ during a previous attempt. This failure was cached in the local repository and resolution will not be reattempted until the update interval of unidata-all has elapsed or updates are forced. Original error: Could not transfer metadata org.eclipse.emf:org.eclipse.emf.common/maven-metadata.xml from/to unidata-all (https://artifacts.unidata.ucar.edu/repository/unidata-all/): status code: 403, reason phrase: Forbidden (403)
[WARNING] org.eclipse.emf:org.eclipse.emf.common/maven-metadata.xml failed to transfer from https://artifacts.unidata.ucar.edu/repository/unidata-all/ during a previous attempt. This failure was cached in the local repository and resolution will not be reattempted until the update interval of unidata-all has elapsed or updates are forced. Original error: Could not transfer metadata org.eclipse.emf:org.eclipse.emf.common/maven-metadata.xml from/to unidata-all (https://artifacts.unidata.ucar.edu/repository/unidata-all/): status code: 403, reason phrase: Forbidden (403)
[WARNING] org.eclipse.emf:org.eclipse.emf.common/maven-metadata.xml failed to transfer from https://artifacts.unidata.ucar.edu/repository/unidata-all/ during a previous attempt. This failure was cached in the local repository and resolution will not be reattempted until the update interval of unidata-all has elapsed or updates are forced. Original error: Could not transfer metadata org.eclipse.emf:org.eclipse.emf.common/maven-metadata.xml from/to unidata-all (https://artifacts.unidata.ucar.edu/repository/unidata-all/): status code: 403, reason phrase: Forbidden (403)
[WARNING] org.eclipse.emf:org.eclipse.emf.common/maven-metadata.xml failed to transfer from https://artifacts.unidata.ucar.edu/repository/unidata-all/ during a previous attempt. This failure was cached in the local repository and resolution will not be reattempted until the update interval of unidata-all has elapsed or updates are forced. Original error: Could not transfer metadata org.eclipse.emf:org.eclipse.emf.common/maven-metadata.xml from/to unidata-all (https://artifacts.unidata.ucar.edu/repository/unidata-all/): status code: 403, reason phrase: Forbidden (403)
[WARNING] org.eclipse.emf:org.eclipse.emf.common/maven-metadata.xml failed to transfer from https://artifacts.unidata.ucar.edu/repository/unidata-all/ during a previous attempt. This failure was cached in the local repository and resolution will not be reattempted until the update interval of unidata-all has elapsed or updates are forced. Original error: Could not transfer metadata org.eclipse.emf:org.eclipse.emf.common/maven-metadata.xml from/to unidata-all (https://artifacts.unidata.ucar.edu/repository/unidata-all/): status code: 403, reason phrase: Forbidden (403)
[WARNING] org.eclipse.emf:org.eclipse.emf.common/maven-metadata.xml failed to transfer from https://artifacts.unidata.ucar.edu/repository/unidata-all/ during a previous attempt. This failure was cached in the local repository and resolution will not be reattempted until the update interval of unidata-all has elapsed or updates are forced. Original error: Could not transfer metadata org.eclipse.emf:org.eclipse.emf.common/maven-metadata.xml from/to unidata-all (https://artifacts.unidata.ucar.edu/repository/unidata-all/): status code: 403, reason phrase: Forbidden (403)
[WARNING] org.eclipse.emf:org.eclipse.emf.common/maven-metadata.xml failed to transfer from https://artifacts.unidata.ucar.edu/repository/unidata-all/ during a previous attempt. This failure was cached in the local repository and resolution will not be reattempted until the update interval of unidata-all has elapsed or updates are forced. Original error: Could not transfer metadata org.eclipse.emf:org.eclipse.emf.common/maven-metadata.xml from/to unidata-all (https://artifacts.unidata.ucar.edu/repository/unidata-all/): status code: 403, reason phrase: Forbidden (403)
[WARNING] org.eclipse.emf:org.eclipse.emf.common/maven-metadata.xml failed to transfer from https://artifacts.unidata.ucar.edu/repository/unidata-all/ during a previous attempt. This failure was cached in the local repository and resolution will not be reattempted until the update interval of unidata-all has elapsed or updates are forced. Original error: Could not transfer metadata org.eclipse.emf:org.eclipse.emf.common/maven-metadata.xml from/to unidata-all (https://artifacts.unidata.ucar.edu/repository/unidata-all/): status code: 403, reason phrase: Forbidden (403)
[INFO] Rule 2: org.apache.maven.enforcer.rules.dependency.RequireReleaseDeps passed
[INFO] Rule 3: org.apache.maven.enforcer.rules.version.RequireMavenVersion passed
[INFO] 
[INFO] --- resources:3.3.1:resources (default-resources) @ matsim-example-project ---
[INFO] skip non existing resourceDirectory /Users/ro9air/matsim-example-project/src/main/resources
[INFO] 
[INFO] --- compiler:3.11.0:compile (default-compile) @ matsim-example-project ---
[INFO] Changes detected - recompiling the module! :source
[INFO] Compiling 12 source files with javac [debug release 21] to target/classes
[INFO] Annotation processing is enabled because one or more processors were found
  on the class path. A future release of javac may disable annotation processing
  unless at least one processor is specified by name (-processor), or a search
  path is specified (--processor-path, --processor-module-path), or annotation
  processing is enabled explicitly (-proc:only, -proc:full).
  Use -Xlint:-options to suppress this message.
  Use -proc:none to disable annotation processing.
[INFO] /Users/ro9air/matsim-example-project/src/main/java/org/matsim/project/tools/ConvertGtfsCoordinates.java: /Users/ro9air/matsim-example-project/src/main/java/org/matsim/project/tools/ConvertGtfsCoordinates.java uses or overrides a deprecated API.
[INFO] /Users/ro9air/matsim-example-project/src/main/java/org/matsim/project/tools/ConvertGtfsCoordinates.java: Recompile with -Xlint:deprecation for details.
[INFO] 
[INFO] --- resources:3.3.1:testResources (default-testResources) @ matsim-example-project ---
[INFO] Copying 9 resources from src/test/resources to target/test-classes
[INFO] 
[INFO] --- compiler:3.11.0:testCompile (default-testCompile) @ matsim-example-project ---
[INFO] Changes detected - recompiling the module! :dependency
[INFO] Compiling 3 source files with javac [debug release 21] to target/test-classes
[INFO] Annotation processing is enabled because one or more processors were found
  on the class path. A future release of javac may disable annotation processing
  unless at least one processor is specified by name (-processor), or a search
  path is specified (--processor-path, --processor-module-path), or annotation
  processing is enabled explicitly (-proc:only, -proc:full).
  Use -Xlint:-options to suppress this message.
  Use -proc:none to disable annotation processing.
[INFO] /Users/ro9air/matsim-example-project/src/test/java/org/matsim/test/SafeDisplayNameGenerator.java: /Users/ro9air/matsim-example-project/src/test/java/org/matsim/test/SafeDisplayNameGenerator.java uses or overrides a deprecated API.
[INFO] /Users/ro9air/matsim-example-project/src/test/java/org/matsim/test/SafeDisplayNameGenerator.java: Recompile with -Xlint:deprecation for details.
[INFO] 
[INFO] --- surefire:3.5.4:test (default-test) @ matsim-example-project ---
[INFO] Using auto detected provider org.apache.maven.surefire.junitplatform.JUnitPlatformProvider
[INFO] 
[INFO] -------------------------------------------------------
[INFO]  T E S T S
[INFO] -------------------------------------------------------
[INFO] Running org.matsim.project.tools.CorridorPipelineTest
2025-11-11T18:07:44,289  INFO GtfsFeedImpl:141 Loading GTFS files from /var/folders/7r/2288hvdn1rq7lmxcl2729h7w0000gn/T/junit-6504971925567335061/bl_corridor/
2025-11-11T18:07:44,290  INFO GtfsFeedImpl:202 Loading agency.txt
2025-11-11T18:07:44,299  INFO GtfsFeedImpl:234 ...     agency.txt loaded
2025-11-11T18:07:44,300  INFO GtfsFeedImpl:247 Loading stops.txt
2025-11-11T18:07:44,301  INFO GtfsFeedImpl:304 ...     stops.txt loaded
2025-11-11T18:07:44,301  INFO GtfsFeedImpl:329 Loading calendar.txt
2025-11-11T18:07:44,302  INFO GtfsFeedImpl:364 ...     calendar.txt loaded
2025-11-11T18:07:44,302  INFO GtfsFeedImpl:378 Looking for calendar_dates.txt
2025-11-11T18:07:44,302  INFO GtfsFeedImpl:412 ...     no calendar dates file found.
2025-11-11T18:07:44,302  INFO GtfsFeedImpl:431 Looking for shapes.txt
2025-11-11T18:07:44,302  INFO GtfsFeedImpl:458 ...     no shapes file found.
2025-11-11T18:07:44,302  INFO GtfsFeedImpl:476 Loading routes.txt
2025-11-11T18:07:44,305  INFO GtfsFeedImpl:529 ...     routes.txt loaded
2025-11-11T18:07:44,305  INFO GtfsFeedImpl:545 Loading trips.txt
2025-11-11T18:07:44,305  INFO GtfsFeedImpl:591 ...     trips.txt loaded
2025-11-11T18:07:44,305  INFO GtfsFeedImpl:604 Loading stop_times.txt
2025-11-11T18:07:44,307  INFO GtfsFeedImpl:678 ...     stop_times.txt loaded
2025-11-11T18:07:44,307  INFO GtfsFeedImpl:689 Looking for frequencies.txt
2025-11-11T18:07:44,307  INFO GtfsFeedImpl:726 ...     no frequencies file found
2025-11-11T18:07:44,308  INFO GtfsFeedImpl:737 Looking for transfers.txt
2025-11-11T18:07:44,308  INFO GtfsFeedImpl:772 ...     no transfers file found
2025-11-11T18:07:44,308  INFO GtfsFeedImpl:175 All files loaded
2025-11-11T18:07:44,310  INFO Config:461 setting context to [file:/Users/ro9air/matsim-example-project/]
2025-11-11T18:07:44,339  INFO Version:18 HV000001: Hibernate Validator 9.0.1.Final
2025-11-11T18:07:44,394  INFO Config:461 setting context to [file:/Users/ro9air/matsim-example-project/]
2025-11-11T18:07:44,395  INFO GtfsConverter:102 #####################################
2025-11-11T18:07:44,395  INFO GtfsConverter:103 Converting to MATSim transit schedule
Error while parsing JAI registry file "file:/Users/ro9air/matsim-example-project/pt2matsim/work/pt2matsim-25.8-shaded.jar!/META-INF/registryFile.jai" :
Error in registry file at line number #31
A descriptor is already registered against the name "org.geotools.ColorReduction" under registry mode "rendered"
Error in registry file at line number #32
A descriptor is already registered against the name "org.geotools.ColorInversion" under registry mode "rendered"
2025-11-11T18:07:44,482  WARN MGC:179 Assuming that coordinates are in longitude first notation, i.e. (longitude, latitude).
2025-11-11T18:07:44,787  WARN MGC:179 Assuming that coordinates are in longitude first notation, i.e. (longitude, latitude).
2025-11-11T18:07:44,939  INFO GtfsConverter:390     Using service IDs of the day with the most trips (dayWithMostTrips).
2025-11-11T18:07:44,940  INFO GtfsConverter:110     Extracting schedule from date 2025-01-01
2025-11-11T18:07:44,941  INFO GtfsConverter:191     Creating TransitLines from routes and TransitRoutes from trips...
2025-11-11T18:07:44,943  INFO ScheduleCleaner:321 Combining TransitRoutes with equal stop sequence and arrival/departure offsets...
2025-11-11T18:07:44,944  INFO ScheduleCleaner:352 ... Combined 0 transit routes
2025-11-11T18:07:44,944  INFO ScheduleCleaner:89 ... Removing not used stop facilities
2025-11-11T18:07:44,944  INFO ScheduleCleaner:117    0 stop facilities removed
2025-11-11T18:07:44,945  INFO ScheduleCleaner:126 ... Removing not used minimal transfer times
2025-11-11T18:07:44,945  INFO ScheduleCleaner:142     0 not used minimal transfer times facilities removed
2025-11-11T18:07:44,955  INFO Counter:70 [VehiclesImpl] added vehicle # 1
2025-11-11T18:07:44,955  INFO Counter:70 [VehiclesImpl] added vehicle # 2
2025-11-11T18:07:44,955  INFO Counter:70 [VehiclesImpl] added vehicle # 4
2025-11-11T18:07:44,956  INFO GtfsConverter:140     Created 4 routes on 2 lines.
2025-11-11T18:07:44,956  INFO GtfsConverter:141     Day 2025-01-01
2025-11-11T18:07:44,956  INFO GtfsConverter:142 ... GTFS converted to an unmapped MATSIM Transit Schedule
2025-11-11T18:07:44,956  INFO GtfsConverter:143 #########################################################
2025-11-11T18:07:44,956  INFO ScheduleTools:78 Writing transit schedule to file /var/folders/7r/2288hvdn1rq7lmxcl2729h7w0000gn/T/junit-6504971925567335061/transitSchedule-unmapped.xml.gz
2025-11-11T18:07:44,956  INFO TransitScheduleWriter:89 about to write transit schedule to: /var/folders/7r/2288hvdn1rq7lmxcl2729h7w0000gn/T/junit-6504971925567335061/transitSchedule-unmapped.xml.gz
2025-11-11T18:07:45,000  INFO ScheduleTools:80 done.
2025-11-11T18:07:45,000  INFO ScheduleTools:521 Writing vehicles to file /var/folders/7r/2288hvdn1rq7lmxcl2729h7w0000gn/T/junit-6504971925567335061/transitVehicles.xml.gz
2025-11-11T18:07:45,000  INFO MatsimVehicleWriter:49 about to write vehicles to: /var/folders/7r/2288hvdn1rq7lmxcl2729h7w0000gn/T/junit-6504971925567335061/transitVehicles.xml.gz
2025-11-11T18:07:45,000  INFO VehicleWriterV2:64 about to write vehicles to: /var/folders/7r/2288hvdn1rq7lmxcl2729h7w0000gn/T/junit-6504971925567335061/transitVehicles.xml.gz
2025-11-11T18:07:45,004  INFO IOUtils:211 Resolved /var/folders/7r/2288hvdn1rq7lmxcl2729h7w0000gn/T/junit-6504971925567335061/ptmapper-config.xml to /var/folders/7r/2288hvdn1rq7lmxcl2729h7w0000gn/T/junit-6504971925567335061/ptmapper-config.xml
2025-11-11T18:07:45,005  INFO Config:461 setting context to [file:/Users/ro9air/matsim-example-project/]
2025-11-11T18:07:45,007  INFO MatsimXmlParser:172 starting to parse xml from url file:/var/folders/7r/2288hvdn1rq7lmxcl2729h7w0000gn/T/junit-6504971925567335061/ptmapper-config.xml ...
2025-11-11T18:07:45,023  INFO ConfigReader:105 using config_v2-reader
2025-11-11T18:07:45,023  INFO MatsimXmlParser:299 Trying to load http://www.matsim.org/files/dtd/config_v2.dtd. In some cases (e.g. network interface up but no connection), this may take a while.
2025-11-11T18:07:45,603  INFO Config:461 setting context to [file:/var/folders/7r/2288hvdn1rq7lmxcl2729h7w0000gn/T/junit-6504971925567335061/ptmapper-config.xml]
2025-11-11T18:07:45,604  INFO Config:461 setting context to [file:/Users/ro9air/matsim-example-project/]
2025-11-11T18:07:45,606  INFO MatsimXmlParser:155 starting to parse xml from file /var/folders/7r/2288hvdn1rq7lmxcl2729h7w0000gn/T/junit-6504971925567335061/transitSchedule-unmapped.xml.gz ...
2025-11-11T18:07:45,607  INFO IOUtils:211 Resolved /var/folders/7r/2288hvdn1rq7lmxcl2729h7w0000gn/T/junit-6504971925567335061/transitSchedule-unmapped.xml.gz to /var/folders/7r/2288hvdn1rq7lmxcl2729h7w0000gn/T/junit-6504971925567335061/transitSchedule-unmapped.xml.gz
2025-11-11T18:07:45,608  INFO MatsimXmlParser:299 Trying to load http://www.matsim.org/files/dtd/transitSchedule_v2.dtd. In some cases (e.g. network interface up but no connection), this may take a while.
2025-11-11T18:07:45,889  INFO Config:461 setting context to [file:/Users/ro9air/matsim-example-project/]
2025-11-11T18:07:45,892  INFO MatsimXmlParser:155 starting to parse xml from file /var/folders/7r/2288hvdn1rq7lmxcl2729h7w0000gn/T/junit-6504971925567335061/bl_corridor_network.xml ...
2025-11-11T18:07:45,892  INFO IOUtils:211 Resolved /var/folders/7r/2288hvdn1rq7lmxcl2729h7w0000gn/T/junit-6504971925567335061/bl_corridor_network.xml to /var/folders/7r/2288hvdn1rq7lmxcl2729h7w0000gn/T/junit-6504971925567335061/bl_corridor_network.xml
2025-11-11T18:07:45,893  INFO MatsimNetworkReader:122 using network_v2-reader.
2025-11-11T18:07:45,893  INFO MatsimXmlParser:299 Trying to load http://www.matsim.org/files/dtd/network_v2.dtd. In some cases (e.g. network interface up but no connection), this may take a while.
2025-11-11T18:07:46,168  INFO NetworkImpl:165  node # 1
2025-11-11T18:07:46,179  INFO NetworkImpl:161  link # 1
2025-11-11T18:07:46,181  WARN PTMapper:78 The input network file set in PublicTransitMappingConfigGroup is ignored
2025-11-11T18:07:46,181  WARN PTMapper:81 The input schedule file set in PublicTransitMappingConfigGroup is ignored
2025-11-11T18:07:46,182  INFO LinkCandidateCreatorStandard:82 ===========================
2025-11-11T18:07:46,182  INFO LinkCandidateCreatorStandard:83 Creating link candidates...
2025-11-11T18:07:46,182  INFO LinkCandidateCreatorStandard:85    Note: loop links for stop facilities are created if no link candidate can be found.
2025-11-11T18:07:46,183  INFO Progress:40 Getting closest links ... 0/4 (0.00%)
2025-11-11T18:07:46,187  INFO NetworkImpl:419 building QuadTree for nodes: xrange(303803.189,304997.853); yrange(2770511.496,2770591.711)
2025-11-11T18:07:46,189  INFO NetworkImpl:428 Building QuadTree took 0.002 seconds.
2025-11-11T18:07:46,192  WARN LinkCandidateCreatorStandard:109 No transportModeAssignment found for schedule mode bus
2025-11-11T18:07:46,194  INFO Progress:40 Getting closest links ... 4/4 (100.00%)
2025-11-11T18:07:46,194  INFO Progress:40 Creating link candidates ... 0/12 (0.00%)
2025-11-11T18:07:46,196  INFO NetworkImpl:165  node # 4
2025-11-11T18:07:46,197  INFO NetworkImpl:161  link # 4
2025-11-11T18:07:46,197  INFO Progress:40 Creating link candidates ... 12/12 (100.00%)
2025-11-11T18:07:46,197  INFO Progress:40 Setting candidate priorities ... 0/12 (0.00%)
2025-11-11T18:07:46,197  INFO LinkCandidateCreatorStandard:233 Average number of link candidates: 1
2025-11-11T18:07:46,201  INFO PTMapper:153 ======================================
2025-11-11T18:07:46,201  INFO PTMapper:154 Mapping transit schedule to network...
2025-11-11T18:07:46,201  INFO PTMapper:170 ==================================
2025-11-11T18:07:46,201  INFO PTMapper:171 Calculating pseudoTransitRoutes... (4 transit routes in 2 transit lines)
2025-11-11T18:07:46,201  INFO Progress:40 Calculating pseudoTransitRoutes ... 0/4 (0.00%)
2025-11-11T18:07:46,202  INFO ScheduleRoutersStandard:85 ==============================================
2025-11-11T18:07:46,202  INFO ScheduleRoutersStandard:86 Creating network routers for transit routes...
2025-11-11T18:07:46,202  INFO ScheduleRoutersStandard:87 Initiating network and router for transit routes...
2025-11-11T18:07:46,202  INFO ScheduleRoutersStandard:106 New router for schedule mode subway
2025-11-11T18:07:46,203  INFO Config:461 setting context to [file:/Users/ro9air/matsim-example-project/]
2025-11-11T18:07:46,204  INFO NetworkImpl:165  node # 1
2025-11-11T18:07:46,204  INFO NetworkImpl:165  node # 4
2025-11-11T18:07:46,204  INFO NetworkImpl:161  link # 1
2025-11-11T18:07:46,206  INFO SpeedyALTData:51 find dead ends...
2025-11-11T18:07:46,207  INFO SpeedyALTData:132 calculate landmarks...
2025-11-11T18:07:46,208  INFO SpeedyALTData:173 calculate min travelcost...
2025-11-11T18:07:46,209  INFO ScheduleRoutersStandard:106 New router for schedule mode bus
2025-11-11T18:07:46,209  INFO Config:461 setting context to [file:/Users/ro9air/matsim-example-project/]
2025-11-11T18:07:46,210  INFO NetworkImpl:165  node # 1
2025-11-11T18:07:46,210  INFO NetworkImpl:165  node # 4
2025-11-11T18:07:46,210  INFO SpeedyALTData:51 find dead ends...
2025-11-11T18:07:46,210  INFO SpeedyALTData:132 calculate landmarks...
2025-11-11T18:07:46,210  WARN SpeedyALTData:141 Network does not contain any nodes!
2025-11-11T18:07:46,210  INFO SpeedyALTData:173 calculate min travelcost...
2025-11-11T18:07:46,215  INFO Progress:40 Calculating pseudoTransitRoutes ... 4/4 (100.00%)
2025-11-11T18:07:46,215  INFO PTMapper:206 =====================================
2025-11-11T18:07:46,215  INFO PTMapper:207 Adding artificial links to network...
2025-11-11T18:07:46,215  INFO PTMapper:218 ==========================================================================================
2025-11-11T18:07:46,215  INFO PTMapper:219 Replacing parent StopFacilities in schedule, creating link sequences for transit routes...
2025-11-11T18:07:46,217  INFO PseudoScheduleImpl:229 createFacilitiesAndLinkSequences done.
2025-11-11T18:07:46,217  INFO PTMapper:226 ================================
2025-11-11T18:07:46,217  INFO PTMapper:227 Pulling child stop facilities...
2025-11-11T18:07:46,218  INFO PTMapper:234 ==========================================
2025-11-11T18:07:46,218  INFO PTMapper:235 Add transfers for child stop facilities...
2025-11-11T18:07:46,218  INFO PTMapper:243 =============================
2025-11-11T18:07:46,218  INFO PTMapper:244 Clean schedule and network...
2025-11-11T18:07:46,219  INFO ScheduleCleaner:188 ... Removing links that are not used by public transit
2025-11-11T18:07:46,219  INFO ScheduleCleaner:227     0 links removed
2025-11-11T18:07:46,219  INFO ScheduleCleaner:89 ... Removing not used stop facilities
2025-11-11T18:07:46,219  INFO ScheduleCleaner:117    6 stop facilities removed
2025-11-11T18:07:46,219  INFO ScheduleCleaner:126 ... Removing not used minimal transfer times
2025-11-11T18:07:46,219  INFO ScheduleCleaner:142     12 not used minimal transfer times facilities removed
2025-11-11T18:07:46,219  INFO ScheduleTools:336 ... Assigning schedule transport mode to network
2025-11-11T18:07:46,219  INFO PTMapper:250 ======================
2025-11-11T18:07:46,219  INFO PTMapper:251 Validating schedule...
2025-11-11T18:07:46,221  INFO PTMapper:290 Schedule appears valid!
2025-11-11T18:07:46,221  INFO PTMapper:254 ==================================================
2025-11-11T18:07:46,221  INFO PTMapper:255 = Mapping transit schedule to network completed! =
2025-11-11T18:07:46,221  INFO PTMapper:256 ==================================================
2025-11-11T18:07:46,222  INFO PTMapper:338 
2025-11-11T18:07:46,222  INFO PTMapper:339     Artificial Links:
2025-11-11T18:07:46,222  INFO PTMapper:340        created  13
2025-11-11T18:07:46,222  INFO PTMapper:341     Stop Facilities:
2025-11-11T18:07:46,222  INFO PTMapper:342        total input   6
2025-11-11T18:07:46,222  INFO PTMapper:343        total output  6
2025-11-11T18:07:46,222  INFO PTMapper:344        diff.         0
2025-11-11T18:07:46,222  INFO PTMapper:345     Child Stop Facilities:
2025-11-11T18:07:46,222  INFO PTMapper:346        median nr created   1
2025-11-11T18:07:46,222  INFO PTMapper:347        average nr created  1.00
2025-11-11T18:07:46,222  INFO PTMapper:348        max nr created      1
2025-11-11T18:07:46,223  INFO PTMapper:349     Transit Routes:
2025-11-11T18:07:46,223  INFO PTMapper:350        total routes in schedule         4
2025-11-11T18:07:46,223  INFO PTMapper:351        routes without artificial links  0
2025-11-11T18:07:46,223  INFO PTMapper:352 
2025-11-11T18:07:46,223  INFO PTMapper:353     Run PlausibilityCheck for further analysis
2025-11-11T18:07:46,223  INFO PTMapper:354 
2025-11-11T18:07:46,223  INFO PTMapper:355 ==================================================
2025-11-11T18:07:46,223  INFO PublicTransitMapper:95 Writing schedule and network to file...
2025-11-11T18:07:46,223  INFO ScheduleTools:78 Writing transit schedule to file /var/folders/7r/2288hvdn1rq7lmxcl2729h7w0000gn/T/junit-6504971925567335061/transitSchedule-mapped.xml.gz
2025-11-11T18:07:46,223  INFO TransitScheduleWriter:89 about to write transit schedule to: /var/folders/7r/2288hvdn1rq7lmxcl2729h7w0000gn/T/junit-6504971925567335061/transitSchedule-mapped.xml.gz
2025-11-11T18:07:46,224  INFO ScheduleTools:80 done.
2025-11-11T18:07:46,224  INFO NetworkWriter:70 Writing network to file: /var/folders/7r/2288hvdn1rq7lmxcl2729h7w0000gn/T/junit-6504971925567335061/network-mapped.xml.gz...
2025-11-11T18:07:46,226  INFO NetworkWriter:73 done.
2025-11-11T18:07:46,228  INFO Config:461 setting context to [file:/Users/ro9air/matsim-example-project/]
2025-11-11T18:07:46,229  INFO MatsimXmlParser:155 starting to parse xml from file /var/folders/7r/2288hvdn1rq7lmxcl2729h7w0000gn/T/junit-6504971925567335061/transitSchedule-mapped.xml.gz ...
2025-11-11T18:07:46,229  INFO IOUtils:211 Resolved /var/folders/7r/2288hvdn1rq7lmxcl2729h7w0000gn/T/junit-6504971925567335061/transitSchedule-mapped.xml.gz to /var/folders/7r/2288hvdn1rq7lmxcl2729h7w0000gn/T/junit-6504971925567335061/transitSchedule-mapped.xml.gz
2025-11-11T18:07:46,230  INFO MatsimXmlParser:299 Trying to load http://www.matsim.org/files/dtd/transitSchedule_v2.dtd. In some cases (e.g. network interface up but no connection), this may take a while.
2025-11-11T18:07:46,515  INFO AutoResetIdCaches:68 Resetting Id caches.
2025-11-11T18:07:46,520  INFO GtfsFeedImpl:141 Loading GTFS files from /var/folders/7r/2288hvdn1rq7lmxcl2729h7w0000gn/T/junit-16507450407901576239/bl_corridor/
2025-11-11T18:07:46,520  INFO GtfsFeedImpl:202 Loading agency.txt
2025-11-11T18:07:46,520  INFO GtfsFeedImpl:234 ...     agency.txt loaded
2025-11-11T18:07:46,520  INFO GtfsFeedImpl:247 Loading stops.txt
2025-11-11T18:07:46,520  INFO GtfsFeedImpl:304 ...     stops.txt loaded
2025-11-11T18:07:46,520  INFO GtfsFeedImpl:329 Loading calendar.txt
2025-11-11T18:07:46,521  INFO GtfsFeedImpl:364 ...     calendar.txt loaded
2025-11-11T18:07:46,521  INFO GtfsFeedImpl:378 Looking for calendar_dates.txt
2025-11-11T18:07:46,521  INFO GtfsFeedImpl:412 ...     no calendar dates file found.
2025-11-11T18:07:46,521  INFO GtfsFeedImpl:431 Looking for shapes.txt
2025-11-11T18:07:46,521  INFO GtfsFeedImpl:458 ...     no shapes file found.
2025-11-11T18:07:46,521  INFO GtfsFeedImpl:476 Loading routes.txt
2025-11-11T18:07:46,522  INFO GtfsFeedImpl:529 ...     routes.txt loaded
2025-11-11T18:07:46,522  INFO GtfsFeedImpl:545 Loading trips.txt
2025-11-11T18:07:46,522  INFO GtfsFeedImpl:591 ...     trips.txt loaded
2025-11-11T18:07:46,522  INFO GtfsFeedImpl:604 Loading stop_times.txt
2025-11-11T18:07:46,522  INFO GtfsFeedImpl:678 ...     stop_times.txt loaded
2025-11-11T18:07:46,522  INFO GtfsFeedImpl:689 Looking for frequencies.txt
2025-11-11T18:07:46,522  INFO GtfsFeedImpl:726 ...     no frequencies file found
2025-11-11T18:07:46,522  INFO GtfsFeedImpl:737 Looking for transfers.txt
2025-11-11T18:07:46,522  INFO GtfsFeedImpl:772 ...     no transfers file found
2025-11-11T18:07:46,523  INFO GtfsFeedImpl:175 All files loaded
2025-11-11T18:07:46,523  INFO Config:461 setting context to [file:/Users/ro9air/matsim-example-project/]
2025-11-11T18:07:46,523  INFO Config:461 setting context to [file:/Users/ro9air/matsim-example-project/]
2025-11-11T18:07:46,524  INFO GtfsConverter:102 #####################################
2025-11-11T18:07:46,524  INFO GtfsConverter:103 Converting to MATSim transit schedule
2025-11-11T18:07:46,524  WARN MGC:179 Assuming that coordinates are in longitude first notation, i.e. (longitude, latitude).
2025-11-11T18:07:46,525  WARN MGC:179 Assuming that coordinates are in longitude first notation, i.e. (longitude, latitude).
2025-11-11T18:07:46,525  INFO GtfsConverter:390     Using service IDs of the day with the most trips (dayWithMostTrips).
2025-11-11T18:07:46,525  INFO GtfsConverter:110     Extracting schedule from date 2025-01-01
2025-11-11T18:07:46,525  INFO GtfsConverter:191     Creating TransitLines from routes and TransitRoutes from trips...
2025-11-11T18:07:46,525  INFO ScheduleCleaner:321 Combining TransitRoutes with equal stop sequence and arrival/departure offsets...
2025-11-11T18:07:46,526  INFO ScheduleCleaner:352 ... Combined 0 transit routes
2025-11-11T18:07:46,526  INFO ScheduleCleaner:89 ... Removing not used stop facilities
2025-11-11T18:07:46,526  INFO ScheduleCleaner:117    0 stop facilities removed
2025-11-11T18:07:46,526  INFO ScheduleCleaner:126 ... Removing not used minimal transfer times
2025-11-11T18:07:46,526  INFO ScheduleCleaner:142     0 not used minimal transfer times facilities removed
2025-11-11T18:07:46,526  INFO Counter:70 [VehiclesImpl] added vehicle # 1
2025-11-11T18:07:46,526  INFO Counter:70 [VehiclesImpl] added vehicle # 2
2025-11-11T18:07:46,526  INFO Counter:70 [VehiclesImpl] added vehicle # 4
2025-11-11T18:07:46,526  INFO GtfsConverter:140     Created 4 routes on 2 lines.
2025-11-11T18:07:46,526  INFO GtfsConverter:141     Day 2025-01-01
2025-11-11T18:07:46,526  INFO GtfsConverter:142 ... GTFS converted to an unmapped MATSIM Transit Schedule
2025-11-11T18:07:46,526  INFO GtfsConverter:143 #########################################################
2025-11-11T18:07:46,526  INFO ScheduleTools:78 Writing transit schedule to file /var/folders/7r/2288hvdn1rq7lmxcl2729h7w0000gn/T/junit-16507450407901576239/transitSchedule-unmapped.xml.gz
2025-11-11T18:07:46,526  INFO TransitScheduleWriter:89 about to write transit schedule to: /var/folders/7r/2288hvdn1rq7lmxcl2729h7w0000gn/T/junit-16507450407901576239/transitSchedule-unmapped.xml.gz
2025-11-11T18:07:46,527  INFO ScheduleTools:80 done.
2025-11-11T18:07:46,527  INFO ScheduleTools:521 Writing vehicles to file /var/folders/7r/2288hvdn1rq7lmxcl2729h7w0000gn/T/junit-16507450407901576239/transitVehicles.xml.gz
2025-11-11T18:07:46,527  INFO MatsimVehicleWriter:49 about to write vehicles to: /var/folders/7r/2288hvdn1rq7lmxcl2729h7w0000gn/T/junit-16507450407901576239/transitVehicles.xml.gz
2025-11-11T18:07:46,527  INFO VehicleWriterV2:64 about to write vehicles to: /var/folders/7r/2288hvdn1rq7lmxcl2729h7w0000gn/T/junit-16507450407901576239/transitVehicles.xml.gz
2025-11-11T18:07:46,528  INFO Config:461 setting context to [file:/Users/ro9air/matsim-example-project/]
2025-11-11T18:07:46,529  INFO MatsimXmlParser:155 starting to parse xml from file /var/folders/7r/2288hvdn1rq7lmxcl2729h7w0000gn/T/junit-16507450407901576239/transitSchedule-unmapped.xml.gz ...
2025-11-11T18:07:46,529  INFO IOUtils:211 Resolved /var/folders/7r/2288hvdn1rq7lmxcl2729h7w0000gn/T/junit-16507450407901576239/transitSchedule-unmapped.xml.gz to /var/folders/7r/2288hvdn1rq7lmxcl2729h7w0000gn/T/junit-16507450407901576239/transitSchedule-unmapped.xml.gz
2025-11-11T18:07:46,530  INFO MatsimXmlParser:299 Trying to load http://www.matsim.org/files/dtd/transitSchedule_v2.dtd. In some cases (e.g. network interface up but no connection), this may take a while.
2025-11-11T18:07:46,811  INFO AutoResetIdCaches:68 Resetting Id caches.
[INFO] Tests run: 2, Failures: 0, Errors: 0, Skipped: 0, Time elapsed: 2.573 s -- in org.matsim.project.tools.CorridorPipelineTest
[INFO] Running org.matsim.project.RunMatsimTest
[WARNING] Tests run: 1, Failures: 0, Errors: 0, Skipped: 1, Time elapsed: 0 s -- in org.matsim.project.RunMatsimTest
[INFO] 
[INFO] Results:
[INFO] 
[WARNING] Tests run: 3, Failures: 0, Errors: 0, Skipped: 1
[INFO] 
[INFO] 
[INFO] --- jar:3.4.2:jar (default-jar) @ matsim-example-project ---
[INFO] Building jar: /Users/ro9air/matsim-example-project/target/matsim-example-project-0.0.1-SNAPSHOT.jar
[INFO] 
[INFO] --- shade:3.4.1:shade (default) @ matsim-example-project ---
[INFO] Including org.matsim:matsim:jar:2026.0-2025w46 in the shaded jar.
[INFO] Including jakarta.annotation:jakarta.annotation-api:jar:3.0.0 in the shaded jar.
[INFO] Including it.unimi.dsi:fastutil-core:jar:8.5.18 in the shaded jar.
[INFO] Including org.geotools:gt-main:jar:34.0 in the shaded jar.
[INFO] Including org.geotools:gt-http:jar:34.0 in the shaded jar.
[INFO] Including javax.measure:unit-api:jar:2.2 in the shaded jar.
[INFO] Including com.google.re2j:re2j:jar:1.8 in the shaded jar.
[INFO] Including org.ejml:ejml-ddense:jar:0.41 in the shaded jar.
[INFO] Including org.ejml:ejml-core:jar:0.41 in the shaded jar.
[INFO] Including org.eclipse.imagen:utilities:jar:0.9.0 in the shaded jar.
[INFO] Including org.eclipse.imagen:imagen-core:jar:0.9.0 in the shaded jar.
[INFO] Including org.geotools:gt-referencing:jar:34.0 in the shaded jar.
[INFO] Including commons-pool:commons-pool:jar:1.5.4 in the shaded jar.
[INFO] Including it.geosolutions.jgridshift:jgridshift-core:jar:1.3 in the shaded jar.
[INFO] Including net.sf.geographiclib:GeographicLib-Java:jar:1.49 in the shaded jar.
[INFO] Including org.geotools:gt-shapefile:jar:34.0 in the shaded jar.
[INFO] Including org.geotools:gt-geopkg:jar:34.0 in the shaded jar.
[INFO] Including org.xerial:sqlite-jdbc:jar:3.41.2.2 in the shaded jar.
[INFO] Including org.geotools.xsd:gt-xsd-core:jar:34.0 in the shaded jar.
[INFO] Including org.geotools:gt-xml:jar:34.0 in the shaded jar.
[INFO] Including org.apache.xml:xml-commons-resolver:jar:1.2 in the shaded jar.
[INFO] Including picocontainer:picocontainer:jar:1.2 in the shaded jar.
[INFO] Including commons-jxpath:commons-jxpath:jar:1.3 in the shaded jar.
[INFO] Including org.eclipse.emf:org.eclipse.emf.common:jar:2.15.0 in the shaded jar.
[INFO] Including org.eclipse.emf:org.eclipse.emf.ecore:jar:2.15.0 in the shaded jar.
[INFO] Including org.eclipse.xsd:org.eclipse.xsd:jar:2.12.0 in the shaded jar.
[INFO] Including org.eclipse.emf:org.eclipse.emf.ecore.xmi:jar:2.15.0 in the shaded jar.
[INFO] Including org.geotools.xsd:gt-xsd-fes:jar:34.0 in the shaded jar.
[INFO] Including org.geotools.ogc:net.opengis.fes:jar:34.0 in the shaded jar.
[INFO] Including org.geotools.xsd:gt-xsd-gml3:jar:34.0 in the shaded jar.
[INFO] Including org.geotools.xsd:gt-xsd-gml2:jar:34.0 in the shaded jar.
[INFO] Including org.geotools.xsd:gt-xsd-ows:jar:34.0 in the shaded jar.
[INFO] Including org.geotools.xsd:gt-xsd-filter:jar:34.0 in the shaded jar.
[INFO] Including org.geotools:gt-epsg-hsql:jar:34.0 in the shaded jar.
[INFO] Including org.locationtech.jts:jts-core:jar:1.20.0 in the shaded jar.
[INFO] Including org.jfree:jfreechart:jar:1.5.6 in the shaded jar.
[INFO] Including com.google.inject:guice:jar:7.0.0 in the shaded jar.
[INFO] Including jakarta.inject:jakarta.inject-api:jar:2.0.1 in the shaded jar.
[INFO] Including aopalliance:aopalliance:jar:1.0 in the shaded jar.
[INFO] Including com.google.inject.extensions:guice-grapher:jar:7.0.0 in the shaded jar.
[INFO] Including com.google.inject.extensions:guice-assistedinject:jar:7.0.0 in the shaded jar.
[INFO] Including com.google.guava:guava:jar:33.5.0-jre in the shaded jar.
[INFO] Including com.google.guava:failureaccess:jar:1.0.3 in the shaded jar.
[INFO] Including com.google.guava:listenablefuture:jar:9999.0-empty-to-avoid-conflict-with-guava in the shaded jar.
[INFO] Including org.jspecify:jspecify:jar:1.0.0 in the shaded jar.
[INFO] Including com.google.j2objc:j2objc-annotations:jar:3.1 in the shaded jar.
[INFO] Including org.jgrapht:jgrapht-core:jar:1.5.2 in the shaded jar.
[INFO] Including org.jheaps:jheaps:jar:0.14 in the shaded jar.
[INFO] Including org.apfloat:apfloat:jar:1.10.1 in the shaded jar.
[INFO] Including net.sf.trove4j:trove4j:jar:3.0.3 in the shaded jar.
[INFO] Including org.lz4:lz4-java:jar:1.8.0 in the shaded jar.
[INFO] Including com.github.luben:zstd-jni:jar:1.5.7-6 in the shaded jar.
[INFO] Including jakarta.validation:jakarta.validation-api:jar:3.1.1 in the shaded jar.
[INFO] Including org.hibernate.validator:hibernate-validator:jar:9.0.1.Final in the shaded jar.
[INFO] Including com.fasterxml:classmate:jar:1.7.0 in the shaded jar.
[INFO] Including org.hibernate.validator:hibernate-validator-annotation-processor:jar:9.0.1.Final in the shaded jar.
[INFO] Including org.glassfish:jakarta.el:jar:4.0.2 in the shaded jar.
[INFO] Including jakarta.el:jakarta.el-api:jar:4.0.0 in the shaded jar.
[INFO] Including org.apache.commons:commons-compress:jar:1.28.0 in the shaded jar.
[INFO] Including org.apache.commons:commons-math3:jar:3.6.1 in the shaded jar.
[INFO] Including org.apache.commons:commons-rng-simple:jar:1.6 in the shaded jar.
[INFO] Including org.apache.commons:commons-statistics-distribution:jar:1.2 in the shaded jar.
[INFO] Including org.apache.commons:commons-numbers-core:jar:1.2 in the shaded jar.
[INFO] Including org.apache.commons:commons-numbers-combinatorics:jar:1.2 in the shaded jar.
[INFO] Including org.apache.commons:commons-numbers-gamma:jar:1.2 in the shaded jar.
[INFO] Including org.apache.commons:commons-numbers-fraction:jar:1.2 in the shaded jar.
[INFO] Including org.apache.commons:commons-numbers-rootfinder:jar:1.2 in the shaded jar.
[INFO] Including info.picocli:picocli:jar:4.7.7 in the shaded jar.
[INFO] Including jakarta.xml.bind:jakarta.xml.bind-api:jar:4.0.4 in the shaded jar.
[INFO] Including jakarta.activation:jakarta.activation-api:jar:2.1.4 in the shaded jar.
[INFO] Including com.sun.xml.bind:jaxb-impl:jar:4.0.6 in the shaded jar.
[INFO] Including com.fasterxml.jackson.core:jackson-databind:jar:2.20.1 in the shaded jar.
[INFO] Including com.fasterxml.jackson.core:jackson-core:jar:2.20.1 in the shaded jar.
[INFO] Including com.fasterxml.jackson.dataformat:jackson-dataformat-yaml:jar:2.20.1 in the shaded jar.
[INFO] Including org.yaml:snakeyaml:jar:2.4 in the shaded jar.
[INFO] Including com.fasterxml.woodstox:woodstox-core:jar:7.1.1 in the shaded jar.
[INFO] Including org.codehaus.woodstox:stax2-api:jar:4.2.2 in the shaded jar.
[INFO] Including org.geotools:gt-jdbc:jar:34.0 in the shaded jar.
[INFO] Including commons-dbcp:commons-dbcp:jar:1.4 in the shaded jar.
[INFO] Including org.geotools:gt-api:jar:34.0 in the shaded jar.
[INFO] Including systems.uom:systems-common:jar:2.1 in the shaded jar.
[INFO] Including si.uom:si-quantity:jar:2.1 in the shaded jar.
[INFO] Including si.uom:si-units:jar:2.1 in the shaded jar.
[INFO] Including tech.units:indriya:jar:2.2 in the shaded jar.
[INFO] Including tech.uom.lib:uom-lib-common:jar:2.2 in the shaded jar.
[INFO] Including org.apache.commons:commons-rng-sampling:jar:1.6 in the shaded jar.
[INFO] Including org.apache.commons:commons-rng-client-api:jar:1.6 in the shaded jar.
[INFO] Including org.apache.commons:commons-lang3:jar:3.19.0 in the shaded jar.
[INFO] Including com.fasterxml.jackson.core:jackson-annotations:jar:2.20 in the shaded jar.
[INFO] Including commons-io:commons-io:jar:2.20.0 in the shaded jar.
[INFO] Including org.jboss.logging:jboss-logging:jar:3.6.1.Final in the shaded jar.
[INFO] Including com.google.errorprone:error_prone_annotations:jar:2.44.0 in the shaded jar.
[INFO] Including org.apache.commons:commons-rng-core:jar:1.6 in the shaded jar.
[INFO] Including org.apiguardian:apiguardian-api:jar:1.1.2 in the shaded jar.
[INFO] Including org.matsim:matsim-examples:jar:2026.0-2025w46 in the shaded jar.
[INFO] Including org.matsim.contrib:minibus:jar:2026.0-2025w46 in the shaded jar.
[INFO] Including commons-codec:commons-codec:jar:1.20.0 in the shaded jar.
[INFO] Including commons-logging:commons-logging:jar:1.3.5 in the shaded jar.
[INFO] Including org.matsim.contrib:otfvis:jar:2026.0-2025w46 in the shaded jar.
[INFO] Including net.java.dev.timingframework:timingframework:jar:1.0 in the shaded jar.
[INFO] Including org.jogamp.gluegen:gluegen-rt-main:jar:2.6.0 in the shaded jar.
[INFO] Including org.jogamp.gluegen:gluegen-rt:jar:natives-android-aarch64:2.6.0 in the shaded jar.
[INFO] Including org.jogamp.gluegen:gluegen-rt:jar:natives-android-x86_64:2.6.0 in the shaded jar.
[INFO] Including org.jogamp.gluegen:gluegen-rt:jar:natives-freebsd-amd64:2.6.0 in the shaded jar.
[INFO] Including org.jogamp.gluegen:gluegen-rt:jar:natives-linux-amd64:2.6.0 in the shaded jar.
[INFO] Including org.jogamp.gluegen:gluegen-rt:jar:natives-linux-armv6hf:2.6.0 in the shaded jar.
[INFO] Including org.jogamp.gluegen:gluegen-rt:jar:natives-linux-aarch64:2.6.0 in the shaded jar.
[INFO] Including org.jogamp.gluegen:gluegen-rt:jar:natives-macosx-universal:2.6.0 in the shaded jar.
[INFO] Including org.jogamp.gluegen:gluegen-rt:jar:natives-windows-amd64:2.6.0 in the shaded jar.
[INFO] Including antlr:antlr:jar:2.7.7 in the shaded jar.
[INFO] Including org.jogamp.jogl:jogl-all-main:jar:2.6.0 in the shaded jar.
[INFO] Including org.jogamp.jogl:jogl-all:jar:natives-android-aarch64:2.6.0 in the shaded jar.
[INFO] Including org.jogamp.jogl:jogl-all:jar:natives-android-x86_64:2.6.0 in the shaded jar.
[INFO] Including org.jogamp.jogl:jogl-all:jar:natives-freebsd-amd64:2.6.0 in the shaded jar.
[INFO] Including org.jogamp.jogl:jogl-all:jar:natives-linux-amd64:2.6.0 in the shaded jar.
[INFO] Including org.jogamp.jogl:jogl-all:jar:natives-linux-armv6hf:2.6.0 in the shaded jar.
[INFO] Including org.jogamp.jogl:jogl-all:jar:natives-linux-aarch64:2.6.0 in the shaded jar.
[INFO] Including org.jogamp.jogl:jogl-all:jar:natives-macosx-universal:2.6.0 in the shaded jar.
[INFO] Including org.jogamp.jogl:jogl-all:jar:natives-windows-amd64:2.6.0 in the shaded jar.
[INFO] Including org.jxmapviewer:jxmapviewer2:jar:2.8 in the shaded jar.
[INFO] Including org.jogamp.gluegen:gluegen-rt:jar:2.6.0 in the shaded jar.
[INFO] Including org.jogamp.jogl:jogl-all:jar:2.6.0 in the shaded jar.
[INFO] Including org.matsim.contrib:noise:jar:2026.0-2025w46 in the shaded jar.
[INFO] Including org.geotools:gt-geojson:jar:34.0 in the shaded jar.
[INFO] Including com.googlecode.json-simple:json-simple:jar:1.1.1 in the shaded jar.
[INFO] Including org.geotools:gt-coverage:jar:34.0 in the shaded jar.
[INFO] Including it.geosolutions.imageio-ext:imageio-ext-tiff:jar:2.0.0 in the shaded jar.
[INFO] Including it.geosolutions.imageio-ext:imageio-ext-utilities:jar:2.0.0 in the shaded jar.
[INFO] Including org.eclipse.imagen:rendered-image-browser:jar:0.9.0 in the shaded jar.
[INFO] Including it.geosolutions.imageio-ext:imageio-ext-geocore:jar:2.0.0 in the shaded jar.
[INFO] Including it.geosolutions.imageio-ext:imageio-ext-streams:jar:2.0.0 in the shaded jar.
[INFO] Including javax.xml.bind:jaxb-api:jar:2.4.0-b180830.0359 in the shaded jar.
[INFO] Including javax.activation:javax.activation-api:jar:1.2.0 in the shaded jar.
[INFO] Including io.airlift:aircompressor:jar:0.27 in the shaded jar.
[INFO] Including org.eclipse.imagen:affine:jar:0.9.0 in the shaded jar.
[INFO] Including org.eclipse.imagen:algebra:jar:0.9.0 in the shaded jar.
[INFO] Including org.eclipse.imagen:bandmerge:jar:0.9.0 in the shaded jar.
[INFO] Including org.eclipse.imagen:bandselect:jar:0.9.0 in the shaded jar.
[INFO] Including org.eclipse.imagen:bandcombine:jar:0.9.0 in the shaded jar.
[INFO] Including org.eclipse.imagen:border:jar:0.9.0 in the shaded jar.
[INFO] Including org.eclipse.imagen:buffer:jar:0.9.0 in the shaded jar.
[INFO] Including org.eclipse.imagen:crop:jar:0.9.0 in the shaded jar.
[INFO] Including org.eclipse.imagen:iterators:jar:0.9.0 in the shaded jar.
[INFO] Including org.eclipse.imagen:lookup:jar:0.9.0 in the shaded jar.
[INFO] Including org.eclipse.imagen:mosaic:jar:0.9.0 in the shaded jar.
[INFO] Including org.eclipse.imagen:nullop:jar:0.9.0 in the shaded jar.
[INFO] Including org.eclipse.imagen:rescale:jar:0.9.0 in the shaded jar.
[INFO] Including org.eclipse.imagen:scale:jar:0.9.0 in the shaded jar.
[INFO] Including org.eclipse.imagen:scale2:jar:0.9.0 in the shaded jar.
[INFO] Including org.huldra.math:bigint:jar:0.7.1 in the shaded jar.
[INFO] Including org.eclipse.imagen:stats:jar:0.9.0 in the shaded jar.
[INFO] Including org.eclipse.imagen:translate:jar:0.9.0 in the shaded jar.
[INFO] Including org.eclipse.imagen:warp:jar:0.9.0 in the shaded jar.
[INFO] Including org.eclipse.imagen:zonal:jar:0.9.0 in the shaded jar.
[INFO] Including org.eclipse.imagen:binarize:jar:0.9.0 in the shaded jar.
[INFO] Including org.eclipse.imagen:format:jar:0.9.0 in the shaded jar.
[INFO] Including org.eclipse.imagen:colorconvert:jar:0.9.0 in the shaded jar.
[INFO] Including org.eclipse.imagen:errordiffusion:jar:0.9.0 in the shaded jar.
[INFO] Including org.eclipse.imagen:orderdither:jar:0.9.0 in the shaded jar.
[INFO] Including org.eclipse.imagen:colorindexer:jar:0.9.0 in the shaded jar.
[INFO] Including org.eclipse.imagen:imagefunction:jar:0.9.0 in the shaded jar.
[INFO] Including org.eclipse.imagen:piecewise:jar:0.9.0 in the shaded jar.
[INFO] Including org.eclipse.imagen:classifier:jar:0.9.0 in the shaded jar.
[INFO] Including org.eclipse.imagen:rlookup:jar:0.9.0 in the shaded jar.
[INFO] Including org.eclipse.imagen:vectorbin:jar:0.9.0 in the shaded jar.
[INFO] Including org.eclipse.imagen:shadedrelief:jar:0.9.0 in the shaded jar.
[INFO] Including org.eclipse.imagen:imageread:jar:0.9.0 in the shaded jar.
[INFO] Including org.eclipse.imagen:convolve:jar:0.9.0 in the shaded jar.
[INFO] Including org.geotools:gt-geotiff:jar:34.0 in the shaded jar.
[INFO] Including it.geosolutions.imageio-ext:imageio-ext-cog-reader:jar:2.0.0 in the shaded jar.
[INFO] Including it.geosolutions.imageio-ext:imageio-ext-cog-commons:jar:2.0.0 in the shaded jar.
[INFO] Including it.geosolutions.imageio-ext:imageio-ext-cog-streams:jar:2.0.0 in the shaded jar.
[INFO] Including org.ehcache:ehcache:jar:3.4.0 in the shaded jar.
[INFO] Including org.geotools:gt-metadata:jar:34.0 in the shaded jar.
[INFO] Including org.geotools.ogc:net.opengis.ows:jar:34.0 in the shaded jar.
[INFO] Including org.geotools.ogc:org.w3.xlink:jar:34.0 in the shaded jar.
[INFO] Including org.matsim.contrib:roadpricing:jar:2026.0-2025w46 in the shaded jar.
[INFO] Including org.matsim.contrib:taxi:jar:2026.0-2025w46 in the shaded jar.
[INFO] Including org.matsim.contrib:dvrp:jar:2026.0-2025w46 in the shaded jar.
[INFO] Including org.matsim.contrib:drt:jar:2026.0-2025w46 in the shaded jar.
[INFO] Including org.matsim.contrib:ev:jar:2026.0-2025w46 in the shaded jar.
[INFO] Including org.matsim.contrib:common:jar:2026.0-2025w46 in the shaded jar.
[INFO] Including com.uber:h3:jar:4.3.2 in the shaded jar.
[INFO] Including one.util:streamex:jar:0.8.4 in the shaded jar.
[INFO] Including org.matsim.contrib:av:jar:2026.0-2025w46 in the shaded jar.
[INFO] Including org.matsim.contrib:freight:jar:2026.0-2025w46 in the shaded jar.
[INFO] Including com.graphhopper:jsprit-core:jar:1.8 in the shaded jar.
[INFO] Including com.graphhopper:jsprit-io:jar:1.8 in the shaded jar.
[INFO] Including commons-configuration:commons-configuration:jar:1.9 in the shaded jar.
[INFO] Including com.graphhopper:jsprit-analysis:jar:1.8 in the shaded jar.
[INFO] Including org.graphstream:gs-core:jar:1.3 in the shaded jar.
[INFO] Including org.graphstream:pherd:jar:1.0 in the shaded jar.
[INFO] Including org.graphstream:mbox2:jar:1.0 in the shaded jar.
[INFO] Including org.graphstream:gs-ui:jar:1.3 in the shaded jar.
[INFO] Including org.graphstream:gs-algo:jar:1.3 in the shaded jar.
[INFO] Including org.scala-lang:scala-library:jar:2.10.1 in the shaded jar.
[INFO] Including org.apache.logging.log4j:log4j-slf4j2-impl:jar:2.25.2 in the shaded jar.
[INFO] Including org.hsqldb:hsqldb:jar:2.7.4 in the shaded jar.
[INFO] Including xerces:xercesImpl:jar:2.12.2 in the shaded jar.
[INFO] Including xml-apis:xml-apis:jar:1.4.01 in the shaded jar.
[INFO] Including org.matsim.contrib:bicycle:jar:2026.0-2025w46 in the shaded jar.
[INFO] Including org.matsim.contrib:osm:jar:2026.0-2025w46 in the shaded jar.
[INFO] Including de.topobyte:osm4j-pbf:jar:1.4.1 in the shaded jar.
[INFO] Including com.slimjars.trove4j:trove4j-object-int-hash-map:jar:1.0.1 in the shaded jar.
[INFO] Including com.slimjars.trove4j:trove4j-object-hash-iterator:jar:1.0.1 in the shaded jar.
[INFO] Including com.slimjars.trove4j:trove4j-hash-iterator:jar:1.0.1 in the shaded jar.
[INFO] Including com.slimjars.trove4j:trove4j-object-hash:jar:1.0.1 in the shaded jar.
[INFO] Including com.slimjars.trove4j:trove4j-object-int-map:jar:1.0.1 in the shaded jar.
[INFO] Including com.slimjars.trove4j:trove4j-int-collection:jar:1.0.1 in the shaded jar.
[INFO] Including com.slimjars.trove4j:trove4j-int-iterator:jar:1.0.1 in the shaded jar.
[INFO] Including com.slimjars.trove4j:trove4j-int-procedure:jar:1.0.1 in the shaded jar.
[INFO] Including com.slimjars.trove4j:trove4j-int-function:jar:1.0.1 in the shaded jar.
[INFO] Including com.slimjars.trove4j:trove4j-object-int-iterator:jar:1.0.1 in the shaded jar.
[INFO] Including com.slimjars.trove4j:trove4j-advancing-iterator:jar:1.0.1 in the shaded jar.
[INFO] Including com.slimjars.trove4j:trove4j-object-int-procedure:jar:1.0.1 in the shaded jar.
[INFO] Including com.slimjars.trove4j:trove4j-object-procedure:jar:1.0.1 in the shaded jar.
[INFO] Including de.topobyte:osm4j-core:jar:1.4.1 in the shaded jar.
[INFO] Including de.topobyte:adt-multicollections:jar:0.0.4 in the shaded jar.
[INFO] Including com.slimjars.trove4j:trove4j-long-hash-set:jar:1.0.1 in the shaded jar.
[INFO] Including com.slimjars.trove4j:trove4j-hash-primitive-iterator:jar:1.0.1 in the shaded jar.
[INFO] Including com.slimjars.trove4j:trove4j-primitive-hash:jar:1.0.1 in the shaded jar.
[INFO] Including com.slimjars.trove4j:trove4j-hash:jar:1.0.1 in the shaded jar.
[INFO] Including com.slimjars.trove4j:trove4j-prime-finder:jar:1.0.1 in the shaded jar.
[INFO] Including com.slimjars.trove4j:trove4j-primitive-iterator:jar:1.0.1 in the shaded jar.
[INFO] Including com.slimjars.trove4j:trove4j-long-hash:jar:1.0.1 in the shaded jar.
[INFO] Including com.slimjars.trove4j:trove4j-long-set:jar:1.0.1 in the shaded jar.
[INFO] Including com.slimjars.trove4j:trove4j-long-object-hash-map:jar:1.0.1 in the shaded jar.
[INFO] Including com.slimjars.trove4j:trove4j-long-object-map:jar:1.0.1 in the shaded jar.
[INFO] Including com.slimjars.trove4j:trove4j-long-object-iterator:jar:1.0.1 in the shaded jar.
[INFO] Including com.slimjars.trove4j:trove4j-long-object-procedure:jar:1.0.1 in the shaded jar.
[INFO] Including com.slimjars.trove4j:trove4j-object-function:jar:1.0.1 in the shaded jar.
[INFO] Including com.slimjars.trove4j:trove4j-long-array-list:jar:1.0.1 in the shaded jar.
[INFO] Including com.slimjars.trove4j:trove4j-constants:jar:1.0.1 in the shaded jar.
[INFO] Including com.slimjars.trove4j:trove4j-hash-functions:jar:1.0.1 in the shaded jar.
[INFO] Including com.slimjars.trove4j:trove4j-long-list:jar:1.0.1 in the shaded jar.
[INFO] Including com.slimjars.trove4j:trove4j-long-collection:jar:1.0.1 in the shaded jar.
[INFO] Including com.slimjars.trove4j:trove4j-long-iterator:jar:1.0.1 in the shaded jar.
[INFO] Including com.slimjars.trove4j:trove4j-iterator:jar:1.0.1 in the shaded jar.
[INFO] Including com.slimjars.trove4j:trove4j-long-procedure:jar:1.0.1 in the shaded jar.
[INFO] Including com.slimjars.trove4j:trove4j-long-function:jar:1.0.1 in the shaded jar.
[INFO] Including com.google.protobuf:protobuf-javalite:jar:4.29.2 in the shaded jar.
[INFO] Including org.matsim.contrib:emissions:jar:2026.0-2025w46 in the shaded jar.
[INFO] Including org.matsim.contrib:application:jar:2026.0-2025w46 in the shaded jar.
[INFO] Including tech.tablesaw:tablesaw-core:jar:0.44.4 in the shaded jar.
[INFO] Including org.roaringbitmap:RoaringBitmap:jar:1.0.5 in the shaded jar.
[INFO] Including com.univocity:univocity-parsers:jar:2.9.1 in the shaded jar.
[INFO] Including com.ibm.icu:icu4j:jar:74.2 in the shaded jar.
[INFO] Including io.github.classgraph:classgraph:jar:4.8.168 in the shaded jar.
[INFO] Including org.apache.avro:avro:jar:1.12.1 in the shaded jar.
[INFO] Including org.matsim.contrib:sumo:jar:2026.0-2025w46 in the shaded jar.
[INFO] Including com.github.matsim-org:gtfs2matsim:jar:19f1676fc6 in the shaded jar.
[INFO] Including com.conveyal:jackson2-geojson:jar:0.8 in the shaded jar.
[INFO] Including com.vividsolutions:jts:jar:1.13 in the shaded jar.
[INFO] Including it.unimi.dsi:fastutil:jar:8.5.18 in the shaded jar.
[INFO] Including org.apache.commons:commons-text:jar:1.14.0 in the shaded jar.
[INFO] Including com.fasterxml.jackson.datatype:jackson-datatype-jsr310:jar:2.20.1 in the shaded jar.
[INFO] Including org.apache.httpcomponents.core5:httpcore5:jar:5.3.6 in the shaded jar.
[INFO] Including commons-lang:commons-lang:jar:2.6 in the shaded jar.
[INFO] Including com.github.conveyal:gtfs-lib:jar:7.1.0 in the shaded jar.
[INFO] Including net.sourceforge.javacsv:javacsv:jar:2.0 in the shaded jar.
[INFO] Including com.beust:jcommander:jar:1.30 in the shaded jar.
[INFO] Including org.mapdb:mapdb:jar:1.0.8 in the shaded jar.
[INFO] Including org.slf4j:slf4j-simple:jar:1.7.25 in the shaded jar.
[INFO] Including commons-dbutils:commons-dbutils:jar:1.6 in the shaded jar.
[INFO] Including com.amazonaws:aws-java-sdk-s3:jar:1.11.18 in the shaded jar.
[INFO] Including com.amazonaws:aws-java-sdk-kms:jar:1.11.18 in the shaded jar.
[INFO] Including com.amazonaws:aws-java-sdk-core:jar:1.11.18 in the shaded jar.
[INFO] Including org.apache.httpcomponents:httpclient:jar:4.5.2 in the shaded jar.
[INFO] Including org.apache.httpcomponents:httpcore:jar:4.4.4 in the shaded jar.
[INFO] Including com.fasterxml.jackson.dataformat:jackson-dataformat-cbor:jar:2.20.1 in the shaded jar.
[INFO] Including commons-cli:commons-cli:jar:1.4 in the shaded jar.
[INFO] Including org.apache.commons:commons-dbcp2:jar:2.1.1 in the shaded jar.
[INFO] Including org.apache.commons:commons-pool2:jar:2.4.2 in the shaded jar.
[INFO] Including com.graphql-java:graphql-java:jar:11.0 in the shaded jar.
[INFO] Including org.antlr:antlr4-runtime:jar:4.7.1 in the shaded jar.
[INFO] Including com.graphql-java:java-dataloader:jar:2.1.1 in the shaded jar.
[INFO] Including org.reactivestreams:reactive-streams:jar:1.0.2 in the shaded jar.
[INFO] Including org.apache.httpcomponents.client5:httpclient5:jar:5.5.1 in the shaded jar.
[INFO] Including org.apache.httpcomponents.core5:httpcore5-h2:jar:5.3.6 in the shaded jar.
[INFO] Including org.matsim.contrib:simwrapper:jar:2026.0-2025w46 in the shaded jar.
[INFO] Including tech.tablesaw:tablesaw-jsplot:jar:0.44.4 in the shaded jar.
[INFO] Including io.pebbletemplates:pebble:jar:3.2.4 in the shaded jar.
[INFO] Including org.unbescape:unbescape:jar:1.1.6.RELEASE in the shaded jar.
[INFO] Including org.slf4j:slf4j-api:jar:2.0.17 in the shaded jar.
[INFO] Including com.opencsv:opencsv:jar:5.12.0 in the shaded jar.
[INFO] Including commons-beanutils:commons-beanutils:jar:1.11.0 in the shaded jar.
[INFO] Including commons-collections:commons-collections:jar:3.2.2 in the shaded jar.
[INFO] Including org.apache.commons:commons-collections4:jar:4.5.0 in the shaded jar.
[INFO] Including org.matsim.contrib:vsp:jar:2026.0-2025w46 in the shaded jar.
[INFO] Including org.matsim.contrib:multimodal:jar:2026.0-2025w46 in the shaded jar.
[INFO] Including org.matsim.contrib:parking:jar:2026.0-2025w46 in the shaded jar.
[INFO] Including org.matsim.contrib:accessibility:jar:2026.0-2025w46 in the shaded jar.
[INFO] Including org.geotools.jdbc:gt-jdbc-postgis:jar:34.0 in the shaded jar.
[INFO] Including org.matsim.contrib:informed-mode-choice:jar:2026.0-2025w46 in the shaded jar.
[INFO] Including org.matsim.contrib:signals:jar:2026.0-2025w46 in the shaded jar.
[INFO] Including de.topobyte:osm4j-xml:jar:1.4.1 in the shaded jar.
[INFO] Including de.topobyte:dynsax:jar:0.0.1 in the shaded jar.
[INFO] Including joda-time:joda-time:jar:2.13.0 in the shaded jar.
[INFO] Including org.openstreetmap.osmosis:osmosis-tagfilter:jar:0.49.2 in the shaded jar.
[INFO] Including org.openstreetmap.osmosis:osmosis-set:jar:0.49.2 in the shaded jar.
[INFO] Including org.openstreetmap.osmosis:osmosis-areafilter:jar:0.49.2 in the shaded jar.
[INFO] Including org.matsim.contrib:cadyts-integration:jar:2026.0-2025w46 in the shaded jar.
[INFO] Including org.apache.poi:poi-ooxml:jar:5.4.1 in the shaded jar.
[INFO] Including org.apache.poi:poi:jar:5.4.1 in the shaded jar.
[INFO] Including com.zaxxer:SparseBitSet:jar:1.3 in the shaded jar.
[INFO] Including org.apache.poi:poi-ooxml-lite:jar:5.4.1 in the shaded jar.
[INFO] Including org.apache.xmlbeans:xmlbeans:jar:5.3.0 in the shaded jar.
[INFO] Including com.github.virtuald:curvesapi:jar:1.08 in the shaded jar.
[INFO] Including com.jcraft:jsch:jar:0.1.55 in the shaded jar.
[INFO] Including org.openjfx:javafx-graphics:jar:23.0.2 in the shaded jar.
[INFO] Including org.openjfx:javafx-graphics:jar:mac-aarch64:23.0.2 in the shaded jar.
[INFO] Including org.openjfx:javafx-base:jar:23.0.2 in the shaded jar.
[INFO] Including com.graphhopper:graphhopper-core:jar:11.0 in the shaded jar.
[INFO] Including com.carrotsearch:hppc:jar:0.8.1 in the shaded jar.
[INFO] Including org.codehaus.janino:janino:jar:3.1.9 in the shaded jar.
[INFO] Including org.codehaus.janino:commons-compiler:jar:3.1.9 in the shaded jar.
[INFO] Including com.graphhopper.external:jackson-datatype-jts:jar:2.19.2 in the shaded jar.
[INFO] Including com.fasterxml.jackson.dataformat:jackson-dataformat-xml:jar:2.20.1 in the shaded jar.
[INFO] Including org.apache.xmlgraphics:xmlgraphics-commons:jar:2.7 in the shaded jar.
[INFO] Including de.westnordost:osm-legal-default-speeds-jvm:jar:1.4 in the shaded jar.
[INFO] Including org.jetbrains.kotlin:kotlin-stdlib:jar:1.6.20 in the shaded jar.
[INFO] Including org.jetbrains.kotlin:kotlin-stdlib-common:jar:1.6.20 in the shaded jar.
[INFO] Including org.openstreetmap.osmosis:osmosis-osm-binary:jar:0.48.3 in the shaded jar.
[INFO] Including org.apache.commons:commons-math:jar:2.2 in the shaded jar.
[INFO] Including cadyts:cadyts:jar:1.1.0 in the shaded jar.
[INFO] Including org.openjfx:javafx-base:jar:linux:23.0.2 in the shaded jar.
[INFO] Including org.openjfx:javafx-base:jar:mac-aarch64:23.0.2 in the shaded jar.
[INFO] Including com.graphhopper:graphhopper-web-api:jar:11.0 in the shaded jar.
[INFO] Including com.sun.xml.bind:jaxb-core:jar:4.0.6 in the shaded jar.
[INFO] Including org.eclipse.angus:angus-activation:jar:2.0.3 in the shaded jar.
[INFO] Including org.matsim.contrib:matrixbasedptrouter:jar:2026.0-2025w46 in the shaded jar.
[INFO] Including org.jetbrains:annotations:jar:26.0.2-1 in the shaded jar.
[INFO] Including org.openstreetmap.osmosis:osmosis-core:jar:0.49.2 in the shaded jar.
[INFO] Including net.sf.jpf:jpf:jar:1.5 in the shaded jar.
[INFO] Including org.openstreetmap.osmosis:osmosis-xml:jar:0.49.2 in the shaded jar.
[INFO] Including org.openstreetmap.osmosis:osmosis-pbf:jar:0.49.2 in the shaded jar.
[INFO] Including com.google.protobuf:protobuf-java:jar:3.25.0 in the shaded jar.
[INFO] Including org.openstreetmap.pbf:osmpbf:jar:1.5.0 in the shaded jar.
[INFO] Including org.postgresql:postgresql:jar:42.7.7 in the shaded jar.
[INFO] Including org.checkerframework:checker-qual:jar:3.49.3 in the shaded jar.
[INFO] Including org.apache.commons:commons-csv:jar:1.14.1 in the shaded jar.
[INFO] Including org.matsim.contrib:analysis:jar:2026.0-2025w46 in the shaded jar.
[INFO] Including org.osgeo:proj4j:jar:0.1.0 in the shaded jar.
[INFO] Including com.google.code.gson:gson:jar:2.13.2 in the shaded jar.
[INFO] Including org.apache.logging.log4j:log4j-api:jar:2.25.2 in the shaded jar.
[INFO] Including org.apache.logging.log4j:log4j-core:jar:2.25.2 in the shaded jar.
[INFO] Dependency-reduced POM written at: /Users/ro9air/matsim-example-project/dependency-reduced-pom.xml
[WARNING] Discovered module-info.class. Shading will break its strong encapsulation.
[WARNING] Discovered module-info.class. Shading will break its strong encapsulation.
[WARNING] Discovered module-info.class. Shading will break its strong encapsulation.
[WARNING] Discovered module-info.class. Shading will break its strong encapsulation.
[WARNING] Discovered module-info.class. Shading will break its strong encapsulation.
[WARNING] Discovered module-info.class. Shading will break its strong encapsulation.
[WARNING] Discovered module-info.class. Shading will break its strong encapsulation.
[WARNING] Discovered module-info.class. Shading will break its strong encapsulation.
[WARNING] Discovered module-info.class. Shading will break its strong encapsulation.
[WARNING] Discovered module-info.class. Shading will break its strong encapsulation.
[WARNING] Discovered module-info.class. Shading will break its strong encapsulation.
[WARNING] Discovered module-info.class. Shading will break its strong encapsulation.
[WARNING] Discovered module-info.class. Shading will break its strong encapsulation.
[WARNING] Discovered module-info.class. Shading will break its strong encapsulation.
[WARNING] Discovered module-info.class. Shading will break its strong encapsulation.
[WARNING] Discovered module-info.class. Shading will break its strong encapsulation.
[WARNING] Discovered module-info.class. Shading will break its strong encapsulation.
[WARNING] Discovered module-info.class. Shading will break its strong encapsulation.
[WARNING] Discovered module-info.class. Shading will break its strong encapsulation.
[WARNING] Discovered module-info.class. Shading will break its strong encapsulation.
[WARNING] Discovered module-info.class. Shading will break its strong encapsulation.
[WARNING] Discovered module-info.class. Shading will break its strong encapsulation.
[WARNING] Discovered module-info.class. Shading will break its strong encapsulation.
[WARNING] Discovered module-info.class. Shading will break its strong encapsulation.
[WARNING] Discovered module-info.class. Shading will break its strong encapsulation.
[WARNING] Discovered module-info.class. Shading will break its strong encapsulation.
[WARNING] Discovered module-info.class. Shading will break its strong encapsulation.
[WARNING] Discovered module-info.class. Shading will break its strong encapsulation.
[WARNING] Discovered module-info.class. Shading will break its strong encapsulation.
[WARNING] Discovered module-info.class. Shading will break its strong encapsulation.
[WARNING] Discovered module-info.class. Shading will break its strong encapsulation.
[WARNING] Discovered module-info.class. Shading will break its strong encapsulation.
[WARNING] ehcache-3.4.0.jar, icu4j-74.2.jar define 1 overlapping resource: 
[WARNING]   - LICENSE
[WARNING] org.eclipse.emf.common-2.15.0.jar, org.eclipse.emf.ecore-2.15.0.jar, org.eclipse.xsd-2.12.0.jar define 4 overlapping resources: 
[WARNING]   - about.ini
[WARNING]   - about.mappings
[WARNING]   - about.properties
[WARNING]   - modeling32.png
[WARNING] annotations-26.0.2-1.jar, classgraph-4.8.168.jar, commons-beanutils-1.11.0.jar, commons-codec-1.20.0.jar, commons-collections4-4.5.0.jar, commons-compress-1.28.0.jar, commons-csv-1.14.1.jar, commons-io-2.20.0.jar, commons-lang3-3.19.0.jar, commons-logging-1.3.5.jar, commons-numbers-combinatorics-1.2.jar, commons-numbers-core-1.2.jar, commons-numbers-fraction-1.2.jar, commons-numbers-gamma-1.2.jar, commons-numbers-rootfinder-1.2.jar, commons-rng-client-api-1.6.jar, commons-rng-core-1.6.jar, commons-rng-sampling-1.6.jar, commons-rng-simple-1.6.jar, commons-statistics-distribution-1.2.jar, commons-text-1.14.0.jar, error_prone_annotations-2.44.0.jar, failureaccess-1.0.3.jar, gson-2.13.2.jar, guava-33.5.0-jre.jar, indriya-2.2.jar, j2objc-annotations-3.1.jar, jackson-core-2.20.1.jar, jackson-databind-2.20.1.jar, jackson-dataformat-cbor-2.20.1.jar, jackson-dataformat-xml-2.20.1.jar, jackson-dataformat-yaml-2.20.1.jar, jackson-datatype-jsr310-2.20.1.jar, jspecify-1.0.0.jar, kotlin-stdlib-1.6.20.jar, picocli-4.7.7.jar, poi-5.4.1.jar, poi-ooxml-5.4.1.jar, poi-ooxml-lite-5.4.1.jar, slf4j-api-2.0.17.jar, snakeyaml-2.4.jar, sqlite-jdbc-3.41.2.2.jar, streamex-0.8.4.jar, unit-api-2.2.jar, xmlbeans-5.3.0.jar define 1 overlapping classes: 
[WARNING]   - META-INF.versions.9.module-info
[WARNING] fastutil-8.5.18.jar, fastutil-core-8.5.18.jar define 3445 overlapping classes: 
[WARNING]   - it.unimi.dsi.fastutil.AbstractIndirectPriorityQueue
[WARNING]   - it.unimi.dsi.fastutil.AbstractPriorityQueue
[WARNING]   - it.unimi.dsi.fastutil.AbstractStack
[WARNING]   - it.unimi.dsi.fastutil.Arrays
[WARNING]   - it.unimi.dsi.fastutil.Arrays$ForkJoinGenericQuickSort
[WARNING]   - it.unimi.dsi.fastutil.BidirectionalIterator
[WARNING]   - it.unimi.dsi.fastutil.BigArrays
[WARNING]   - it.unimi.dsi.fastutil.BigList
[WARNING]   - it.unimi.dsi.fastutil.BigListIterator
[WARNING]   - it.unimi.dsi.fastutil.BigSwapper
[WARNING]   - 3435 more...
[WARNING] org.eclipse.emf.ecore-2.15.0.jar, org.eclipse.emf.ecore.xmi-2.15.0.jar, org.eclipse.xsd-2.12.0.jar define 1 overlapping resource: 
[WARNING]   - plugin.xml
[WARNING] angus-activation-2.0.3.jar, jakarta.activation-api-2.1.4.jar, jakarta.annotation-api-3.0.0.jar, jakarta.el-4.0.2.jar, jakarta.el-api-4.0.0.jar, jakarta.inject-api-2.0.1.jar, jakarta.xml.bind-api-4.0.4.jar, jaxb-core-4.0.6.jar, jaxb-impl-4.0.6.jar define 1 overlapping resource: 
[WARNING]   - META-INF/NOTICE.md
[WARNING] apiguardian-api-1.1.2.jar, avro-1.12.1.jar, classmate-1.7.0.jar, commons-numbers-combinatorics-1.2.jar, commons-numbers-core-1.2.jar, commons-numbers-fraction-1.2.jar, commons-numbers-gamma-1.2.jar, commons-numbers-rootfinder-1.2.jar, commons-rng-client-api-1.6.jar, commons-rng-core-1.6.jar, commons-rng-sampling-1.6.jar, commons-rng-simple-1.6.jar, commons-statistics-distribution-1.2.jar, failureaccess-1.0.3.jar, guava-33.5.0-jre.jar, guice-7.0.0.jar, guice-assistedinject-7.0.0.jar, guice-grapher-7.0.0.jar, httpclient-4.5.2.jar, httpclient5-5.5.1.jar, httpcore-4.4.4.jar, httpcore5-5.3.6.jar, httpcore5-h2-5.3.6.jar, jackson-annotations-2.20.jar, jackson-core-2.20.1.jar, jackson-databind-2.20.1.jar, jackson-dataformat-cbor-2.20.1.jar, jackson-dataformat-xml-2.20.1.jar, jackson-dataformat-yaml-2.20.1.jar, jackson-datatype-jsr310-2.20.1.jar, jackson-datatype-jts-2.19.2.jar, log4j-api-2.25.2.jar, log4j-core-2.25.2.jar, log4j-slf4j2-impl-2.25.2.jar, poi-5.4.1.jar, poi-ooxml-5.4.1.jar, poi-ooxml-lite-5.4.1.jar, postgresql-42.7.7.jar, stax2-api-4.2.2.jar, woodstox-core-7.1.1.jar, xercesImpl-2.12.2.jar, xmlgraphics-commons-2.7.jar define 1 overlapping resource: 
[WARNING]   - META-INF/LICENSE
[WARNING] avro-1.12.1.jar, classmate-1.7.0.jar, commons-numbers-combinatorics-1.2.jar, commons-numbers-core-1.2.jar, commons-numbers-fraction-1.2.jar, commons-numbers-gamma-1.2.jar, commons-numbers-rootfinder-1.2.jar, commons-rng-client-api-1.6.jar, commons-rng-core-1.6.jar, commons-rng-sampling-1.6.jar, commons-rng-simple-1.6.jar, commons-statistics-distribution-1.2.jar, guice-7.0.0.jar, guice-assistedinject-7.0.0.jar, guice-grapher-7.0.0.jar, httpclient-4.5.2.jar, httpclient5-5.5.1.jar, httpcore-4.4.4.jar, httpcore5-5.3.6.jar, httpcore5-h2-5.3.6.jar, jackson-annotations-2.20.jar, jackson-core-2.20.1.jar, jackson-databind-2.20.1.jar, jackson-dataformat-cbor-2.20.1.jar, jackson-dataformat-xml-2.20.1.jar, jackson-dataformat-yaml-2.20.1.jar, jackson-datatype-jsr310-2.20.1.jar, log4j-api-2.25.2.jar, log4j-core-2.25.2.jar, log4j-slf4j2-impl-2.25.2.jar, poi-5.4.1.jar, poi-ooxml-5.4.1.jar, poi-ooxml-lite-5.4.1.jar, xercesImpl-2.12.2.jar, xmlgraphics-commons-2.7.jar define 1 overlapping resource: 
[WARNING]   - META-INF/NOTICE
[WARNING] commons-compiler-3.1.9.jar, janino-3.1.9.jar define 1 overlapping resource: 
[WARNING]   - META-INF/DUMMY.DSA
[WARNING] javafx-base-23.0.2-linux.jar, javafx-base-23.0.2-mac-aarch64.jar, javafx-graphics-23.0.2-mac-aarch64.jar define 1 overlapping resource: 
[WARNING]   - META-INF/substrate/config/reflectionconfig.json
[WARNING] protobuf-java-3.25.0.jar, protobuf-javalite-4.29.2.jar define 493 overlapping classes and resources: 
[WARNING]   - com.google.protobuf.AbstractMessageLite
[WARNING]   - com.google.protobuf.AbstractMessageLite$Builder
[WARNING]   - com.google.protobuf.AbstractMessageLite$Builder$LimitedInputStream
[WARNING]   - com.google.protobuf.AbstractMessageLite$InternalOneOfEnum
[WARNING]   - com.google.protobuf.AbstractParser
[WARNING]   - com.google.protobuf.AbstractProtobufList
[WARNING]   - com.google.protobuf.AllocatedBuffer
[WARNING]   - com.google.protobuf.AllocatedBuffer$1
[WARNING]   - com.google.protobuf.AllocatedBuffer$2
[WARNING]   - com.google.protobuf.Android
[WARNING]   - 483 more...
[WARNING] osmosis-areafilter-0.49.2.jar, osmosis-core-0.49.2.jar, osmosis-pbf-0.49.2.jar, osmosis-set-0.49.2.jar, osmosis-tagfilter-0.49.2.jar, osmosis-xml-0.49.2.jar define 1 overlapping resource: 
[WARNING]   - osmosis-plugins.conf
[WARNING] commons-beanutils-1.11.0.jar, commons-cli-1.4.jar, commons-codec-1.20.0.jar, commons-collections-3.2.2.jar, commons-collections4-4.5.0.jar, commons-compress-1.28.0.jar, commons-configuration-1.9.jar, commons-csv-1.14.1.jar, commons-dbcp-1.4.jar, commons-dbcp2-2.1.1.jar, commons-dbutils-1.6.jar, commons-io-2.20.0.jar, commons-jxpath-1.3.jar, commons-lang-2.6.jar, commons-lang3-3.19.0.jar, commons-logging-1.3.5.jar, commons-math-2.2.jar, commons-math3-3.6.1.jar, commons-pool-1.5.4.jar, commons-pool2-2.4.2.jar, commons-text-1.14.0.jar, joda-time-2.13.0.jar, unbescape-1.1.6.RELEASE.jar, xmlbeans-5.3.0.jar define 1 overlapping resource: 
[WARNING]   - META-INF/NOTICE.txt
[WARNING] org.eclipse.emf.common-2.15.0.jar, org.eclipse.emf.ecore-2.15.0.jar, org.eclipse.emf.ecore.xmi-2.15.0.jar, org.eclipse.xsd-2.12.0.jar define 2 overlapping resources: 
[WARNING]   - about.html
[WARNING]   - plugin.properties
[WARNING] affine-0.9.0.jar, algebra-0.9.0.jar, bandcombine-0.9.0.jar, bandmerge-0.9.0.jar, bandselect-0.9.0.jar, binarize-0.9.0.jar, border-0.9.0.jar, buffer-0.9.0.jar, classifier-0.9.0.jar, colorconvert-0.9.0.jar, colorindexer-0.9.0.jar, convolve-0.9.0.jar, crop-0.9.0.jar, errordiffusion-0.9.0.jar, format-0.9.0.jar, gt-coverage-34.0.jar, imagefunction-0.9.0.jar, imageread-0.9.0.jar, lookup-0.9.0.jar, mosaic-0.9.0.jar, nullop-0.9.0.jar, orderdither-0.9.0.jar, piecewise-0.9.0.jar, rescale-0.9.0.jar, rlookup-0.9.0.jar, scale-0.9.0.jar, scale2-0.9.0.jar, shadedrelief-0.9.0.jar, stats-0.9.0.jar, translate-0.9.0.jar, vectorbin-0.9.0.jar, warp-0.9.0.jar, zonal-0.9.0.jar define 1 overlapping resource: 
[WARNING]   - META-INF/registryFile.jai
[WARNING] checker-qual-3.49.3.jar, commons-beanutils-1.11.0.jar, commons-cli-1.4.jar, commons-codec-1.20.0.jar, commons-collections-3.2.2.jar, commons-collections4-4.5.0.jar, commons-compress-1.28.0.jar, commons-configuration-1.9.jar, commons-csv-1.14.1.jar, commons-dbcp-1.4.jar, commons-dbcp2-2.1.1.jar, commons-dbutils-1.6.jar, commons-io-2.20.0.jar, commons-jxpath-1.3.jar, commons-lang-2.6.jar, commons-lang3-3.19.0.jar, commons-logging-1.3.5.jar, commons-math-2.2.jar, commons-math3-3.6.1.jar, commons-pool-1.5.4.jar, commons-pool2-2.4.2.jar, commons-text-1.14.0.jar, jakarta.inject-api-2.0.1.jar, javax.activation-api-1.2.0.jar, jaxb-api-2.4.0-b180830.0359.jar, joda-time-2.13.0.jar, slf4j-api-2.0.17.jar, unbescape-1.1.6.RELEASE.jar, xmlbeans-5.3.0.jar define 1 overlapping resource: 
[WARNING]   - META-INF/LICENSE.txt
[WARNING] javafx-base-23.0.2-linux.jar, javafx-base-23.0.2-mac-aarch64.jar define 663 overlapping class and resource: 
[WARNING]   - com.sun.javafx.FXPermissions
[WARNING]   - com.sun.javafx.PlatformUtil
[WARNING]   - com.sun.javafx.UnmodifiableArrayList
[WARNING]   - com.sun.javafx.beans.IDProperty
[WARNING]   - com.sun.javafx.binding.BidirectionalBinding
[WARNING]   - com.sun.javafx.binding.BidirectionalBinding$BidirectionalBooleanBinding
[WARNING]   - com.sun.javafx.binding.BidirectionalBinding$BidirectionalDoubleBinding
[WARNING]   - com.sun.javafx.binding.BidirectionalBinding$BidirectionalFloatBinding
[WARNING]   - com.sun.javafx.binding.BidirectionalBinding$BidirectionalIntegerBinding
[WARNING]   - com.sun.javafx.binding.BidirectionalBinding$BidirectionalLongBinding
[WARNING]   - 653 more...
[WARNING] scale-0.9.0.jar, scale2-0.9.0.jar define 1 overlapping classes: 
[WARNING]   - org.eclipse.imagen.media.scale.JaiI18N
[WARNING] avro-1.12.1.jar, guice-7.0.0.jar, guice-assistedinject-7.0.0.jar, guice-grapher-7.0.0.jar, httpclient-4.5.2.jar, httpclient5-5.5.1.jar, httpcore-4.4.4.jar, httpcore5-5.3.6.jar, httpcore5-h2-5.3.6.jar, log4j-api-2.25.2.jar, log4j-core-2.25.2.jar, log4j-slf4j2-impl-2.25.2.jar define 1 overlapping resource: 
[WARNING]   - META-INF/DEPENDENCIES
[WARNING] angus-activation-2.0.3.jar, jakarta.activation-api-2.1.4.jar, jakarta.annotation-api-3.0.0.jar, jakarta.el-4.0.2.jar, jakarta.el-api-4.0.0.jar, jakarta.xml.bind-api-4.0.4.jar, jaxb-core-4.0.6.jar, jaxb-impl-4.0.6.jar define 1 overlapping resource: 
[WARNING]   - META-INF/LICENSE.md
[WARNING] GeographicLib-Java-1.49.jar, RoaringBitmap-1.0.5.jar, SparseBitSet-1.3.jar, accessibility-2026.0-2025w46.jar, adt-multicollections-0.0.4.jar, affine-0.9.0.jar, aircompressor-0.27.jar, algebra-0.9.0.jar, analysis-2026.0-2025w46.jar, angus-activation-2.0.3.jar, annotations-26.0.2-1.jar, antlr-2.7.7.jar, antlr4-runtime-4.7.1.jar, aopalliance-1.0.jar, apfloat-1.10.1.jar, apiguardian-api-1.1.2.jar, application-2026.0-2025w46.jar, av-2026.0-2025w46.jar, avro-1.12.1.jar, aws-java-sdk-core-1.11.18.jar, aws-java-sdk-kms-1.11.18.jar, aws-java-sdk-s3-1.11.18.jar, bandcombine-0.9.0.jar, bandmerge-0.9.0.jar, bandselect-0.9.0.jar, bicycle-2026.0-2025w46.jar, bigint-0.7.1.jar, binarize-0.9.0.jar, border-0.9.0.jar, buffer-0.9.0.jar, cadyts-1.1.0.jar, cadyts-integration-2026.0-2025w46.jar, checker-qual-3.49.3.jar, classgraph-4.8.168.jar, classifier-0.9.0.jar, classmate-1.7.0.jar, colorconvert-0.9.0.jar, colorindexer-0.9.0.jar, common-2026.0-2025w46.jar, commons-beanutils-1.11.0.jar, commons-cli-1.4.jar, commons-codec-1.20.0.jar, commons-collections-3.2.2.jar, commons-collections4-4.5.0.jar, commons-compiler-3.1.9.jar, commons-compress-1.28.0.jar, commons-configuration-1.9.jar, commons-csv-1.14.1.jar, commons-dbcp-1.4.jar, commons-dbcp2-2.1.1.jar, commons-dbutils-1.6.jar, commons-io-2.20.0.jar, commons-jxpath-1.3.jar, commons-lang-2.6.jar, commons-lang3-3.19.0.jar, commons-logging-1.3.5.jar, commons-math-2.2.jar, commons-math3-3.6.1.jar, commons-numbers-combinatorics-1.2.jar, commons-numbers-core-1.2.jar, commons-numbers-fraction-1.2.jar, commons-numbers-gamma-1.2.jar, commons-numbers-rootfinder-1.2.jar, commons-pool-1.5.4.jar, commons-pool2-2.4.2.jar, commons-rng-client-api-1.6.jar, commons-rng-core-1.6.jar, commons-rng-sampling-1.6.jar, commons-rng-simple-1.6.jar, commons-statistics-distribution-1.2.jar, commons-text-1.14.0.jar, convolve-0.9.0.jar, crop-0.9.0.jar, curvesapi-1.08.jar, drt-2026.0-2025w46.jar, dvrp-2026.0-2025w46.jar, dynsax-0.0.1.jar, ehcache-3.4.0.jar, ejml-core-0.41.jar, ejml-ddense-0.41.jar, emissions-2026.0-2025w46.jar, error_prone_annotations-2.44.0.jar, errordiffusion-0.9.0.jar, ev-2026.0-2025w46.jar, failureaccess-1.0.3.jar, fastutil-8.5.18.jar, fastutil-core-8.5.18.jar, format-0.9.0.jar, freight-2026.0-2025w46.jar, gluegen-rt-2.6.0-natives-android-aarch64.jar, gluegen-rt-2.6.0-natives-android-x86_64.jar, gluegen-rt-2.6.0-natives-freebsd-amd64.jar, gluegen-rt-2.6.0-natives-linux-aarch64.jar, gluegen-rt-2.6.0-natives-linux-amd64.jar, gluegen-rt-2.6.0-natives-linux-armv6hf.jar, gluegen-rt-2.6.0-natives-macosx-universal.jar, gluegen-rt-2.6.0-natives-windows-amd64.jar, gluegen-rt-2.6.0.jar, gluegen-rt-main-2.6.0.jar, graphhopper-core-11.0.jar, graphhopper-web-api-11.0.jar, graphql-java-11.0.jar, gs-algo-1.3.jar, gs-core-1.3.jar, gs-ui-1.3.jar, gson-2.13.2.jar, gt-api-34.0.jar, gt-coverage-34.0.jar, gt-epsg-hsql-34.0.jar, gt-geojson-34.0.jar, gt-geopkg-34.0.jar, gt-geotiff-34.0.jar, gt-http-34.0.jar, gt-jdbc-34.0.jar, gt-jdbc-postgis-34.0.jar, gt-main-34.0.jar, gt-metadata-34.0.jar, gt-referencing-34.0.jar, gt-shapefile-34.0.jar, gt-xml-34.0.jar, gt-xsd-core-34.0.jar, gt-xsd-fes-34.0.jar, gt-xsd-filter-34.0.jar, gt-xsd-gml2-34.0.jar, gt-xsd-gml3-34.0.jar, gt-xsd-ows-34.0.jar, gtfs-lib-7.1.0.jar, gtfs2matsim-19f1676fc6.jar, guava-33.5.0-jre.jar, guice-7.0.0.jar, guice-assistedinject-7.0.0.jar, guice-grapher-7.0.0.jar, h3-4.3.2.jar, hibernate-validator-9.0.1.Final.jar, hibernate-validator-annotation-processor-9.0.1.Final.jar, hppc-0.8.1.jar, hsqldb-2.7.4.jar, httpclient-4.5.2.jar, httpclient5-5.5.1.jar, httpcore-4.4.4.jar, httpcore5-5.3.6.jar, httpcore5-h2-5.3.6.jar, icu4j-74.2.jar, imagefunction-0.9.0.jar, imageio-ext-cog-commons-2.0.0.jar, imageio-ext-cog-reader-2.0.0.jar, imageio-ext-cog-streams-2.0.0.jar, imageio-ext-geocore-2.0.0.jar, imageio-ext-streams-2.0.0.jar, imageio-ext-tiff-2.0.0.jar, imageio-ext-utilities-2.0.0.jar, imagen-core-0.9.0.jar, imageread-0.9.0.jar, indriya-2.2.jar, informed-mode-choice-2026.0-2025w46.jar, iterators-0.9.0.jar, j2objc-annotations-3.1.jar, jackson-annotations-2.20.jar, jackson-core-2.20.1.jar, jackson-databind-2.20.1.jar, jackson-dataformat-cbor-2.20.1.jar, jackson-dataformat-xml-2.20.1.jar, jackson-dataformat-yaml-2.20.1.jar, jackson-datatype-jsr310-2.20.1.jar, jackson-datatype-jts-2.19.2.jar, jackson2-geojson-0.8.jar, jakarta.activation-api-2.1.4.jar, jakarta.annotation-api-3.0.0.jar, jakarta.el-4.0.2.jar, jakarta.el-api-4.0.0.jar, jakarta.inject-api-2.0.1.jar, jakarta.validation-api-3.1.1.jar, jakarta.xml.bind-api-4.0.4.jar, janino-3.1.9.jar, java-dataloader-2.1.1.jar, javacsv-2.0.jar, javafx-base-23.0.2-linux.jar, javafx-base-23.0.2-mac-aarch64.jar, javafx-base-23.0.2.jar, javafx-graphics-23.0.2-mac-aarch64.jar, javafx-graphics-23.0.2.jar, javax.activation-api-1.2.0.jar, jaxb-api-2.4.0-b180830.0359.jar, jaxb-core-4.0.6.jar, jaxb-impl-4.0.6.jar, jboss-logging-3.6.1.Final.jar, jcommander-1.30.jar, jfreechart-1.5.6.jar, jgrapht-core-1.5.2.jar, jgridshift-core-1.3.jar, jheaps-0.14.jar, joda-time-2.13.0.jar, jogl-all-2.6.0-natives-android-aarch64.jar, jogl-all-2.6.0-natives-android-x86_64.jar, jogl-all-2.6.0-natives-freebsd-amd64.jar, jogl-all-2.6.0-natives-linux-aarch64.jar, jogl-all-2.6.0-natives-linux-amd64.jar, jogl-all-2.6.0-natives-linux-armv6hf.jar, jogl-all-2.6.0-natives-macosx-universal.jar, jogl-all-2.6.0-natives-windows-amd64.jar, jogl-all-2.6.0.jar, jogl-all-main-2.6.0.jar, jpf-1.5.jar, jsch-0.1.55.jar, json-simple-1.1.1.jar, jspecify-1.0.0.jar, jsprit-analysis-1.8.jar, jsprit-core-1.8.jar, jsprit-io-1.8.jar, jts-1.13.jar, jts-core-1.20.0.jar, jxmapviewer2-2.8.jar, kotlin-stdlib-1.6.20.jar, kotlin-stdlib-common-1.6.20.jar, listenablefuture-9999.0-empty-to-avoid-conflict-with-guava.jar, log4j-api-2.25.2.jar, log4j-core-2.25.2.jar, log4j-slf4j2-impl-2.25.2.jar, lookup-0.9.0.jar, lz4-java-1.8.0.jar, mapdb-1.0.8.jar, matrixbasedptrouter-2026.0-2025w46.jar, matsim-2026.0-2025w46.jar, matsim-example-project-0.0.1-SNAPSHOT.jar, matsim-examples-2026.0-2025w46.jar, mbox2-1.0.jar, minibus-2026.0-2025w46.jar, mosaic-0.9.0.jar, multimodal-2026.0-2025w46.jar, net.opengis.fes-34.0.jar, net.opengis.ows-34.0.jar, noise-2026.0-2025w46.jar, nullop-0.9.0.jar, opencsv-5.12.0.jar, orderdither-0.9.0.jar, org.eclipse.emf.common-2.15.0.jar, org.eclipse.emf.ecore-2.15.0.jar, org.eclipse.emf.ecore.xmi-2.15.0.jar, org.eclipse.xsd-2.12.0.jar, org.w3.xlink-34.0.jar, osm-2026.0-2025w46.jar, osm-legal-default-speeds-jvm-1.4.jar, osm4j-core-1.4.1.jar, osm4j-pbf-1.4.1.jar, osm4j-xml-1.4.1.jar, osmosis-areafilter-0.49.2.jar, osmosis-core-0.49.2.jar, osmosis-osm-binary-0.48.3.jar, osmosis-pbf-0.49.2.jar, osmosis-set-0.49.2.jar, osmosis-tagfilter-0.49.2.jar, osmosis-xml-0.49.2.jar, osmpbf-1.5.0.jar, otfvis-2026.0-2025w46.jar, parking-2026.0-2025w46.jar, pebble-3.2.4.jar, pherd-1.0.jar, picocli-4.7.7.jar, picocontainer-1.2.jar, piecewise-0.9.0.jar, poi-5.4.1.jar, poi-ooxml-5.4.1.jar, poi-ooxml-lite-5.4.1.jar, postgresql-42.7.7.jar, proj4j-0.1.0.jar, protobuf-java-3.25.0.jar, protobuf-javalite-4.29.2.jar, re2j-1.8.jar, reactive-streams-1.0.2.jar, rendered-image-browser-0.9.0.jar, rescale-0.9.0.jar, rlookup-0.9.0.jar, roadpricing-2026.0-2025w46.jar, scala-library-2.10.1.jar, scale-0.9.0.jar, scale2-0.9.0.jar, shadedrelief-0.9.0.jar, si-quantity-2.1.jar, si-units-2.1.jar, signals-2026.0-2025w46.jar, simwrapper-2026.0-2025w46.jar, slf4j-api-2.0.17.jar, slf4j-simple-1.7.25.jar, snakeyaml-2.4.jar, sqlite-jdbc-3.41.2.2.jar, stats-0.9.0.jar, stax2-api-4.2.2.jar, streamex-0.8.4.jar, sumo-2026.0-2025w46.jar, systems-common-2.1.jar, tablesaw-core-0.44.4.jar, tablesaw-jsplot-0.44.4.jar, taxi-2026.0-2025w46.jar, timingframework-1.0.jar, translate-0.9.0.jar, trove4j-3.0.3.jar, trove4j-advancing-iterator-1.0.1.jar, trove4j-constants-1.0.1.jar, trove4j-hash-1.0.1.jar, trove4j-hash-functions-1.0.1.jar, trove4j-hash-iterator-1.0.1.jar, trove4j-hash-primitive-iterator-1.0.1.jar, trove4j-int-collection-1.0.1.jar, trove4j-int-function-1.0.1.jar, trove4j-int-iterator-1.0.1.jar, trove4j-int-procedure-1.0.1.jar, trove4j-iterator-1.0.1.jar, trove4j-long-array-list-1.0.1.jar, trove4j-long-collection-1.0.1.jar, trove4j-long-function-1.0.1.jar, trove4j-long-hash-1.0.1.jar, trove4j-long-hash-set-1.0.1.jar, trove4j-long-iterator-1.0.1.jar, trove4j-long-list-1.0.1.jar, trove4j-long-object-hash-map-1.0.1.jar, trove4j-long-object-iterator-1.0.1.jar, trove4j-long-object-map-1.0.1.jar, trove4j-long-object-procedure-1.0.1.jar, trove4j-long-procedure-1.0.1.jar, trove4j-long-set-1.0.1.jar, trove4j-object-function-1.0.1.jar, trove4j-object-hash-1.0.1.jar, trove4j-object-hash-iterator-1.0.1.jar, trove4j-object-int-hash-map-1.0.1.jar, trove4j-object-int-iterator-1.0.1.jar, trove4j-object-int-map-1.0.1.jar, trove4j-object-int-procedure-1.0.1.jar, trove4j-object-procedure-1.0.1.jar, trove4j-prime-finder-1.0.1.jar, trove4j-primitive-hash-1.0.1.jar, trove4j-primitive-iterator-1.0.1.jar, unbescape-1.1.6.RELEASE.jar, unit-api-2.2.jar, univocity-parsers-2.9.1.jar, uom-lib-common-2.2.jar, utilities-0.9.0.jar, vectorbin-0.9.0.jar, vsp-2026.0-2025w46.jar, warp-0.9.0.jar, woodstox-core-7.1.1.jar, xercesImpl-2.12.2.jar, xml-apis-1.4.01.jar, xml-commons-resolver-1.2.jar, xmlbeans-5.3.0.jar, xmlgraphics-commons-2.7.jar, zonal-0.9.0.jar, zstd-jni-1.5.7-6.jar define 1 overlapping resource: 
[WARNING]   - META-INF/MANIFEST.MF
[WARNING] maven-shade-plugin has detected that some class files are
[WARNING] present in two or more JARs. When this happens, only one
[WARNING] single version of the class is copied to the uber jar.
[WARNING] Usually this is not harmful and you can skip these warnings,
[WARNING] otherwise try to manually exclude artifacts based on
[WARNING] mvn dependency:tree -Ddetail=true and the above output.
[WARNING] See https://maven.apache.org/plugins/maven-shade-plugin/
[INFO] 
[INFO] --- install:3.1.4:install (default-install) @ matsim-example-project ---
[INFO] Installing /Users/ro9air/matsim-example-project/dependency-reduced-pom.xml to /Users/ro9air/.m2/repository/org/matsim/matsim-example-project/0.0.1-SNAPSHOT/matsim-example-project-0.0.1-SNAPSHOT.pom
[INFO] Installing /Users/ro9air/matsim-example-project/target/matsim-example-project-0.0.1-SNAPSHOT.jar to /Users/ro9air/.m2/repository/org/matsim/matsim-example-project/0.0.1-SNAPSHOT/matsim-example-project-0.0.1-SNAPSHOT.jar
[INFO] ------------------------------------------------------------------------
[INFO] BUILD SUCCESS
[INFO] ------------------------------------------------------------------------
[INFO] Total time:  22.021 s
[INFO] Finished at: 2025-11-11T18:08:01+08:00
[INFO] ------------------------------------------------------------------------
