2025-12-23T09:44:10,668  INFO org.matsim.core.config.Config:461 setting context to [file:/Users/ro9air/matsim-example-project/]
2025-12-23T09:44:10,713  INFO org.hibernate.validator.internal.util.Version:21 HV000001: Hibernate Validator 0.0.1-SNAPSHOT
2025-12-23T09:44:10,776  INFO org.matsim.core.config.Config:461 setting context to [file:/Users/ro9air/matsim-example-project/]
2025-12-23T09:44:10,779  INFO org.matsim.core.utils.io.MatsimXmlParser:153 starting to parse xml from file 5000_disatar/02_phase1_test/schedules/metro/transitSchedule.xml ...
2025-12-23T09:44:10,782  INFO org.matsim.core.utils.io.IOUtils:224 Resolved 5000_disatar/02_phase1_test/schedules/metro/transitSchedule.xml to 5000_disatar/02_phase1_test/schedules/metro/transitSchedule.xml
2025-12-23T09:44:10,832  INFO org.matsim.core.utils.io.MatsimXmlParser:296 Trying to load http://www.matsim.org/files/dtd/transitSchedule_v2.dtd. In some cases (e.g. network interface up but no connection), this may take a bit.
2025-12-23T09:44:12,971  INFO org.matsim.core.utils.io.MatsimXmlParser:153 starting to parse xml from file 5000_disatar/02_phase1_test/schedules/metro/transitVehicles.xml ...
2025-12-23T09:44:12,971  INFO org.matsim.core.utils.io.IOUtils:224 Resolved 5000_disatar/02_phase1_test/schedules/metro/transitVehicles.xml to 5000_disatar/02_phase1_test/schedules/metro/transitVehicles.xml
2025-12-23T09:44:12,997  INFO org.matsim.core.utils.io.MatsimXmlParser:296 Trying to load http://www.matsim.org/files/dtd/vehicleDefinitions_v2.0.xsd. In some cases (e.g. network interface up but no connection), this may take a bit.
2025-12-23T09:44:13,270  INFO org.matsim.core.utils.io.MatsimXmlParser:296 Trying to load http://www.matsim.org/files/dtd/matsimCommon.xsd. In some cases (e.g. network interface up but no connection), this may take a bit.
2025-12-23T09:44:13,532  INFO org.matsim.core.utils.io.MatsimXmlParser:296 Trying to load http://www.matsim.org/files/dtd/vehicleDefinitionsEnumTypes.xsd. In some cases (e.g. network interface up but no connection), this may take a bit.
2025-12-23T09:44:13,802  INFO org.matsim.vehicles.MatsimVehicleReader:77 Found following schemaLocation in vehicle definition file: http://www.matsim.org/files/dtd http://www.matsim.org/files/dtd/vehicleDefinitions_v2.0.xsd
2025-12-23T09:44:13,803  INFO org.matsim.vehicles.VehicleReaderV2:24 Using org.matsim.vehicles.VehicleReaderV2
2025-12-23T09:44:13,814  INFO org.matsim.core.utils.misc.Counter:70 [VehiclesImpl] added vehicle # 1
2025-12-23T09:44:13,814  INFO org.matsim.core.utils.misc.Counter:70 [VehiclesImpl] added vehicle # 2
2025-12-23T09:44:13,815  INFO org.matsim.core.utils.misc.Counter:70 [VehiclesImpl] added vehicle # 4
2025-12-23T09:44:13,815  INFO org.matsim.core.utils.misc.Counter:70 [VehiclesImpl] added vehicle # 8
2025-12-23T09:44:13,816  INFO org.matsim.core.utils.misc.Counter:70 [VehiclesImpl] added vehicle # 16
2025-12-23T09:44:13,817  INFO org.matsim.core.utils.misc.Counter:70 [VehiclesImpl] added vehicle # 32
2025-12-23T09:44:13,819  INFO org.matsim.core.utils.misc.Counter:70 [VehiclesImpl] added vehicle # 64
2025-12-23T09:44:13,822  INFO org.matsim.core.utils.misc.Counter:70 [VehiclesImpl] added vehicle # 128
2025-12-23T09:44:13,827  INFO org.matsim.core.utils.misc.Counter:70 [VehiclesImpl] added vehicle # 256
2025-12-23T09:44:13,833  INFO org.matsim.core.utils.misc.Counter:70 [VehiclesImpl] added vehicle # 512
2025-12-23T09:44:13,840  INFO org.matsim.core.utils.misc.Counter:70 [VehiclesImpl] added vehicle # 1024
2025-12-23T09:44:13,848  INFO org.matsim.core.utils.misc.Counter:70 [VehiclesImpl] added vehicle # 2048
2025-12-23T09:44:13,858  INFO org.matsim.core.utils.misc.Counter:70 [VehiclesImpl] added vehicle # 4096
2025-12-23T09:44:13,869  INFO org.matsim.core.utils.misc.Counter:70 [VehiclesImpl] added vehicle # 8192
2025-12-23T09:44:13,890  INFO org.matsim.core.utils.misc.Counter:70 [VehiclesImpl] added vehicle # 1
2025-12-23T09:44:13,890  INFO org.matsim.core.utils.misc.Counter:70 [VehiclesImpl] added vehicle # 2
2025-12-23T09:44:13,890  INFO org.matsim.core.utils.misc.Counter:70 [VehiclesImpl] added vehicle # 4
2025-12-23T09:44:13,890  INFO org.matsim.core.utils.misc.Counter:70 [VehiclesImpl] added vehicle # 8
2025-12-23T09:44:13,890  INFO org.matsim.core.utils.misc.Counter:70 [VehiclesImpl] added vehicle # 16
2025-12-23T09:44:13,891  INFO org.matsim.core.utils.misc.Counter:70 [VehiclesImpl] added vehicle # 32
2025-12-23T09:44:13,891  INFO org.matsim.core.utils.misc.Counter:70 [VehiclesImpl] added vehicle # 64
2025-12-23T09:44:13,891  INFO org.matsim.core.utils.misc.Counter:70 [VehiclesImpl] added vehicle # 128
2025-12-23T09:44:13,891  INFO org.matsim.core.utils.misc.Counter:70 [VehiclesImpl] added vehicle # 256
2025-12-23T09:44:13,892  INFO org.matsim.core.utils.misc.Counter:70 [VehiclesImpl] added vehicle # 512
2025-12-23T09:44:13,893  INFO org.matsim.core.utils.misc.Counter:70 [VehiclesImpl] added vehicle # 1024
2025-12-23T09:44:13,893  INFO org.matsim.core.utils.misc.Counter:70 [VehiclesImpl] added vehicle # 2048
2025-12-23T09:44:13,894  INFO org.matsim.core.utils.misc.Counter:70 [VehiclesImpl] added vehicle # 4096
2025-12-23T09:44:13,896  INFO org.matsim.core.utils.misc.Counter:70 [VehiclesImpl] added vehicle # 8192
2025-12-23T09:44:13,914  INFO org.matsim.core.config.Config:461 setting context to [file:/Users/ro9air/matsim-example-project/]
2025-12-23T09:44:13,916  INFO org.matsim.core.utils.io.MatsimXmlParser:153 starting to parse xml from file 5000_disatar/03_phase2_production/schedules/bus_tamsui/transitSchedule.xml ...
2025-12-23T09:44:13,917  INFO org.matsim.core.utils.io.IOUtils:224 Resolved 5000_disatar/03_phase2_production/schedules/bus_tamsui/transitSchedule.xml to 5000_disatar/03_phase2_production/schedules/bus_tamsui/transitSchedule.xml
2025-12-23T09:44:13,919  INFO org.matsim.core.utils.io.MatsimXmlParser:296 Trying to load http://www.matsim.org/files/dtd/transitSchedule_v2.dtd. In some cases (e.g. network interface up but no connection), this may take a bit.
2025-12-23T09:44:14,777  INFO org.matsim.core.utils.io.MatsimXmlParser:153 starting to parse xml from file 5000_disatar/03_phase2_production/schedules/bus_tamsui/transitVehicles.xml ...
2025-12-23T09:44:14,778  INFO org.matsim.core.utils.io.IOUtils:224 Resolved 5000_disatar/03_phase2_production/schedules/bus_tamsui/transitVehicles.xml to 5000_disatar/03_phase2_production/schedules/bus_tamsui/transitVehicles.xml
2025-12-23T09:44:14,779  INFO org.matsim.core.utils.io.MatsimXmlParser:296 Trying to load http://www.matsim.org/files/dtd/vehicleDefinitions_v2.0.xsd. In some cases (e.g. network interface up but no connection), this may take a bit.
2025-12-23T09:44:15,051  INFO org.matsim.core.utils.io.MatsimXmlParser:296 Trying to load http://www.matsim.org/files/dtd/matsimCommon.xsd. In some cases (e.g. network interface up but no connection), this may take a bit.
2025-12-23T09:44:15,310  INFO org.matsim.core.utils.io.MatsimXmlParser:296 Trying to load http://www.matsim.org/files/dtd/vehicleDefinitionsEnumTypes.xsd. In some cases (e.g. network interface up but no connection), this may take a bit.
2025-12-23T09:44:15,588  INFO org.matsim.vehicles.MatsimVehicleReader:77 Found following schemaLocation in vehicle definition file: http://www.matsim.org/files/dtd http://www.matsim.org/files/dtd/vehicleDefinitions_v2.0.xsd
2025-12-23T09:44:15,589  INFO org.matsim.vehicles.VehicleReaderV2:24 Using org.matsim.vehicles.VehicleReaderV2
2025-12-23T09:44:15,592  INFO org.matsim.core.utils.misc.Counter:70 [VehiclesImpl] added vehicle # 1
2025-12-23T09:44:15,593  INFO org.matsim.core.utils.misc.Counter:70 [VehiclesImpl] added vehicle # 2
2025-12-23T09:44:15,593  INFO org.matsim.core.utils.misc.Counter:70 [VehiclesImpl] added vehicle # 4
2025-12-23T09:44:15,593  INFO org.matsim.core.utils.misc.Counter:70 [VehiclesImpl] added vehicle # 8
2025-12-23T09:44:15,594  INFO org.matsim.core.utils.misc.Counter:70 [VehiclesImpl] added vehicle # 16
2025-12-23T09:44:15,595  INFO org.matsim.core.utils.misc.Counter:70 [VehiclesImpl] added vehicle # 32
2025-12-23T09:44:15,596  INFO org.matsim.core.utils.misc.Counter:70 [VehiclesImpl] added vehicle # 64
2025-12-23T09:44:15,597  INFO org.matsim.core.utils.misc.Counter:70 [VehiclesImpl] added vehicle # 128
2025-12-23T09:44:15,599  INFO org.matsim.core.utils.misc.Counter:70 [VehiclesImpl] added vehicle # 256
2025-12-23T09:44:15,602  INFO org.matsim.core.utils.misc.Counter:70 [VehiclesImpl] added vehicle # 512
2025-12-23T09:44:15,605  INFO org.matsim.core.utils.misc.Counter:70 [VehiclesImpl] added vehicle # 1024
2025-12-23T09:44:15,609  INFO org.matsim.core.utils.misc.Counter:70 [VehiclesImpl] added vehicle # 2048
2025-12-23T09:44:15,617  INFO org.matsim.core.utils.misc.Counter:70 [VehiclesImpl] added vehicle # 4096
2025-12-23T09:44:15,629  INFO org.matsim.core.utils.misc.Counter:70 [VehiclesImpl] added vehicle # 8192
2025-12-23T09:44:15,654  INFO org.matsim.core.utils.misc.Counter:70 [VehiclesImpl] added vehicle # 16384
2025-12-23T09:44:15,690  INFO org.matsim.core.utils.misc.Counter:70 [VehiclesImpl] added vehicle # 32768
2025-12-23T09:44:15,748  INFO org.matsim.core.utils.misc.Counter:70 [VehiclesImpl] added vehicle # 65536
2025-12-23T09:44:15,845  INFO org.matsim.core.utils.misc.Counter:70 [VehiclesImpl] added vehicle # 131072
2025-12-23T09:44:16,020  INFO org.matsim.core.utils.misc.Counter:70 [VehiclesImpl] added vehicle # 16384
2025-12-23T09:44:16,028  INFO org.matsim.core.utils.misc.Counter:70 [VehiclesImpl] added vehicle # 32768
2025-12-23T09:44:16,044  INFO org.matsim.core.utils.misc.Counter:70 [VehiclesImpl] added vehicle # 65536
2025-12-23T09:44:16,101  INFO org.matsim.core.utils.misc.Counter:70 [VehiclesImpl] added vehicle # 131072
2025-12-23T09:44:16,136  INFO org.matsim.core.utils.misc.Counter:70 [VehiclesImpl] added vehicle # 262144
2025-12-23T09:44:16,347  INFO org.matsim.pt.transitSchedule.api.TransitScheduleWriter:89 about to write transit schedule to: 5000_disatar/03_phase2_production/schedules/merged/transitSchedule-phase2.xml
2025-12-23T09:44:16,858  INFO org.matsim.vehicles.MatsimVehicleWriter:49 about to write vehicles to: 5000_disatar/03_phase2_production/schedules/merged/transitVehicles-phase2.xml
2025-12-23T09:44:16,858  INFO org.matsim.vehicles.VehicleWriterV2:64 about to write vehicles to: 5000_disatar/03_phase2_production/schedules/merged/transitVehicles-phase2.xml
2025-12-23T09:44:17,759  INFO org.matsim.core.config.Config:461 setting context to [file:/Users/ro9air/matsim-example-project/]
2025-12-23T09:44:17,800  INFO org.hibernate.validator.internal.util.Version:21 HV000001: Hibernate Validator 0.0.1-SNAPSHOT
2025-12-23T09:44:17,853  INFO org.matsim.core.config.Config:461 setting context to [file:/Users/ro9air/matsim-example-project/]
2025-12-23T09:44:17,857  INFO org.matsim.core.utils.io.MatsimXmlParser:153 starting to parse xml from file 5000_disatar/02_phase1_test/schedules/metro/transitSchedule.xml ...
2025-12-23T09:44:17,860  INFO org.matsim.core.utils.io.IOUtils:224 Resolved 5000_disatar/02_phase1_test/schedules/metro/transitSchedule.xml to 5000_disatar/02_phase1_test/schedules/metro/transitSchedule.xml
2025-12-23T09:44:17,908  INFO org.matsim.core.utils.io.MatsimXmlParser:296 Trying to load http://www.matsim.org/files/dtd/transitSchedule_v2.dtd. In some cases (e.g. network interface up but no connection), this may take a bit.
2025-12-23T09:44:18,533  INFO org.matsim.core.utils.io.MatsimXmlParser:153 starting to parse xml from file 5000_disatar/02_phase1_test/schedules/metro/transitVehicles.xml ...
2025-12-23T09:44:18,533  INFO org.matsim.core.utils.io.IOUtils:224 Resolved 5000_disatar/02_phase1_test/schedules/metro/transitVehicles.xml to 5000_disatar/02_phase1_test/schedules/metro/transitVehicles.xml
2025-12-23T09:44:18,556  INFO org.matsim.core.utils.io.MatsimXmlParser:296 Trying to load http://www.matsim.org/files/dtd/vehicleDefinitions_v2.0.xsd. In some cases (e.g. network interface up but no connection), this may take a bit.
2025-12-23T09:44:18,784  INFO org.matsim.core.utils.io.MatsimXmlParser:296 Trying to load http://www.matsim.org/files/dtd/matsimCommon.xsd. In some cases (e.g. network interface up but no connection), this may take a bit.
2025-12-23T09:44:19,003  INFO org.matsim.core.utils.io.MatsimXmlParser:296 Trying to load http://www.matsim.org/files/dtd/vehicleDefinitionsEnumTypes.xsd. In some cases (e.g. network interface up but no connection), this may take a bit.
2025-12-23T09:44:19,233  INFO org.matsim.vehicles.MatsimVehicleReader:77 Found following schemaLocation in vehicle definition file: http://www.matsim.org/files/dtd http://www.matsim.org/files/dtd/vehicleDefinitions_v2.0.xsd
2025-12-23T09:44:19,233  INFO org.matsim.vehicles.VehicleReaderV2:24 Using org.matsim.vehicles.VehicleReaderV2
2025-12-23T09:44:19,241  INFO org.matsim.core.utils.misc.Counter:70 [VehiclesImpl] added vehicle # 1
2025-12-23T09:44:19,242  INFO org.matsim.core.utils.misc.Counter:70 [VehiclesImpl] added vehicle # 2
2025-12-23T09:44:19,242  INFO org.matsim.core.utils.misc.Counter:70 [VehiclesImpl] added vehicle # 4
2025-12-23T09:44:19,242  INFO org.matsim.core.utils.misc.Counter:70 [VehiclesImpl] added vehicle # 8
2025-12-23T09:44:19,243  INFO org.matsim.core.utils.misc.Counter:70 [VehiclesImpl] added vehicle # 16
2025-12-23T09:44:19,244  INFO org.matsim.core.utils.misc.Counter:70 [VehiclesImpl] added vehicle # 32
2025-12-23T09:44:19,246  INFO org.matsim.core.utils.misc.Counter:70 [VehiclesImpl] added vehicle # 64
2025-12-23T09:44:19,248  INFO org.matsim.core.utils.misc.Counter:70 [VehiclesImpl] added vehicle # 128
2025-12-23T09:44:19,252  INFO org.matsim.core.utils.misc.Counter:70 [VehiclesImpl] added vehicle # 256
2025-12-23T09:44:19,258  INFO org.matsim.core.utils.misc.Counter:70 [VehiclesImpl] added vehicle # 512
2025-12-23T09:44:19,264  INFO org.matsim.core.utils.misc.Counter:70 [VehiclesImpl] added vehicle # 1024
2025-12-23T09:44:19,271  INFO org.matsim.core.utils.misc.Counter:70 [VehiclesImpl] added vehicle # 2048
2025-12-23T09:44:19,280  INFO org.matsim.core.utils.misc.Counter:70 [VehiclesImpl] added vehicle # 4096
2025-12-23T09:44:19,289  INFO org.matsim.core.utils.misc.Counter:70 [VehiclesImpl] added vehicle # 8192
2025-12-23T09:44:19,308  INFO org.matsim.core.utils.misc.Counter:70 [VehiclesImpl] added vehicle # 1
2025-12-23T09:44:19,308  INFO org.matsim.core.utils.misc.Counter:70 [VehiclesImpl] added vehicle # 2
2025-12-23T09:44:19,308  INFO org.matsim.core.utils.misc.Counter:70 [VehiclesImpl] added vehicle # 4
2025-12-23T09:44:19,308  INFO org.matsim.core.utils.misc.Counter:70 [VehiclesImpl] added vehicle # 8
2025-12-23T09:44:19,308  INFO org.matsim.core.utils.misc.Counter:70 [VehiclesImpl] added vehicle # 16
2025-12-23T09:44:19,308  INFO org.matsim.core.utils.misc.Counter:70 [VehiclesImpl] added vehicle # 32
2025-12-23T09:44:19,309  INFO org.matsim.core.utils.misc.Counter:70 [VehiclesImpl] added vehicle # 64
2025-12-23T09:44:19,309  INFO org.matsim.core.utils.misc.Counter:70 [VehiclesImpl] added vehicle # 128
2025-12-23T09:44:19,309  INFO org.matsim.core.utils.misc.Counter:70 [VehiclesImpl] added vehicle # 256
2025-12-23T09:44:19,310  INFO org.matsim.core.utils.misc.Counter:70 [VehiclesImpl] added vehicle # 512
2025-12-23T09:44:19,310  INFO org.matsim.core.utils.misc.Counter:70 [VehiclesImpl] added vehicle # 1024
2025-12-23T09:44:19,311  INFO org.matsim.core.utils.misc.Counter:70 [VehiclesImpl] added vehicle # 2048
2025-12-23T09:44:19,312  INFO org.matsim.core.utils.misc.Counter:70 [VehiclesImpl] added vehicle # 4096
2025-12-23T09:44:19,314  INFO org.matsim.core.utils.misc.Counter:70 [VehiclesImpl] added vehicle # 8192
2025-12-23T09:44:19,330  INFO org.matsim.core.config.Config:461 setting context to [file:/Users/ro9air/matsim-example-project/]
2025-12-23T09:44:19,332  INFO org.matsim.core.utils.io.MatsimXmlParser:153 starting to parse xml from file 5000_disatar/03_phase2_production/schedules/bus_tamsui/transitSchedule.xml ...
2025-12-23T09:44:19,332  INFO org.matsim.core.utils.io.IOUtils:224 Resolved 5000_disatar/03_phase2_production/schedules/bus_tamsui/transitSchedule.xml to 5000_disatar/03_phase2_production/schedules/bus_tamsui/transitSchedule.xml
2025-12-23T09:44:19,332  INFO org.matsim.core.utils.io.MatsimXmlParser:296 Trying to load http://www.matsim.org/files/dtd/transitSchedule_v2.dtd. In some cases (e.g. network interface up but no connection), this may take a bit.
2025-12-23T09:44:20,090  INFO org.matsim.core.utils.io.MatsimXmlParser:153 starting to parse xml from file 5000_disatar/03_phase2_production/schedules/bus_tamsui/transitVehicles.xml ...
2025-12-23T09:44:20,090  INFO org.matsim.core.utils.io.IOUtils:224 Resolved 5000_disatar/03_phase2_production/schedules/bus_tamsui/transitVehicles.xml to 5000_disatar/03_phase2_production/schedules/bus_tamsui/transitVehicles.xml
2025-12-23T09:44:20,092  INFO org.matsim.core.utils.io.MatsimXmlParser:296 Trying to load http://www.matsim.org/files/dtd/vehicleDefinitions_v2.0.xsd. In some cases (e.g. network interface up but no connection), this may take a bit.
2025-12-23T09:44:20,314  INFO org.matsim.core.utils.io.MatsimXmlParser:296 Trying to load http://www.matsim.org/files/dtd/matsimCommon.xsd. In some cases (e.g. network interface up but no connection), this may take a bit.
2025-12-23T09:44:20,534  INFO org.matsim.core.utils.io.MatsimXmlParser:296 Trying to load http://www.matsim.org/files/dtd/vehicleDefinitionsEnumTypes.xsd. In some cases (e.g. network interface up but no connection), this may take a bit.
2025-12-23T09:44:20,758  INFO org.matsim.vehicles.MatsimVehicleReader:77 Found following schemaLocation in vehicle definition file: http://www.matsim.org/files/dtd http://www.matsim.org/files/dtd/vehicleDefinitions_v2.0.xsd
2025-12-23T09:44:20,759  INFO org.matsim.vehicles.VehicleReaderV2:24 Using org.matsim.vehicles.VehicleReaderV2
2025-12-23T09:44:20,762  INFO org.matsim.core.utils.misc.Counter:70 [VehiclesImpl] added vehicle # 1
2025-12-23T09:44:20,762  INFO org.matsim.core.utils.misc.Counter:70 [VehiclesImpl] added vehicle # 2
2025-12-23T09:44:20,762  INFO org.matsim.core.utils.misc.Counter:70 [VehiclesImpl] added vehicle # 4
2025-12-23T09:44:20,763  INFO org.matsim.core.utils.misc.Counter:70 [VehiclesImpl] added vehicle # 8
2025-12-23T09:44:20,763  INFO org.matsim.core.utils.misc.Counter:70 [VehiclesImpl] added vehicle # 16
2025-12-23T09:44:20,763  INFO org.matsim.core.utils.misc.Counter:70 [VehiclesImpl] added vehicle # 32
2025-12-23T09:44:20,764  INFO org.matsim.core.utils.misc.Counter:70 [VehiclesImpl] added vehicle # 64
2025-12-23T09:44:20,766  INFO org.matsim.core.utils.misc.Counter:70 [VehiclesImpl] added vehicle # 128
2025-12-23T09:44:20,768  INFO org.matsim.core.utils.misc.Counter:70 [VehiclesImpl] added vehicle # 256
2025-12-23T09:44:20,770  INFO org.matsim.core.utils.misc.Counter:70 [VehiclesImpl] added vehicle # 512
2025-12-23T09:44:20,773  INFO org.matsim.core.utils.misc.Counter:70 [VehiclesImpl] added vehicle # 1024
2025-12-23T09:44:20,778  INFO org.matsim.core.utils.misc.Counter:70 [VehiclesImpl] added vehicle # 2048
2025-12-23T09:44:20,786  INFO org.matsim.core.utils.misc.Counter:70 [VehiclesImpl] added vehicle # 4096
2025-12-23T09:44:20,798  INFO org.matsim.core.utils.misc.Counter:70 [VehiclesImpl] added vehicle # 8192
2025-12-23T09:44:20,817  INFO org.matsim.core.utils.misc.Counter:70 [VehiclesImpl] added vehicle # 16384
2025-12-23T09:44:20,844  INFO org.matsim.core.utils.misc.Counter:70 [VehiclesImpl] added vehicle # 32768
2025-12-23T09:44:20,912  INFO org.matsim.core.utils.misc.Counter:70 [VehiclesImpl] added vehicle # 65536
2025-12-23T09:44:20,997  INFO org.matsim.core.utils.misc.Counter:70 [VehiclesImpl] added vehicle # 131072
2025-12-23T09:44:21,164  INFO org.matsim.core.utils.misc.Counter:70 [VehiclesImpl] added vehicle # 16384
2025-12-23T09:44:21,172  INFO org.matsim.core.utils.misc.Counter:70 [VehiclesImpl] added vehicle # 32768
2025-12-23T09:44:21,193  INFO org.matsim.core.utils.misc.Counter:70 [VehiclesImpl] added vehicle # 65536
2025-12-23T09:44:21,256  INFO org.matsim.core.utils.misc.Counter:70 [VehiclesImpl] added vehicle # 131072
2025-12-23T09:44:21,302  INFO org.matsim.core.utils.misc.Counter:70 [VehiclesImpl] added vehicle # 262144
2025-12-23T09:44:21,515  INFO org.matsim.pt.transitSchedule.api.TransitScheduleWriter:89 about to write transit schedule to: 5000_disatar/03_phase2_production/schedules/merged/transitSchedule-phase2.xml
2025-12-23T09:44:22,041  INFO org.matsim.vehicles.MatsimVehicleWriter:49 about to write vehicles to: 5000_disatar/03_phase2_production/schedules/merged/transitVehicles-phase2.xml
2025-12-23T09:44:22,041  INFO org.matsim.vehicles.VehicleWriterV2:64 about to write vehicles to: 5000_disatar/03_phase2_production/schedules/merged/transitVehicles-phase2.xml
