2025-12-09T14:01:50,847  INFO org.matsim.core.utils.io.IOUtils:224 Resolved config_500m_test.xml to config_500m_test.xml
2025-12-09T14:01:50,850  INFO org.matsim.core.config.Config:461 setting context to [file:/Users/ro9air/matsim-example-project/5000_disatar/03_phase2_production/]
2025-12-09T14:01:50,881  INFO org.hibernate.validator.internal.util.Version:21 HV000001: Hibernate Validator 8.0.1.Final
2025-12-09T14:01:50,947  INFO org.matsim.core.utils.io.MatsimXmlParser:170 starting to parse xml from url file:/Users/ro9air/matsim-example-project/5000_disatar/03_phase2_production/config_500m_test.xml ...
2025-12-09T14:01:50,963  INFO org.matsim.core.config.ConfigReader:105 using config_v2-reader
2025-12-09T14:01:50,963  INFO org.matsim.core.utils.io.MatsimXmlParser:296 Trying to load http://www.matsim.org/files/dtd/config_v2.dtd. In some cases (e.g. network interface up but no connection), this may take a bit.
2025-12-09T14:01:51,515  INFO org.matsim.core.config.groups.GlobalConfigGroup:99 setting number of threads to: 4
2025-12-09T14:01:51,520  WARN org.matsim.core.config.groups.RoutingConfigGroup:403 The first mode routing (= teleported mode) params that are explicitly defined clear the default mode routing (= teleported mode) params.  If you want to avoid this 
2025-12-09T14:01:51,521  WARN org.matsim.core.config.groups.RoutingConfigGroup:404     warning, use clearTeleportedModeParams(true) in code, and "clearDefaultTeleportedModeParams"=true in xml config.
2025-12-09T14:01:51,523  WARN org.matsim.core.config.ConfigAliases:75 Config name 'BrainExpBeta' is deprecated, please use 'brainExpBeta' instead. Config path: BrainExpBeta < scoring /
2025-12-09T14:01:51,525  INFO org.matsim.core.config.groups.ScoringConfigGroup:555 scoring parameters for subpopulation null were just replaced.
2025-12-09T14:01:51,525  INFO org.matsim.core.config.Config:461 setting context to [file:/Users/ro9air/matsim-example-project/5000_disatar/03_phase2_production/config_500m_test.xml]
2025-12-09T14:01:51,526  INFO org.matsim.core.config.groups.ScoringConfigGroup:1607 NO OPENING OR CLOSING TIMES DEFINED!

There is no activity type that has an opening *and* closing time (or opening time and late penalty) defined.
This usually means that the activity chains can be shifted by an arbitrary
number of hours without having an effect on the score of the plans, and thus
resulting in wrong results / traffic patterns.
If you are using MATSim without time adaptation, you can ignore this warning.


2025-12-09T14:01:51,526  INFO org.matsim.core.config.consistency.VspConfigConsistencyCheckerImpl:62 NOT running vsp config consistency check because vsp defaults checking level is set to IGNORE
2025-12-09T14:01:51,859  INFO org.matsim.core.events.SimStepParallelEventsManagerImpl:83 number of threads=1
2025-12-09T14:01:51,859  INFO org.matsim.core.scenario.ScenarioLoaderImpl:135 loading network from file:/Users/ro9air/matsim-example-project/5000_disatar/03_phase2_production/network/tamsui_500m_network.xml.gz
2025-12-09T14:01:51,860  INFO org.matsim.core.utils.io.MatsimXmlParser:170 starting to parse xml from url file:/Users/ro9air/matsim-example-project/5000_disatar/03_phase2_production/network/tamsui_500m_network.xml.gz ...
2025-12-09T14:01:51,899  INFO org.matsim.core.network.io.MatsimNetworkReader:122 using network_v2-reader.
2025-12-09T14:01:51,899  INFO org.matsim.core.utils.io.MatsimXmlParser:296 Trying to load http://www.matsim.org/files/dtd/network_v2.dtd. In some cases (e.g. network interface up but no connection), this may take a bit.
2025-12-09T14:01:52,171  INFO org.matsim.core.network.NetworkImpl:165  node # 1
2025-12-09T14:01:52,171  INFO org.matsim.core.network.NetworkImpl:165  node # 4
2025-12-09T14:01:52,172  INFO org.matsim.core.network.NetworkImpl:165  node # 16
2025-12-09T14:01:52,175  INFO org.matsim.core.network.NetworkImpl:165  node # 64
2025-12-09T14:01:52,182  INFO org.matsim.core.network.NetworkImpl:161  link # 1
2025-12-09T14:01:52,183  INFO org.matsim.core.network.NetworkImpl:161  link # 4
2025-12-09T14:01:52,185  INFO org.matsim.core.network.NetworkImpl:161  link # 16
2025-12-09T14:01:52,192  INFO org.matsim.core.network.NetworkImpl:161  link # 64
2025-12-09T14:01:52,205  INFO org.matsim.core.network.NetworkImpl:161  link # 256
2025-12-09T14:01:52,207  INFO org.matsim.core.scenario.ScenarioLoaderImpl:172 no facilities file set in config, therefore not loading any facilities.  This is not a problem except if you are using facilities
2025-12-09T14:01:52,207  INFO org.matsim.core.scenario.ScenarioLoaderImpl:188 no facility-attributes file set in config, not loading any facility attributes
2025-12-09T14:01:52,207  INFO org.matsim.core.scenario.ScenarioLoaderImpl:196 loading population from file:/Users/ro9air/matsim-example-project/5000_disatar/03_phase2_production/population/evacuation_500m_50.xml
2025-12-09T14:01:52,210  INFO org.matsim.core.utils.io.MatsimXmlParser:170 starting to parse xml from url file:/Users/ro9air/matsim-example-project/5000_disatar/03_phase2_production/population/evacuation_500m_50.xml ...
2025-12-09T14:01:52,214  INFO org.matsim.core.scenario.ScenarioLoaderImpl:135 loading network from file:/Users/ro9air/matsim-example-project/5000_disatar/03_phase2_production/network/tamsui_500m_network.xml.gz
2025-12-09T14:01:52,214  INFO org.matsim.core.utils.io.MatsimXmlParser:170 starting to parse xml from url file:/Users/ro9air/matsim-example-project/5000_disatar/03_phase2_production/network/tamsui_500m_network.xml.gz ...
2025-12-09T14:01:52,214  INFO org.matsim.core.network.io.MatsimNetworkReader:122 using network_v2-reader.
2025-12-09T14:01:52,214  INFO org.matsim.core.utils.io.MatsimXmlParser:296 Trying to load http://www.matsim.org/files/dtd/network_v2.dtd. In some cases (e.g. network interface up but no connection), this may take a bit.
2025-12-09T14:01:52,489  INFO org.matsim.core.scenario.ScenarioLoaderImpl:135 loading network from file:/Users/ro9air/matsim-example-project/5000_disatar/03_phase2_production/network/tamsui_500m_network.xml.gz
2025-12-09T14:01:52,489  INFO org.matsim.core.utils.io.MatsimXmlParser:170 starting to parse xml from url file:/Users/ro9air/matsim-example-project/5000_disatar/03_phase2_production/network/tamsui_500m_network.xml.gz ...
2025-12-09T14:01:52,490  INFO org.matsim.core.network.io.MatsimNetworkReader:122 using network_v2-reader.
2025-12-09T14:01:52,490  INFO org.matsim.core.utils.io.MatsimXmlParser:296 Trying to load http://www.matsim.org/files/dtd/network_v2.dtd. In some cases (e.g. network interface up but no connection), this may take a bit.
