2025-12-16T07:24:34.409886Z main INFO Starting configuration XmlConfiguration[location=jar:file:/Users/ro9air/matsim-example-project/matsim-example-project-0.0.1-SNAPSHOT.jar!/log4j2.xml, lastModified=2025-12-16T07:20:04.700Z]...
2025-12-16T07:24:34.410403Z main INFO Start watching for changes to jar:file:/Users/ro9air/matsim-example-project/matsim-example-project-0.0.1-SNAPSHOT.jar!/log4j2.xml every 0 seconds
2025-12-16T07:24:34.410498Z main INFO Configuration XmlConfiguration[location=jar:file:/Users/ro9air/matsim-example-project/matsim-example-project-0.0.1-SNAPSHOT.jar!/log4j2.xml, lastModified=2025-12-16T07:20:04.700Z] started.
2025-12-16T07:24:34.411Z main INFO Stopping configuration org.apache.logging.log4j.core.config.DefaultConfiguration@57f23557...
2025-12-16T07:24:34.411155Z main INFO Configuration org.apache.logging.log4j.core.config.DefaultConfiguration@57f23557 stopped.
2025-12-16T15:24:34,479  INFO org.matsim.core.utils.io.IOUtils:224 Resolved /Users/ro9air/matsim-example-project/examples/osm_zero_to_matsim/scenario/config.xml to /Users/ro9air/matsim-example-project/examples/osm_zero_to_matsim/scenario/config.xml
2025-12-16T15:24:34,483  INFO org.matsim.core.config.Config:461 setting context to [file:/Users/ro9air/matsim-example-project/]
2025-12-16T07:24:34.517437Z main INFO Starting configuration XmlConfiguration[location=jar:file:/Users/ro9air/matsim-example-project/matsim-example-project-0.0.1-SNAPSHOT.jar!/log4j2.xml, lastModified=2025-12-16T07:20:04.700Z]...
2025-12-16T07:24:34.517550Z main INFO Start watching for changes to jar:file:/Users/ro9air/matsim-example-project/matsim-example-project-0.0.1-SNAPSHOT.jar!/log4j2.xml every 0 seconds
2025-12-16T07:24:34.517636Z main INFO Configuration XmlConfiguration[location=jar:file:/Users/ro9air/matsim-example-project/matsim-example-project-0.0.1-SNAPSHOT.jar!/log4j2.xml, lastModified=2025-12-16T07:20:04.700Z] started.
2025-12-16T07:24:34.517722Z main INFO Stopping configuration org.apache.logging.log4j.core.config.DefaultConfiguration@4ed5eb72...
2025-12-16T07:24:34.517820Z main INFO Configuration org.apache.logging.log4j.core.config.DefaultConfiguration@4ed5eb72 stopped.
2025-12-16T15:24:34,518  INFO org.hibernate.validator.internal.util.Version:21 HV000001: Hibernate Validator 0.0.1-SNAPSHOT
2025-12-16T15:24:34,570  INFO org.matsim.core.utils.io.MatsimXmlParser:170 starting to parse xml from url file:/Users/ro9air/matsim-example-project/examples/osm_zero_to_matsim/scenario/config.xml ...
2025-12-16T15:24:34,586  INFO org.matsim.core.config.ConfigReader:105 using config_v2-reader
2025-12-16T15:24:34,586  INFO org.matsim.core.utils.io.MatsimXmlParser:296 Trying to load http://www.matsim.org/files/dtd/config_v2.dtd. In some cases (e.g. network interface up but no connection), this may take a bit.
2025-12-16T15:24:34,595  INFO org.matsim.core.utils.io.MatsimXmlParser:311 java.net.UnknownHostException: www.matsim.org. May not be fatal, will try to load it locally.
2025-12-16T15:24:34,596  INFO org.matsim.core.utils.io.MatsimXmlParser:333 Using local DTD from classpath:dtd/config_v2.dtd
2025-12-16T15:24:34,615  INFO org.matsim.core.config.groups.ScoringConfigGroup:555 scoring parameters for subpopulation null were just replaced.
2025-12-16T15:24:34,615  INFO org.matsim.core.config.Config:461 setting context to [file:/Users/ro9air/matsim-example-project/examples/osm_zero_to_matsim/scenario/config.xml]
2025-12-16T15:24:34,616  INFO org.matsim.core.config.CommandLine:511 Received 0 positional command line arguments:
2025-12-16T15:24:34,616  INFO org.matsim.core.config.CommandLine:512    
2025-12-16T15:24:34,616  INFO org.matsim.core.config.CommandLine:534 Received 2 command line options with 1 prefixes:
2025-12-16T15:24:34,616  INFO org.matsim.core.config.CommandLine:546    Prefix config:
2025-12-16T15:24:34,618  INFO org.matsim.core.config.CommandLine:549       controller.outputDirectory = /Users/ro9air/matsim-example-project/examples/osm_zero_to_matsim/scenario/output0
2025-12-16T15:24:34,618  INFO org.matsim.core.config.CommandLine:549       controller.lastIteration = 0
2025-12-16T15:24:34,619  INFO org.matsim.core.config.CommandLine:647 Setting config:controller.outputDirectory to /Users/ro9air/matsim-example-project/examples/osm_zero_to_matsim/scenario/output0
2025-12-16T15:24:34,619  INFO org.matsim.core.config.CommandLine:647 Setting config:controller.lastIteration to 0
2025-12-16T15:24:34,630  INFO org.matsim.core.scenario.ScenarioLoaderImpl:135 loading network from file:/Users/ro9air/matsim-example-project/examples/osm_zero_to_matsim/scenario/input/network.xml.gz
2025-12-16T15:24:34,631  INFO org.matsim.core.utils.io.MatsimXmlParser:170 starting to parse xml from url file:/Users/ro9air/matsim-example-project/examples/osm_zero_to_matsim/scenario/input/network.xml.gz ...
2025-12-16T15:24:34,668  INFO org.matsim.core.network.io.MatsimNetworkReader:122 using network_v2-reader.
2025-12-16T15:24:34,668  INFO org.matsim.core.utils.io.MatsimXmlParser:296 Trying to load http://www.matsim.org/files/dtd/network_v2.dtd. In some cases (e.g. network interface up but no connection), this may take a bit.
2025-12-16T15:24:34,669  INFO org.matsim.core.utils.io.MatsimXmlParser:311 java.net.UnknownHostException: www.matsim.org. May not be fatal, will try to load it locally.
2025-12-16T15:24:34,669  INFO org.matsim.core.utils.io.MatsimXmlParser:333 Using local DTD from classpath:dtd/network_v2.dtd
2025-12-16T15:24:34,671  INFO org.matsim.core.network.NetworkImpl:165  node # 1
2025-12-16T15:24:34,678  INFO org.matsim.core.network.NetworkImpl:161  link # 1
2025-12-16T15:24:34,679  INFO org.matsim.core.network.NetworkImpl:161  link # 4
2025-12-16T15:24:34,680  INFO org.matsim.core.scenario.ScenarioLoaderImpl:172 no facilities file set in config, therefore not loading any facilities.  This is not a problem except if you are using facilities
2025-12-16T15:24:34,680  INFO org.matsim.core.scenario.ScenarioLoaderImpl:188 no facility-attributes file set in config, not loading any facility attributes
2025-12-16T15:24:34,680  INFO org.matsim.core.scenario.ScenarioLoaderImpl:196 loading population from file:/Users/ro9air/matsim-example-project/examples/osm_zero_to_matsim/scenario/input/population.xml.gz
2025-12-16T15:24:34,683  INFO org.matsim.core.utils.io.MatsimXmlParser:170 starting to parse xml from url file:/Users/ro9air/matsim-example-project/examples/osm_zero_to_matsim/scenario/input/population.xml.gz ...
2025-12-16T15:24:34,684  INFO org.matsim.core.population.io.PopulationReader:135 using population_v6-reader.
2025-12-16T15:24:34,684  INFO org.matsim.core.utils.io.MatsimXmlParser:296 Trying to load http://www.matsim.org/files/dtd/population_v6.dtd. In some cases (e.g. network interface up but no connection), this may take a bit.
2025-12-16T15:24:34,684  INFO org.matsim.core.utils.io.MatsimXmlParser:311 java.net.UnknownHostException: www.matsim.org. May not be fatal, will try to load it locally.
2025-12-16T15:24:34,684  INFO org.matsim.core.utils.io.MatsimXmlParser:333 Using local DTD from classpath:dtd/population_v6.dtd
2025-12-16T15:24:34,685  INFO org.matsim.core.population.io.ParallelPopulationReaderMatsimV6:168 Start parallel population reading...
2025-12-16T15:24:34,690  INFO org.matsim.core.population.PopulationImpl:111  person # 1
2025-12-16T15:24:34,692  INFO org.matsim.core.population.PopulationImpl:111  person # 4
2025-12-16T15:24:34,693  INFO org.matsim.core.population.PopulationImpl:111  person # 16
2025-12-16T15:24:34,694  INFO org.matsim.core.population.io.ParallelPopulationReaderMatsimV6:238 Finished parallel population reading...
2025-12-16T15:24:34,694  INFO org.matsim.core.population.PopulationUtils:1145  person # 20
2025-12-16T15:24:34,694  INFO org.matsim.core.scenario.ScenarioLoaderImpl:244 no person-attributes file set in config, not loading any person attributes
2025-12-16T15:24:34,694  INFO org.matsim.core.scenario.ScenarioLoaderImpl:258 no households file set in config, not loading households
2025-12-16T15:24:34,694  INFO org.matsim.core.scenario.ScenarioLoaderImpl:292 no transit schedule file set in config, not loading any transit schedule
2025-12-16T15:24:34,694  INFO org.matsim.core.scenario.ScenarioLoaderImpl:333 no transit vehicles file set in config, not loading any transit vehicles
2025-12-16T15:24:34,698  INFO org.matsim.core.config.groups.ScoringConfigGroup:1607 NO OPENING OR CLOSING TIMES DEFINED!

There is no activity type that has an opening *and* closing time (or opening time and late penalty) defined.
This usually means that the activity chains can be shifted by an arbitrary
number of hours without having an effect on the score of the plans, and thus
resulting in wrong results / traffic patterns.
If you are using MATSim without time adaptation, you can ignore this warning.


2025-12-16T15:24:34,698  INFO org.matsim.core.config.consistency.VspConfigConsistencyCheckerImpl:62 NOT running vsp config consistency check because vsp defaults checking level is set to IGNORE
2025-12-16T15:24:35,099  INFO org.matsim.core.events.SimStepParallelEventsManagerImpl:83 number of threads=1
2025-12-16T15:24:35,101  INFO org.matsim.core.events.EventsManagerImpl:139 === Logging of event-handlers skipped ===
2025-12-16T15:24:35,101  INFO org.matsim.core.events.EventsManagerImpl:140 To enable debug output, set an environment variable i.e. export LOG_LEVEL='debug', or set log.setLogLevel(Level.DEBUG) in your run class.
2025-12-16T15:24:35,101  INFO org.matsim.core.events.EventsManagerImpl:210     > org.matsim.api.core.v01.events.LinkEnterEvent
2025-12-16T15:24:35,102  INFO org.matsim.core.events.EventsManagerImpl:210     > org.matsim.api.core.v01.events.LinkLeaveEvent
2025-12-16T15:24:35,102  INFO org.matsim.core.events.EventsManagerImpl:210     > org.matsim.api.core.v01.events.VehicleEntersTrafficEvent
2025-12-16T15:24:35,102  INFO org.matsim.core.events.EventsManagerImpl:210     > org.matsim.api.core.v01.events.VehicleLeavesTrafficEvent
2025-12-16T15:24:35,102  INFO org.matsim.core.events.EventsManagerImpl:210     > org.matsim.core.api.experimental.events.VehicleArrivesAtFacilityEvent
2025-12-16T15:24:35,102  INFO org.matsim.core.events.EventsManagerImpl:210     > org.matsim.api.core.v01.events.VehicleAbortsEvent
2025-12-16T15:24:35,102  INFO org.matsim.core.events.EventsManagerImpl:139 === Logging of event-handlers skipped ===
2025-12-16T15:24:35,102  INFO org.matsim.core.events.EventsManagerImpl:140 To enable debug output, set an environment variable i.e. export LOG_LEVEL='debug', or set log.setLogLevel(Level.DEBUG) in your run class.
2025-12-16T15:24:35,102  INFO org.matsim.core.events.EventsManagerImpl:210     > org.matsim.api.core.v01.events.LinkEnterEvent
2025-12-16T15:24:35,102  INFO org.matsim.core.events.EventsManagerImpl:210     > org.matsim.api.core.v01.events.LinkLeaveEvent
2025-12-16T15:24:35,102  INFO org.matsim.core.events.EventsManagerImpl:210     > org.matsim.api.core.v01.events.VehicleEntersTrafficEvent
2025-12-16T15:24:35,102  INFO org.matsim.core.events.EventsManagerImpl:210     > org.matsim.api.core.v01.events.VehicleLeavesTrafficEvent
2025-12-16T15:24:35,102  INFO org.matsim.core.events.EventsManagerImpl:210     > org.matsim.core.api.experimental.events.VehicleArrivesAtFacilityEvent
2025-12-16T15:24:35,102  INFO org.matsim.core.events.EventsManagerImpl:210     > org.matsim.api.core.v01.events.VehicleAbortsEvent
2025-12-16T15:24:35,105  INFO org.matsim.core.replanning.StrategyManager:77 global innovation switch off after iteration: 0
2025-12-16T15:24:35,107  INFO org.matsim.core.replanning.GenericStrategyManagerImpl:332 added change request:  iteration=1 newWeight=0.0 strategy=RandomPlanSelector_ReRoute
2025-12-16T15:24:35,107  INFO org.matsim.core.replanning.GenericStrategyManagerImpl:364 setting PlanSelectorForRemoval to class org.matsim.core.replanning.selectors.WorstPlanForRemovalSelector
2025-12-16T15:24:35,108  INFO org.matsim.core.events.EventsManagerImpl:139 === Logging of event-handlers skipped ===
2025-12-16T15:24:35,108  INFO org.matsim.core.events.EventsManagerImpl:140 To enable debug output, set an environment variable i.e. export LOG_LEVEL='debug', or set log.setLogLevel(Level.DEBUG) in your run class.
2025-12-16T15:24:35,108  INFO org.matsim.core.events.EventsManagerImpl:210     > org.matsim.api.core.v01.events.Event
2025-12-16T15:24:35,108  INFO org.matsim.core.events.EventsManagerImpl:139 === Logging of event-handlers skipped ===
2025-12-16T15:24:35,108  INFO org.matsim.core.events.EventsManagerImpl:140 To enable debug output, set an environment variable i.e. export LOG_LEVEL='debug', or set log.setLogLevel(Level.DEBUG) in your run class.
2025-12-16T15:24:35,109  INFO org.matsim.core.events.EventsManagerImpl:210     > org.matsim.api.core.v01.events.Event
2025-12-16T15:24:35,112  INFO org.matsim.analysis.CalcLinkStats:151  resetting `count' to zero.  This info is here since we want to check when this is happening during normal simulation runs.  kai, jan'11
2025-12-16T15:24:35,112  INFO org.matsim.core.events.EventsManagerImpl:139 === Logging of event-handlers skipped ===
2025-12-16T15:24:35,112  INFO org.matsim.core.events.EventsManagerImpl:140 To enable debug output, set an environment variable i.e. export LOG_LEVEL='debug', or set log.setLogLevel(Level.DEBUG) in your run class.
2025-12-16T15:24:35,112  INFO org.matsim.core.events.EventsManagerImpl:210     > org.matsim.api.core.v01.events.LinkLeaveEvent
2025-12-16T15:24:35,112  INFO org.matsim.core.events.EventsManagerImpl:210     > org.matsim.api.core.v01.events.VehicleEntersTrafficEvent
2025-12-16T15:24:35,112  INFO org.matsim.core.events.EventsManagerImpl:139 === Logging of event-handlers skipped ===
2025-12-16T15:24:35,112  INFO org.matsim.core.events.EventsManagerImpl:140 To enable debug output, set an environment variable i.e. export LOG_LEVEL='debug', or set log.setLogLevel(Level.DEBUG) in your run class.
2025-12-16T15:24:35,112  INFO org.matsim.core.events.EventsManagerImpl:210     > org.matsim.api.core.v01.events.LinkLeaveEvent
2025-12-16T15:24:35,112  INFO org.matsim.core.events.EventsManagerImpl:210     > org.matsim.api.core.v01.events.VehicleEntersTrafficEvent
2025-12-16T15:24:35,112  INFO org.matsim.core.events.EventsManagerImpl:139 === Logging of event-handlers skipped ===
2025-12-16T15:24:35,112  INFO org.matsim.core.events.EventsManagerImpl:140 To enable debug output, set an environment variable i.e. export LOG_LEVEL='debug', or set log.setLogLevel(Level.DEBUG) in your run class.
2025-12-16T15:24:35,112  INFO org.matsim.core.events.EventsManagerImpl:210     > org.matsim.api.core.v01.events.PersonDepartureEvent
2025-12-16T15:24:35,113  INFO org.matsim.core.events.EventsManagerImpl:210     > org.matsim.api.core.v01.events.PersonArrivalEvent
2025-12-16T15:24:35,113  INFO org.matsim.core.events.EventsManagerImpl:210     > org.matsim.api.core.v01.events.PersonStuckEvent
2025-12-16T15:24:35,113  INFO org.matsim.core.events.EventsManagerImpl:139 === Logging of event-handlers skipped ===
2025-12-16T15:24:35,113  INFO org.matsim.core.events.EventsManagerImpl:140 To enable debug output, set an environment variable i.e. export LOG_LEVEL='debug', or set log.setLogLevel(Level.DEBUG) in your run class.
2025-12-16T15:24:35,113  INFO org.matsim.core.events.EventsManagerImpl:210     > org.matsim.api.core.v01.events.PersonDepartureEvent
2025-12-16T15:24:35,113  INFO org.matsim.core.events.EventsManagerImpl:210     > org.matsim.api.core.v01.events.PersonArrivalEvent
2025-12-16T15:24:35,113  INFO org.matsim.core.events.EventsManagerImpl:210     > org.matsim.api.core.v01.events.PersonStuckEvent
2025-12-16T15:24:35,119  INFO org.matsim.core.controler.AbstractController:57 Used Controler-Class: org.matsim.core.controler.NewControler
2025-12-16T15:24:35,120  INFO org.matsim.core.config.Config:421 ConfigConsistencyChecker with runtime type=class org.matsim.core.config.consistency.ConfigConsistencyCheckerImpl was already added; not adding it a second time
2025-12-16T15:24:35,120  INFO org.matsim.core.controler.Injector:81 === printInjector output skipped ===
2025-12-16T15:24:35,120  INFO org.matsim.core.controler.Injector:82 To enable debug output, set an environment variable i.e. export LOG_LEVEL='debug', or set log.setLogLevel(Level.DEBUG) in your run class.
2025-12-16T15:24:35,129  INFO org.matsim.core.gbl.Gbl:64 JVM: 21.0.8; Eclipse Adoptium; mixed mode, sharing; 64-bit
2025-12-16T15:24:35,129  INFO org.matsim.core.gbl.Gbl:68 OS: Mac OS X; 26.2; aarch64
2025-12-16T15:24:35,130  INFO org.matsim.core.gbl.Gbl:71 CPU cores: 8
2025-12-16T15:24:35,131  INFO org.matsim.core.gbl.Gbl:72 max. Memory: 1024.0MB (1073741824B)
2025-12-16T15:24:35,131  INFO org.matsim.core.gbl.Gbl:114 MATSim-Build: r7f2ea0d07d20e164b577066595eddc23e3659473 ({2025-04-11 08:55:36})
2025-12-16T15:24:35,131  INFO org.matsim.core.gbl.Gbl:76 Command: org.matsim.project.RunMatsimApplication run --config /Users/ro9air/matsim-example-project/examples/osm_zero_to_matsim/scenario/config.xml --config:controller.outputDirectory /Users/ro9air/matsim-example-project/examples/osm_zero_to_matsim/scenario/output0 --config:controller.lastIteration 0
2025-12-16T15:24:35,132  INFO org.matsim.core.controler.ControlerListenerManagerImpl:112 calling notifyStartup on org.matsim.core.controler.ControlerDefaultsModule$1 with priority 0.0
2025-12-16T15:24:35,132  INFO org.matsim.utils.MemoryObserver:42 used RAM: 33 MB  free: 42 MB  total: 76 MB
2025-12-16T15:24:35,175  INFO org.matsim.core.controler.ControlerListenerManagerImpl:112 calling notifyStartup on org.matsim.guice.DependencyGraphControlerListener with priority 0.0
2025-12-16T15:24:35,221  INFO org.matsim.core.controler.ControlerListenerManagerImpl:112 calling notifyStartup on org.matsim.counts.CountsControlerListener with priority 0.0
2025-12-16T15:24:35,221  INFO org.matsim.core.controler.ControlerListenerManagerImpl:112 calling notifyStartup on org.matsim.analysis.ModeChoiceCoverageControlerListener with priority 0.0
2025-12-16T15:24:35,221  INFO org.matsim.core.controler.ControlerListenerManagerImpl:112 calling notifyStartup on org.matsim.analysis.ModeStatsControlerListener with priority 0.0
2025-12-16T15:24:35,221  INFO org.matsim.core.controler.ControlerListenerManagerImpl:112 calling notifyStartup on org.matsim.analysis.ScoreStatsControlerListener with priority 0.0
2025-12-16T15:24:35,222  INFO org.matsim.core.controler.ControlerListenerManagerImpl:112 calling notifyStartup on org.matsim.simwrapper.SimWrapperListener with priority -1000.0
2025-12-16T15:24:35,222  INFO org.matsim.simwrapper.SimWrapper:102 Creating dashboards for org.matsim.simwrapper.SimWrapperListener$$Lambda/0x00000098013c4a30@4dad0eed
2025-12-16T15:24:35,224  INFO org.matsim.simwrapper.SimWrapper:102 Creating dashboards for org.matsim.simwrapper.DefaultDashboardProvider@4f169009
2025-12-16T15:24:35,231  INFO org.matsim.simwrapper.SimWrapper:113 Adding dashboard org.matsim.simwrapper.dashboard.OverviewDashboard@3b2e5c0d
2025-12-16T15:24:35,231  INFO org.matsim.simwrapper.SimWrapper:113 Adding dashboard org.matsim.simwrapper.dashboard.TripDashboard@7499eac7
2025-12-16T15:24:35,231  INFO org.matsim.simwrapper.SimWrapper:113 Adding dashboard org.matsim.simwrapper.dashboard.TrafficDashboard@5438c17a
2025-12-16T15:24:35,231  INFO org.matsim.simwrapper.SimWrapper:113 Adding dashboard org.matsim.simwrapper.dashboard.StuckAgentDashboard@b9d018b
2025-12-16T15:24:35,333  INFO org.matsim.core.controler.ControlerListenerManagerImpl:115 all ControlerStartupListeners called.
2025-12-16T15:24:35,333  INFO org.matsim.core.controler.ControllerUtils:99 config dump before iterations start
2025-12-16T15:24:35,340  INFO org.matsim.core.controler.ControllerUtils:105 === logging config.xml skipped ===
2025-12-16T15:24:35,340  INFO org.matsim.core.controler.ControllerUtils:106 To enable debug output, set an environment variable i.e. export LOG_LEVEL='debug', or set log.setLogLevel(Level.DEBUG) in your run class.
2025-12-16T15:24:35,340  INFO org.matsim.core.controler.ControllerUtils:110 Complete config dump done.
2025-12-16T15:24:35,340  INFO org.matsim.core.controler.ControllerUtils:111 Checking consistency of config...
2025-12-16T15:24:35,340  INFO org.matsim.core.config.groups.ScoringConfigGroup:1607 NO OPENING OR CLOSING TIMES DEFINED!

There is no activity type that has an opening *and* closing time (or opening time and late penalty) defined.
This usually means that the activity chains can be shifted by an arbitrary
number of hours without having an effect on the score of the plans, and thus
resulting in wrong results / traffic patterns.
If you are using MATSim without time adaptation, you can ignore this warning.


2025-12-16T15:24:35,341  INFO org.matsim.core.config.consistency.VspConfigConsistencyCheckerImpl:62 NOT running vsp config consistency check because vsp defaults checking level is set to IGNORE
2025-12-16T15:24:35,345  INFO org.matsim.core.controler.ControllerUtils:113 Checking consistency of config done.
2025-12-16T15:24:35,346  WARN org.matsim.core.controler.PrepareForSim:265 'usePersonIdForMissingVehicleId' is deprecated. It will be removed soon.
2025-12-16T15:24:35,347  INFO org.matsim.core.utils.misc.Counter:70 [VehiclesImpl] added vehicle # 1
2025-12-16T15:24:35,347  INFO org.matsim.core.utils.misc.Counter:70 [VehiclesImpl] added vehicle # 2
2025-12-16T15:24:35,347  INFO org.matsim.core.utils.misc.Counter:70 [VehiclesImpl] added vehicle # 4
2025-12-16T15:24:35,347  INFO org.matsim.core.utils.misc.Counter:70 [VehiclesImpl] added vehicle # 8
2025-12-16T15:24:35,348  INFO org.matsim.core.utils.misc.Counter:70 [VehiclesImpl] added vehicle # 16
2025-12-16T15:24:35,350  INFO org.matsim.core.router.speedy.SpeedyALTData:51 find dead ends...
2025-12-16T15:24:35,350  INFO org.matsim.core.router.speedy.SpeedyALTData:132 calculate landmarks...
2025-12-16T15:24:35,356  INFO org.matsim.core.router.speedy.SpeedyALTData:173 calculate min travelcost...
2025-12-16T15:24:35,357  INFO org.matsim.core.network.NetworkImpl:165  node # 1
2025-12-16T15:24:35,358  INFO org.matsim.core.network.NetworkImpl:161  link # 1
2025-12-16T15:24:35,358  INFO org.matsim.core.network.NetworkImpl:161  link # 4
2025-12-16T15:24:35,358  INFO org.matsim.core.router.NetworkRoutingProvider:151 Checking network for mode 'car' for consistency...
2025-12-16T15:24:35,360  INFO org.matsim.core.network.algorithms.MultimodalNetworkCleaner:104 running org.matsim.core.network.algorithms.MultimodalNetworkCleaner algorithm for modes [car] with connectivity modes []...
2025-12-16T15:24:35,360  INFO org.matsim.core.network.algorithms.MultimodalNetworkCleaner:108   checking 3 nodes and 6 links for dead-ends...
2025-12-16T15:24:35,361  INFO org.matsim.core.network.algorithms.MultimodalNetworkCleaner:126     The biggest cluster consists of 6 links.
2025-12-16T15:24:35,361  INFO org.matsim.core.network.algorithms.MultimodalNetworkCleaner:127   done.
2025-12-16T15:24:35,361  INFO org.matsim.core.network.algorithms.MultimodalNetworkCleaner:151   resulting network contains 3 nodes and 6 links.
2025-12-16T15:24:35,361  INFO org.matsim.core.network.algorithms.MultimodalNetworkCleaner:153 done.
2025-12-16T15:24:35,362  WARN org.matsim.core.router.costcalculators.RandomizingTimeDistanceTravelDisutilityFactory:113 There will be no routing randomness. The randomization of the travel disutility requires the monetary distance rate to be different than zero. Continuing anyway.
2025-12-16T15:24:35,362  WARN org.matsim.core.router.costcalculators.RandomizingTimeDistanceTravelDisutilityFactory:118 There will be no routing randomness. The randomization of the travel disutility requires the travel time cost rate to be different than zero. Continuing anyway.
2025-12-16T15:24:35,362  INFO org.matsim.core.router.costcalculators.RandomizingTimeDistanceTravelDisutilityFactory:86  sigma: 3.0; resulting normalization: 0.011108996538242306
2025-12-16T15:24:35,362  INFO org.matsim.core.router.speedy.SpeedyALTData:51 find dead ends...
2025-12-16T15:24:35,363  INFO org.matsim.core.router.speedy.SpeedyALTData:132 calculate landmarks...
2025-12-16T15:24:35,363  INFO org.matsim.core.router.speedy.SpeedyALTData:173 calculate min travelcost...
2025-12-16T15:24:35,363  WARN org.matsim.core.router.NetworkRoutingProvider:137 [mode: car; routingMode: car] Using deprecated routing module without access/egress. Consider using AccessEgressNetworkRouter instead.
2025-12-16T15:24:35,363  INFO org.matsim.core.router.speedy.SpeedyALTData:51 find dead ends...
2025-12-16T15:24:35,363  INFO org.matsim.core.router.speedy.SpeedyALTData:132 calculate landmarks...
2025-12-16T15:24:35,363  INFO org.matsim.core.router.speedy.SpeedyALTData:173 calculate min travelcost...
2025-12-16T15:24:35,364  INFO org.matsim.core.router.costcalculators.RandomizingTimeDistanceTravelDisutilityFactory:86  sigma: 3.0; resulting normalization: 0.011108996538242306
2025-12-16T15:24:35,364  WARN org.matsim.core.router.NetworkRoutingProvider:137 [mode: car; routingMode: car] Using deprecated routing module without access/egress. Consider using AccessEgressNetworkRouter instead.
2025-12-16T15:24:35,369  INFO org.matsim.core.utils.misc.Counter:70 [PersonPrepareForSim] handled person # 1
2025-12-16T15:24:35,369  INFO org.matsim.core.utils.misc.Counter:70 [PersonPrepareForSim] handled person # 2
2025-12-16T15:24:35,370  INFO org.matsim.core.utils.misc.Counter:70 [PersonPrepareForSim] handled person # 4
2025-12-16T15:24:35,370  INFO org.matsim.core.utils.misc.Counter:70 [PersonPrepareForSim] handled person # 8
2025-12-16T15:24:35,370  INFO org.matsim.core.utils.misc.Counter:70 [PersonPrepareForSim] handled person # 16
2025-12-16T15:24:35,371  INFO org.matsim.core.utils.misc.Counter:75 [PersonPrepareForSim] handled person # 20
2025-12-16T15:24:35,371  INFO org.matsim.core.controler.AbstractController:136 ###################################################
2025-12-16T15:24:35,371  INFO org.matsim.core.controler.AbstractController:137 ### ITERATION 0 BEGINS
2025-12-16T15:24:35,371  INFO org.matsim.core.controler.ControlerListenerManagerImpl:156 calling notifyIterationStarts on org.matsim.analysis.LegTimesControlerListener with priority 0.0
2025-12-16T15:24:35,371  INFO org.matsim.core.events.EventsManagerImpl:139 === Logging of event-handlers skipped ===
2025-12-16T15:24:35,371  INFO org.matsim.core.events.EventsManagerImpl:140 To enable debug output, set an environment variable i.e. export LOG_LEVEL='debug', or set log.setLogLevel(Level.DEBUG) in your run class.
2025-12-16T15:24:35,371  INFO org.matsim.core.events.EventsManagerImpl:210     > org.matsim.api.core.v01.events.PersonDepartureEvent
2025-12-16T15:24:35,372  INFO org.matsim.core.events.EventsManagerImpl:210     > org.matsim.api.core.v01.events.PersonArrivalEvent
2025-12-16T15:24:35,372  INFO org.matsim.core.events.EventsManagerImpl:210     > org.matsim.api.core.v01.events.ActivityEndEvent
2025-12-16T15:24:35,372  INFO org.matsim.core.events.EventsManagerImpl:210     > org.matsim.api.core.v01.events.ActivityStartEvent
2025-12-16T15:24:35,372  INFO org.matsim.core.events.EventsManagerImpl:139 === Logging of event-handlers skipped ===
2025-12-16T15:24:35,372  INFO org.matsim.core.events.EventsManagerImpl:140 To enable debug output, set an environment variable i.e. export LOG_LEVEL='debug', or set log.setLogLevel(Level.DEBUG) in your run class.
2025-12-16T15:24:35,372  INFO org.matsim.core.events.EventsManagerImpl:210     > org.matsim.api.core.v01.events.PersonDepartureEvent
2025-12-16T15:24:35,372  INFO org.matsim.core.events.EventsManagerImpl:210     > org.matsim.api.core.v01.events.PersonArrivalEvent
2025-12-16T15:24:35,372  INFO org.matsim.core.events.EventsManagerImpl:210     > org.matsim.api.core.v01.events.ActivityEndEvent
2025-12-16T15:24:35,372  INFO org.matsim.core.events.EventsManagerImpl:210     > org.matsim.api.core.v01.events.ActivityStartEvent
2025-12-16T15:24:35,372  INFO org.matsim.core.controler.ControlerListenerManagerImpl:156 calling notifyIterationStarts on org.matsim.analysis.LegHistogramListener with priority 0.0
2025-12-16T15:24:35,372  INFO org.matsim.core.events.EventsManagerImpl:139 === Logging of event-handlers skipped ===
2025-12-16T15:24:35,372  INFO org.matsim.core.events.EventsManagerImpl:140 To enable debug output, set an environment variable i.e. export LOG_LEVEL='debug', or set log.setLogLevel(Level.DEBUG) in your run class.
2025-12-16T15:24:35,372  INFO org.matsim.core.events.EventsManagerImpl:210     > org.matsim.api.core.v01.events.PersonDepartureEvent
2025-12-16T15:24:35,372  INFO org.matsim.core.events.EventsManagerImpl:210     > org.matsim.api.core.v01.events.PersonArrivalEvent
2025-12-16T15:24:35,372  INFO org.matsim.core.events.EventsManagerImpl:210     > org.matsim.api.core.v01.events.PersonStuckEvent
2025-12-16T15:24:35,372  INFO org.matsim.core.events.EventsManagerImpl:139 === Logging of event-handlers skipped ===
2025-12-16T15:24:35,372  INFO org.matsim.core.events.EventsManagerImpl:140 To enable debug output, set an environment variable i.e. export LOG_LEVEL='debug', or set log.setLogLevel(Level.DEBUG) in your run class.
2025-12-16T15:24:35,372  INFO org.matsim.core.events.EventsManagerImpl:210     > org.matsim.api.core.v01.events.PersonDepartureEvent
2025-12-16T15:24:35,372  INFO org.matsim.core.events.EventsManagerImpl:210     > org.matsim.api.core.v01.events.PersonArrivalEvent
2025-12-16T15:24:35,372  INFO org.matsim.core.events.EventsManagerImpl:210     > org.matsim.api.core.v01.events.PersonStuckEvent
2025-12-16T15:24:35,372  INFO org.matsim.core.controler.ControlerListenerManagerImpl:156 calling notifyIterationStarts on org.matsim.analysis.LinkStatsControlerListener with priority 0.0
2025-12-16T15:24:35,372  INFO org.matsim.core.controler.ControlerListenerManagerImpl:156 calling notifyIterationStarts on org.matsim.core.replanning.ReplanningContextImpl with priority 0.0
2025-12-16T15:24:35,372  INFO org.matsim.core.controler.ControlerListenerManagerImpl:156 calling notifyIterationStarts on org.matsim.core.scoring.ScoringFunctionsForPopulation$$Lambda/0x0000009801381638 with priority 0.0
2025-12-16T15:24:35,381  INFO org.matsim.core.controler.ControlerListenerManagerImpl:156 calling notifyIterationStarts on org.matsim.core.scoring.ExperiencedPlansServiceImpl$1 with priority 0.0
2025-12-16T15:24:35,381  INFO org.matsim.core.controler.ControlerListenerManagerImpl:159 [it.0] all ControlerIterationStartsListeners called.
2025-12-16T15:24:35,381  INFO org.matsim.core.controler.ControlerListenerManagerImpl:242 calling notifyBeforeMobsim on org.matsim.core.controler.corelisteners.EventsHandlingImpl with priority 0.0
2025-12-16T15:24:35,382  INFO org.matsim.core.events.EventsManagerImpl:173 resetting Event-Handlers
2025-12-16T15:24:35,382  INFO org.matsim.core.events.EventsManagerImpl:180   org.matsim.core.trafficmonitoring.TravelTimeCalculator
2025-12-16T15:24:35,382  INFO org.matsim.core.events.EventsManagerImpl:180   org.matsim.analysis.VolumesAnalyzer
2025-12-16T15:24:35,382  INFO org.matsim.core.events.EventsManagerImpl:180   org.matsim.core.scoring.ScoringFunctionsForPopulation
2025-12-16T15:24:35,382  INFO org.matsim.core.events.EventsManagerImpl:180   org.matsim.analysis.LegHistogram
2025-12-16T15:24:35,382  INFO org.matsim.core.events.EventsManagerImpl:180   org.matsim.analysis.CalcLegTimes
2025-12-16T15:24:35,383  INFO org.matsim.core.events.EventsManagerImpl:139 === Logging of event-handlers skipped ===
2025-12-16T15:24:35,384  INFO org.matsim.core.events.EventsManagerImpl:140 To enable debug output, set an environment variable i.e. export LOG_LEVEL='debug', or set log.setLogLevel(Level.DEBUG) in your run class.
2025-12-16T15:24:35,384  INFO org.matsim.core.events.EventsManagerImpl:210     > org.matsim.api.core.v01.events.Event
2025-12-16T15:24:35,384  INFO org.matsim.core.events.EventsManagerImpl:139 === Logging of event-handlers skipped ===
2025-12-16T15:24:35,384  INFO org.matsim.core.events.EventsManagerImpl:140 To enable debug output, set an environment variable i.e. export LOG_LEVEL='debug', or set log.setLogLevel(Level.DEBUG) in your run class.
2025-12-16T15:24:35,384  INFO org.matsim.core.events.EventsManagerImpl:210     > org.matsim.api.core.v01.events.Event
2025-12-16T15:24:35,384  INFO org.matsim.core.controler.ControlerListenerManagerImpl:242 calling notifyBeforeMobsim on org.matsim.core.controler.corelisteners.PlansDumpingImpl with priority 0.0
2025-12-16T15:24:35,384  INFO org.matsim.core.controler.corelisteners.PlansDumpingImpl:77 dumping plans...
2025-12-16T15:24:35,387  INFO org.matsim.core.utils.misc.Counter:70 [PopulationWriter] dumped person # 1
2025-12-16T15:24:35,387  INFO org.matsim.core.utils.misc.Counter:70 [PopulationWriter] dumped person # 2
2025-12-16T15:24:35,387  INFO org.matsim.core.utils.misc.Counter:70 [PopulationWriter] dumped person # 4
2025-12-16T15:24:35,387  INFO org.matsim.core.utils.misc.Counter:70 [PopulationWriter] dumped person # 8
2025-12-16T15:24:35,387  INFO org.matsim.core.utils.misc.Counter:70 [PopulationWriter] dumped person # 16
2025-12-16T15:24:35,389  INFO org.matsim.core.utils.misc.Counter:70 [ParallelPopulationWriterV6] dumped person # 1
2025-12-16T15:24:35,389  INFO org.matsim.core.utils.misc.Counter:70 [ParallelPopulationWriterV6] dumped person # 2
2025-12-16T15:24:35,390  INFO org.matsim.core.utils.misc.Counter:70 [ParallelPopulationWriterV6] dumped person # 4
2025-12-16T15:24:35,390  INFO org.matsim.core.utils.misc.Counter:70 [ParallelPopulationWriterV6] dumped person # 8
2025-12-16T15:24:35,391  INFO org.matsim.core.utils.misc.Counter:70 [ParallelPopulationWriterV6] dumped person # 16
2025-12-16T15:24:35,391  INFO org.matsim.core.utils.misc.Counter:75 [ParallelPopulationWriterV6] dumped person # 20
2025-12-16T15:24:35,391  INFO org.matsim.core.population.io.PopulationWriter:150 Population written to: /Users/ro9air/matsim-example-project/examples/osm_zero_to_matsim/scenario/output0/ITERS/it.0/0.plans.xml.gz
2025-12-16T15:24:35,392  INFO org.matsim.core.utils.misc.Counter:75 [PopulationWriter] dumped person # 20
2025-12-16T15:24:35,392  INFO org.matsim.core.controler.corelisteners.PlansDumpingImpl:94 finished plans dump.
2025-12-16T15:24:35,393  INFO org.matsim.core.controler.ControlerListenerManagerImpl:248 calling notifyBeforeMobsim on org.matsim.core.population.VspPlansCleaner with priority 0.0
2025-12-16T15:24:35,393  INFO org.matsim.core.controler.ControlerListenerManagerImpl:251 [it.0] all ControlerBeforeMobsimListeners called.
2025-12-16T15:24:35,393  INFO org.matsim.core.router.costcalculators.RandomizingTimeDistanceTravelDisutilityFactory:86  sigma: 3.0; resulting normalization: 0.011108996538242306
2025-12-16T15:24:35,393  WARN org.matsim.core.router.NetworkRoutingProvider:137 [mode: car; routingMode: car] Using deprecated routing module without access/egress. Consider using AccessEgressNetworkRouter instead.
2025-12-16T15:24:35,393  INFO org.matsim.core.router.costcalculators.RandomizingTimeDistanceTravelDisutilityFactory:86  sigma: 3.0; resulting normalization: 0.011108996538242306
2025-12-16T15:24:35,393  WARN org.matsim.core.router.NetworkRoutingProvider:137 [mode: car; routingMode: car] Using deprecated routing module without access/egress. Consider using AccessEgressNetworkRouter instead.
2025-12-16T15:24:35,394  INFO org.matsim.core.utils.misc.Counter:70 [PersonPrepareForSim] handled person # 2
2025-12-16T15:24:35,394  INFO org.matsim.core.utils.misc.Counter:70 [PersonPrepareForSim] handled person # 1
2025-12-16T15:24:35,394  INFO org.matsim.core.utils.misc.Counter:70 [PersonPrepareForSim] handled person # 4
2025-12-16T15:24:35,394  INFO org.matsim.core.utils.misc.Counter:70 [PersonPrepareForSim] handled person # 8
2025-12-16T15:24:35,394  INFO org.matsim.core.utils.misc.Counter:70 [PersonPrepareForSim] handled person # 16
2025-12-16T15:24:35,394  INFO org.matsim.core.utils.misc.Counter:75 [PersonPrepareForSim] handled person # 20
2025-12-16T15:24:35,423  INFO org.matsim.core.mobsim.qsim.MobsimListenerManager:50 calling addQueueSimulationListener
2025-12-16T15:24:35,423  INFO org.matsim.core.mobsim.qsim.MobsimListenerManager:54   assigned class org.matsim.core.mobsim.framework.listeners.MobsimListener to interface org.matsim.core.mobsim.framework.listeners.MobsimInitializedListener
2025-12-16T15:24:35,423  INFO org.matsim.core.mobsim.qsim.MobsimListenerManager:54   assigned class org.matsim.core.mobsim.framework.listeners.MobsimListener to interface org.matsim.core.mobsim.framework.listeners.MobsimAfterSimStepListener
2025-12-16T15:24:35,423  INFO org.matsim.core.mobsim.qsim.MobsimListenerManager:54   assigned class org.matsim.core.mobsim.framework.listeners.MobsimListener to interface org.matsim.vis.snapshotwriters.SnapshotWriterManager
2025-12-16T15:24:35,423  INFO org.matsim.core.mobsim.qsim.MobsimListenerManager:54   assigned class org.matsim.core.mobsim.framework.listeners.MobsimListener to interface org.matsim.core.mobsim.framework.listeners.MobsimListener
2025-12-16T15:24:35,424  INFO org.matsim.core.mobsim.qsim.MobsimListenerManager:54   assigned class org.matsim.core.mobsim.framework.listeners.MobsimListener to interface org.matsim.core.mobsim.framework.listeners.MobsimBeforeCleanupListener
2025-12-16T15:24:35,426  INFO org.matsim.core.mobsim.qsim.QSimProvider:131 Added MobsimEngine class org.matsim.core.mobsim.qsim.ActivityEngineDefaultImpl
2025-12-16T15:24:35,426  INFO org.matsim.core.mobsim.qsim.QSimProvider:137 Added Activityhandler class org.matsim.core.mobsim.qsim.ActivityEngineDefaultImpl
2025-12-16T15:24:35,432  INFO org.matsim.core.mobsim.qsim.QSimProvider:131 Added MobsimEngine class org.matsim.core.mobsim.qsim.qnetsimengine.QNetsimEngineWithThreadpool
2025-12-16T15:24:35,432  INFO org.matsim.core.mobsim.qsim.QSimProvider:143 Added DepartureHandler class org.matsim.core.mobsim.qsim.qnetsimengine.NetworkModeDepartureHandlerDefaultImpl
2025-12-16T15:24:35,432  INFO org.matsim.core.mobsim.qsim.QSimProvider:131 Added MobsimEngine class org.matsim.core.mobsim.qsim.DefaultTeleportationEngine
2025-12-16T15:24:35,432  INFO org.matsim.core.mobsim.qsim.QSimProvider:143 Added DepartureHandler class org.matsim.core.mobsim.qsim.DefaultTeleportationEngine
2025-12-16T15:24:35,432  INFO org.matsim.core.mobsim.qsim.QSimProvider:149 Added AgentSource class org.matsim.core.mobsim.qsim.agents.PopulationAgentSource
2025-12-16T15:24:35,432  INFO org.matsim.core.mobsim.qsim.MobsimListenerManager:50 calling addQueueSimulationListener
2025-12-16T15:24:35,432  INFO org.matsim.core.mobsim.qsim.MobsimListenerManager:54   assigned class org.matsim.core.mobsim.framework.listeners.MobsimListener to interface org.matsim.core.mobsim.qsim.messagequeueengine.MessageQueueEngine
2025-12-16T15:24:35,432  INFO org.matsim.core.mobsim.qsim.MobsimListenerManager:54   assigned class org.matsim.core.mobsim.framework.listeners.MobsimListener to interface org.matsim.core.mobsim.framework.listeners.MobsimBeforeSimStepListener
2025-12-16T15:24:35,432  INFO org.matsim.core.mobsim.qsim.MobsimListenerManager:54   assigned class org.matsim.core.mobsim.framework.listeners.MobsimListener to interface org.matsim.core.mobsim.framework.listeners.MobsimListener
2025-12-16T15:24:35,432  INFO org.matsim.core.mobsim.qsim.QSimProvider:155 Added MobsimListener class org.matsim.core.mobsim.qsim.messagequeueengine.MessageQueueEngine
2025-12-16T15:24:35,434  INFO org.matsim.core.population.PopulationUtils:1292 adding scenario element for allpersons container
2025-12-16T15:24:35,434  INFO org.matsim.core.population.PopulationImpl:111  person # 1
2025-12-16T15:24:35,434  INFO org.matsim.core.population.PopulationImpl:111  person # 4
2025-12-16T15:24:35,434  INFO org.matsim.core.population.PopulationImpl:111  person # 16
2025-12-16T15:24:35,434  INFO org.matsim.vehicles.VehicleUtils:431 adding scenario element for allvehicles container
2025-12-16T15:24:35,434  INFO org.matsim.core.utils.misc.Counter:70 [VehiclesImpl] added vehicle # 1
2025-12-16T15:24:35,434  INFO org.matsim.core.utils.misc.Counter:70 [VehiclesImpl] added vehicle # 2
2025-12-16T15:24:35,434  INFO org.matsim.core.utils.misc.Counter:70 [VehiclesImpl] added vehicle # 4
2025-12-16T15:24:35,434  INFO org.matsim.core.utils.misc.Counter:70 [VehiclesImpl] added vehicle # 8
2025-12-16T15:24:35,434  INFO org.matsim.core.utils.misc.Counter:70 [VehiclesImpl] added vehicle # 16
2025-12-16T15:24:35,435  INFO org.matsim.core.mobsim.qsim.qnetsimengine.AbstractQNetsimEngine:418 Assigned 3 nodes and 6 links to QSimEngineRunner #0
2025-12-16T15:24:35,436  INFO org.matsim.core.events.EventsManagerImpl:116  event # 1
2025-12-16T15:24:35,437  INFO org.matsim.core.events.EventsManagerImpl:116  event # 4
2025-12-16T15:24:35,437  INFO org.matsim.core.mobsim.qsim.qnetsimengine.AbstractQNetsimEngine:356 SIMULATION (QNetsimEngine) AT 08:00:18 : #links=0 #nodes=1
2025-12-16T15:24:35,439  INFO org.matsim.core.mobsim.qsim.QSim:552 SIMULATION (NEW QSim) AT 08:00:18 : #Veh=20 lost=0 simT=0.0s realT=0s; (s/r): 0.0
2025-12-16T15:24:35,443  INFO org.matsim.core.events.EventsManagerImpl:116  event # 16
2025-12-16T15:24:35,456  INFO org.matsim.core.events.EventsManagerImpl:116  event # 64
2025-12-16T15:24:35,530  INFO org.matsim.core.mobsim.qsim.qnetsimengine.AbstractQNetsimEngine:356 SIMULATION (QNetsimEngine) AT 09:00:00 : #links=1 #nodes=0
2025-12-16T15:24:35,530  INFO org.matsim.core.mobsim.qsim.QSim:552 SIMULATION (NEW QSim) AT 09:00:00 : #Veh=20 lost=0 simT=3582.0s realT=0s; (s/r): Infinity
2025-12-16T15:24:35,615  INFO org.matsim.core.mobsim.qsim.qnetsimengine.AbstractQNetsimEngine:356 SIMULATION (QNetsimEngine) AT 10:00:00 : #links=0 #nodes=0
2025-12-16T15:24:35,615  INFO org.matsim.core.mobsim.qsim.QSim:552 SIMULATION (NEW QSim) AT 10:00:00 : #Veh=20 lost=0 simT=7182.0s realT=0s; (s/r): Infinity
2025-12-16T15:24:35,687  INFO org.matsim.core.mobsim.qsim.qnetsimengine.AbstractQNetsimEngine:356 SIMULATION (QNetsimEngine) AT 11:00:00 : #links=0 #nodes=0
2025-12-16T15:24:35,687  INFO org.matsim.core.mobsim.qsim.QSim:552 SIMULATION (NEW QSim) AT 11:00:00 : #Veh=20 lost=0 simT=10782.0s realT=0s; (s/r): Infinity
2025-12-16T15:24:35,758  INFO org.matsim.core.mobsim.qsim.qnetsimengine.AbstractQNetsimEngine:356 SIMULATION (QNetsimEngine) AT 12:00:00 : #links=0 #nodes=0
2025-12-16T15:24:35,758  INFO org.matsim.core.mobsim.qsim.QSim:552 SIMULATION (NEW QSim) AT 12:00:00 : #Veh=20 lost=0 simT=14382.0s realT=0s; (s/r): Infinity
2025-12-16T15:24:35,822  INFO org.matsim.core.mobsim.qsim.qnetsimengine.AbstractQNetsimEngine:356 SIMULATION (QNetsimEngine) AT 13:00:00 : #links=0 #nodes=0
2025-12-16T15:24:35,823  INFO org.matsim.core.mobsim.qsim.QSim:552 SIMULATION (NEW QSim) AT 13:00:00 : #Veh=20 lost=0 simT=17982.0s realT=0s; (s/r): Infinity
2025-12-16T15:24:35,889  INFO org.matsim.core.mobsim.qsim.qnetsimengine.AbstractQNetsimEngine:356 SIMULATION (QNetsimEngine) AT 14:00:00 : #links=0 #nodes=0
2025-12-16T15:24:35,889  INFO org.matsim.core.mobsim.qsim.QSim:552 SIMULATION (NEW QSim) AT 14:00:00 : #Veh=20 lost=0 simT=21582.0s realT=0s; (s/r): Infinity
2025-12-16T15:24:35,958  INFO org.matsim.core.mobsim.qsim.qnetsimengine.AbstractQNetsimEngine:356 SIMULATION (QNetsimEngine) AT 15:00:00 : #links=0 #nodes=0
2025-12-16T15:24:35,958  INFO org.matsim.core.mobsim.qsim.QSim:552 SIMULATION (NEW QSim) AT 15:00:00 : #Veh=20 lost=0 simT=25182.0s realT=0s; (s/r): Infinity
2025-12-16T15:24:36,027  INFO org.matsim.core.mobsim.qsim.qnetsimengine.AbstractQNetsimEngine:356 SIMULATION (QNetsimEngine) AT 16:00:00 : #links=0 #nodes=0
2025-12-16T15:24:36,027  INFO org.matsim.core.mobsim.qsim.QSim:552 SIMULATION (NEW QSim) AT 16:00:00 : #Veh=20 lost=0 simT=28782.0s realT=0s; (s/r): Infinity
2025-12-16T15:24:36,096  INFO org.matsim.core.mobsim.qsim.qnetsimengine.AbstractQNetsimEngine:356 SIMULATION (QNetsimEngine) AT 17:00:00 : #links=0 #nodes=0
2025-12-16T15:24:36,096  INFO org.matsim.core.mobsim.qsim.QSim:552 SIMULATION (NEW QSim) AT 17:00:00 : #Veh=20 lost=0 simT=32382.0s realT=0s; (s/r): Infinity
2025-12-16T15:24:36,105  INFO org.matsim.core.events.EventsManagerImpl:116  event # 256
2025-12-16T15:24:36,168  INFO org.matsim.core.mobsim.qsim.qnetsimengine.AbstractQNetsimEngine:356 SIMULATION (QNetsimEngine) AT 18:00:00 : #links=1 #nodes=0
2025-12-16T15:24:36,168  INFO org.matsim.core.mobsim.qsim.QSim:552 SIMULATION (NEW QSim) AT 18:00:00 : #Veh=1 lost=0 simT=35982.0s realT=0s; (s/r): Infinity
2025-12-16T15:24:36,169  INFO org.matsim.core.controler.AbstractController:237 ### ITERATION 0 fires after mobsim event
2025-12-16T15:24:36,169  INFO org.matsim.core.gbl.Gbl:196 Thread performance: Thread=class org.matsim.core.events.SimStepParallelEventsManagerImpl$ProcessEventsRunnable0  cpu-time=0.127946sec
2025-12-16T15:24:36,169  INFO org.matsim.core.controler.ControlerListenerManagerImpl:269 calling notifyAfterMobsim on org.matsim.analysis.LegTimesControlerListener with priority 0.0
2025-12-16T15:24:36,170  INFO org.matsim.analysis.LegTimesControlerListener:73 [0] average leg duration is: 62 seconds = 00:01:02
2025-12-16T15:24:36,170  INFO org.matsim.core.controler.ControlerListenerManagerImpl:269 calling notifyAfterMobsim on org.matsim.core.events.MobsimScopeEventHandling with priority 0.0
2025-12-16T15:24:36,170  INFO org.matsim.core.controler.ControlerListenerManagerImpl:269 calling notifyAfterMobsim on org.matsim.core.scoring.EventsToActivities$1 with priority 0.0
2025-12-16T15:24:36,170  INFO org.matsim.core.controler.ControlerListenerManagerImpl:272 [it.0] all ControlerAfterMobsimListeners called.
2025-12-16T15:24:36,171  INFO org.matsim.core.controler.AbstractController:162 ### ITERATION 0 fires scoring event
2025-12-16T15:24:36,171  INFO org.matsim.core.controler.ControlerListenerManagerImpl:197 calling notifyScoring on org.matsim.core.scoring.PlansScoringImpl with priority 0.0
2025-12-16T15:24:36,172  INFO org.matsim.core.scoring.NewScoreAssignerImpl:60 it: 0 msaStart: null
2025-12-16T15:24:36,172  INFO org.matsim.core.controler.ControlerListenerManagerImpl:209 [it.0] all ControlerScoringListeners called.
2025-12-16T15:24:36,172  INFO org.matsim.core.controler.AbstractController:170 ### ITERATION 0 fires iteration end event
2025-12-16T15:24:36,172  INFO org.matsim.core.controler.ControlerListenerManagerImpl:172 calling notifyIterationEnds on org.matsim.core.controler.corelisteners.EventsHandlingImpl with priority 0.0
2025-12-16T15:24:36,172  INFO org.matsim.core.events.EventsManagerImpl:164 removing Event-Handler: org.matsim.core.events.algorithms.EventWriterXML
2025-12-16T15:24:36,172  INFO org.matsim.core.events.EventsManagerImpl:164 removing Event-Handler: org.matsim.core.events.algorithms.EventWriterXML
2025-12-16T15:24:36,172  INFO org.matsim.core.controler.ControlerListenerManagerImpl:172 calling notifyIterationEnds on org.matsim.core.scoring.PlansScoringImpl with priority 0.0
2025-12-16T15:24:36,173  INFO org.matsim.core.controler.ControlerListenerManagerImpl:180 calling notifyIterationEnds on org.matsim.counts.CountsControlerListener with priority 0.0
2025-12-16T15:24:36,173  INFO org.matsim.core.controler.ControlerListenerManagerImpl:180 calling notifyIterationEnds on org.matsim.analysis.ModeChoiceCoverageControlerListener with priority 0.0
2025-12-16T15:24:36,174  INFO org.matsim.analysis.ModeStatsControlerListener:144 -- mode choice coverage (1x) of mode car = 1.0
2025-12-16T15:24:36,174  INFO org.matsim.analysis.ModeStatsControlerListener:144 -- mode choice coverage (5x) of mode car = 0.0
2025-12-16T15:24:36,174  INFO org.matsim.analysis.ModeStatsControlerListener:144 -- mode choice coverage (10x) of mode car = 0.0
2025-12-16T15:24:36,175  INFO org.matsim.core.controler.ControlerListenerManagerImpl:180 calling notifyIterationEnds on org.matsim.analysis.ModeStatsControlerListener with priority 0.0
2025-12-16T15:24:36,175  INFO org.matsim.analysis.ModeStatsControlerListener:133 Mode shares over all 40.0 trips found. MainModeIdentifier: class org.matsim.core.router.DefaultAnalysisMainModeIdentifier
2025-12-16T15:24:36,175  INFO org.matsim.analysis.ModeStatsControlerListener:140 -- mode share of mode car = 1.0
2025-12-16T15:24:36,175  INFO org.matsim.core.controler.ControlerListenerManagerImpl:180 calling notifyIterationEnds on org.matsim.analysis.ScoreStatsControlerListener with priority 0.0
2025-12-16T15:24:36,176  INFO org.matsim.analysis.ScoreStatsControlerListener:154 -- avg. score of the executed plan of each agent: 141.33872946515322
2025-12-16T15:24:36,176  INFO org.matsim.analysis.ScoreStatsControlerListener:155 -- avg. score of the worst plan of each agent: 141.33872946515322
2025-12-16T15:24:36,176  INFO org.matsim.analysis.ScoreStatsControlerListener:156 -- avg. of the avg. plan score per agent: 141.33872946515322
2025-12-16T15:24:36,176  INFO org.matsim.analysis.ScoreStatsControlerListener:157 -- avg. score of the best plan of each agent: 141.33872946515322
2025-12-16T15:24:36,178  INFO org.matsim.core.controler.ControlerListenerManagerImpl:180 calling notifyIterationEnds on org.matsim.analysis.IterationTravelStatsControlerListener with priority 0.0
2025-12-16T15:24:36,180  INFO org.matsim.analysis.TravelDistanceStats:115 -- average leg distance per plan (executed plans only): 256.8154513380224 meters
2025-12-16T15:24:36,180  INFO org.matsim.analysis.TravelDistanceStats:116 average leg distance per Person (executed plans only): 513.6309026760448 meters (statistic on all 40 legs which have a finite distance)
2025-12-16T15:24:36,180  INFO org.matsim.analysis.TravelDistanceStats:117 -- average trip distance per plan (executed plans only): 256.8154513380224 meters
2025-12-16T15:24:36,180  INFO org.matsim.analysis.TravelDistanceStats:118 average trip distance per Person (executed plans only): 513.6309026760448 meters (statistic on all 40 trips which have a finite distance)
2025-12-16T15:24:36,180  INFO org.matsim.analysis.TravelDistanceStats:119 (TravelDistanceStats takes an average over all legs where the simulation reports travelled (network) distances
2025-12-16T15:24:36,180  INFO org.matsim.analysis.TravelDistanceStats:120 (and teleported legs whose route contains a distance.)
2025-12-16T15:24:36,195  INFO org.matsim.analysis.ActivityWriter:39 Writing all Activities to activitiescsv
2025-12-16T15:24:36,198  INFO org.matsim.analysis.ActivityWriter:59 ...done
2025-12-16T15:24:36,198  INFO org.matsim.core.controler.ControlerListenerManagerImpl:180 calling notifyIterationEnds on org.matsim.analysis.LegTimesControlerListener with priority 0.0
2025-12-16T15:24:36,198  INFO org.matsim.core.events.EventsManagerImpl:164 removing Event-Handler: org.matsim.analysis.CalcLegTimes
2025-12-16T15:24:36,198  INFO org.matsim.core.events.EventsManagerImpl:164 removing Event-Handler: org.matsim.analysis.CalcLegTimes
2025-12-16T15:24:36,198  INFO org.matsim.core.controler.ControlerListenerManagerImpl:180 calling notifyIterationEnds on org.matsim.analysis.LegHistogramListener with priority 0.0
2025-12-16T15:24:36,202  INFO org.matsim.analysis.LegHistogramListener:78 number of legs:	80	100%
2025-12-16T15:24:36,203  INFO org.matsim.analysis.LegHistogramListener:85 number of car legs:	80	100.0%
[INFO] Running: java -Xmx1g -cp /Users/ro9air/matsim-example-project/matsim-example-project-0.0.1-SNAPSHOT.jar org.matsim.project.RunMatsimApplication run --config /Users/ro9air/matsim-example-project/examples/osm_zero_to_matsim/scenario/config.xml --config:controller.outputDirectory /Users/ro9air/matsim-example-project/examples/osm_zero_to_matsim/scenario/output0 --config:controller.lastIteration 0
